enola graph: config /private/tmp/enola-summary-noop/correctness/cli-pairs/correctness-candidate-1/config.yaml
[graph] /private/tmp/enola-summary-noop/correctness/cli-pairs/correctness-candidate-1/product: generation 1→1 parsed=0 cached=6804 early_local=0 fallbacks=0
        2.23 real         1.85 user         1.01 sys
           365756416  maximum resident set size
                   0  average shared memory size
                   0  average unshared data size
                   0  average unshared stack size
               52298  page reclaims
                 236  page faults
                   0  swaps
                   0  block input operations
                   0  block output operations
                   4  messages sent
                   3  messages received
                 278  signals received
                  96  voluntary context switches
                8074  involuntary context switches
         26610433703  instructions retired
          8227071925  cycles elapsed
           346933696  peak memory footprint
