enola graph: config /tmp/enola-final-isolated-cli/config.yaml
[graph-profile] lock                               0.000s  total= 0.000s
[graph-profile] bind_identity                      0.000s  total= 0.000s
[graph-profile] open_journal                       0.000s  total= 0.000s
[graph-profile] replay_unacked                     0.000s  total= 0.000s
[graph-profile] load_state                         0.000s  total= 0.000s  files=0
[graph-profile] engine_walk_repo                   0.462s  files=11127 tests=0 all_names=11127
[graph-profile] inventory                          0.462s  total= 0.462s  files=11127 all_names=11127
[graph-profile] detect_go                          0.000s
[graph-profile] detect_manifests                   0.000s
[graph-profile] detect_mdintent                    0.000s
[graph-profile] detect_dotnet                      0.004s
[graph-profile] detect_cpp                         0.005s
[graph-profile] detect_hcl                         0.001s
[graph-profile] detect_ansible                     0.002s
[graph-profile] detect_java                        0.004s
[graph-profile] detect_kotlin                      0.004s
[graph-profile] detect_php                         0.000s
[graph-profile] detect_python                      0.000s
[graph-profile] detect_typescript                  0.001s
[graph-profile] detect_swift                       0.001s
[graph-profile] detect_ruby                        0.002s
[graph-profile] detect_rust                        0.001s
[graph-profile] detect_scala                       0.006s
[graph-profile] detect_dart                        0.002s
[graph-profile] detect_grpc                        0.426s
[graph-profile] detect_openapi                     0.422s
[graph-profile] detect_asyncapi                    0.442s
[graph-profile] detect_extractors                  0.442s  total= 0.905s  detected=6
[graph-profile] engine_hash_files                  0.171s  n=5209 hashed=5209 bytes=58935712
[graph-profile] hash_content_inputs                0.940s  total= 1.844s  targets=5209
[graph-profile] ts_config_inputs                   0.409s  n=83
[graph-profile] analysis_fingerprint               0.437s  total= 2.281s  cfg_files=59
[graph-profile] clone_file_state                   2.735s  total= 2.735s  n=0
[graph-profile] extractor_need                     0.005s  total= 2.740s  non_ts_need=true detected=6
[graph-profile] non_ts_extract                     0.406s  manifests facts=132
[graph-profile] non_ts_fingerprint                 0.000s  manifests
2026/09/21 12:31:26 [mdintent] 893 document(s), 8855 section(s), 3558 link(s) resolved on disk, 8264 not
[graph-profile] non_ts_extract                     0.133s  mdintent facts=9749
[graph-profile] non_ts_fingerprint                 0.016s  mdintent
[graph-profile] non_ts_extract                     0.000s  hcl facts=10
[graph-profile] non_ts_fingerprint                 0.000s  hcl
[graph-profile] non_ts_extract                     0.008s  python facts=91
[graph-profile] non_ts_fingerprint                 0.000s  python
[graph-profile] ts_dirty_scope                     0.576s  total= 3.317s  dirty=0 scope=4244 force=true
[graph-profile] ts_detect_frameworks               0.032s  total= 0.032s  files=4244
[graph-profile] ts_read_dirty                      0.068s  total= 0.099s  to_read=4244 cached=0
[graph-profile] ts_graphql_grpc_index              0.404s  total= 0.503s  ts_files=4244
2026/09/21 12:31:26 [ts-extractor] skipping minified/bundled file apps/architect-console/src/data/mobileAppMachineGraph.generated.ts
2026/09/21 12:31:26 [ts-extractor] skipping minified/bundled file apps/architect-console/src/data/onboardingProtectBehaviorGraphs.generated.ts
2026/09/21 12:31:26 [ts-extractor] skipping minified/bundled file apps/mobile/scripts/benchmark-affected-scenario-journeys-phase7.ts
2026/09/21 12:31:26 [ts-extractor] skipping minified/bundled file apps/mobile/scripts/generate-projected-screen-structures.mjs
2026/09/21 12:31:27 [ts-extractor] skipping minified/bundled file apps/mobile/src/components/figma/FigmaIcon.tsx
2026/09/21 12:31:27 [ts-extractor] skipping minified/bundled file apps/mobile/src/components/figma/cards/CourseCardCertificatePreview.tsx
2026/09/21 12:31:27 [ts-extractor] skipping minified/bundled file apps/mobile/src/components/figma/cards/assets/browserProtectionGlobe.ts
2026/09/21 12:31:27 [ts-extractor] skipping minified/bundled file apps/mobile/src/components/figma/cards/assets/stampFakeSealPaths.ts
2026/09/21 12:31:27 [ts-extractor] skipping minified/bundled file apps/mobile/src/components/figma/cards/assets/browserProtectionIllustrationGeometry.generated.ts
2026/09/21 12:31:27 [ts-extractor] skipping minified/bundled file apps/mobile/src/components/figma/cards/certificateBadgeSealPaint.ts
2026/09/21 12:31:27 [ts-extractor] skipping minified/bundled file apps/mobile/src/components/figma/cards/certificateWatermarkGeometry.ts
2026/09/21 12:31:27 [ts-extractor] skipping minified/bundled file apps/mobile/src/components/figma/cards/planDiscountTagExactSvg.ts
2026/09/21 12:31:27 [ts-extractor] skipping minified/bundled file apps/mobile/src/components/figma/generated/promotedFigmaComponentData.generated.ts
2026/09/21 12:31:27 [ts-extractor] skipping minified/bundled file apps/mobile/src/components/figma/icons/glass/glassIconGeometry.generated.ts
2026/09/21 12:31:27 [ts-extractor] skipping minified/bundled file apps/mobile/src/components/figma/icons/glass/glassIconSourceAuthority.generated.ts
2026/09/21 12:31:27 [ts-extractor] skipping minified/bundled file apps/mobile/src/components/figma/icons/glassIconLiveGeometry.ts
2026/09/21 12:31:27 [ts-extractor] skipping minified/bundled file apps/mobile/src/components/figma/vectorGeometry/exactSvg/badge-banner-3699-24547.ts
2026/09/21 12:31:27 [ts-extractor] skipping minified/bundled file apps/mobile/src/components/figma/vectorGeometry/exactSvg/certificate-badge-3699-10124.ts
2026/09/21 12:31:27 [ts-extractor] skipping minified/bundled file apps/mobile/src/components/figma/vectorGeometry/exactSvg/certificate-badge-symbol-3699-10128.ts
2026/09/21 12:31:27 [ts-extractor] skipping minified/bundled file apps/mobile/src/components/figma/vectorGeometry/exactSvg/certificate-badge-symbol-3699-10136.ts
2026/09/21 12:31:27 [ts-extractor] skipping minified/bundled file apps/mobile/src/components/figma/vectorGeometry/exactSvg/glass-icon-check-circle-success-3482-28947.ts
2026/09/21 12:31:27 [ts-extractor] skipping minified/bundled file apps/mobile/src/components/figma/vectorGeometry/exactSvg/glass-icon-check-circle.ts
2026/09/21 12:31:27 [ts-extractor] skipping minified/bundled file apps/mobile/src/components/figma/vectorGeometry/exactSvg/glass-icon-lock.ts
2026/09/21 12:31:27 [ts-extractor] skipping minified/bundled file apps/mobile/src/components/figma/vectorGeometry/exactSvg/glass-icon-pointer.ts
2026/09/21 12:31:27 [ts-extractor] skipping minified/bundled file apps/mobile/src/components/figma/vectorGeometry/exactSvg/glass-icon-shield-check.ts
2026/09/21 12:31:27 [ts-extractor] skipping minified/bundled file apps/mobile/src/components/figma/vectorGeometry/exactSvg/glass-icon-warning.ts
2026/09/21 12:31:27 [ts-extractor] skipping minified/bundled file apps/mobile/src/components/figma/vectorGeometry/exactSvg/proof-stat-leaves-left-2467-13111.ts
2026/09/21 12:31:27 [ts-extractor] skipping minified/bundled file apps/mobile/src/components/figma/vectorGeometry/exactSvg/proof-stat-leaves-right-2467-13112.ts
2026/09/21 12:31:27 [ts-extractor] skipping minified/bundled file apps/mobile/src/components/figma/vectorGeometry/pinnedDirectVectorLeaves/proof-stat-leaves-right-2467-13112.generated.ts
2026/09/21 12:31:27 [ts-extractor] skipping minified/bundled file apps/mobile/src/components/figma/vectorGeometry/pinnedDirectVectorGeometry.generated.ts
2026/09/21 12:31:27 [ts-extractor] skipping minified/bundled file apps/mobile/src/components/figma/vectorGeometry/pinnedDirectVectorLeaves/proof-stat-leaves-left-2467-13111.generated.ts
2026/09/21 12:31:27 [ts-extractor] skipping minified/bundled file apps/mobile/src/components/figma/vectorGeometry/pinnedExactFigmaSvgs.generated.ts
2026/09/21 12:31:27 [ts-extractor] skipping minified/bundled file apps/mobile/src/components/figma/vectorGeometry/pinnedGenericIconGeometry.generated.ts
2026/09/21 12:31:27 [ts-extractor] skipping minified/bundled file apps/mobile/src/components/figma/vectorGeometry/pinnedDomainVectorGeometry.generated.ts
2026/09/21 12:31:27 [ts-extractor] skipping minified/bundled file apps/mobile/src/components/figma/vectorGeometry/pinnedVectorPathConstants.ts
2026/09/21 12:31:27 [ts-extractor] skipping minified/bundled file apps/mobile/src/components/figma/vectorGeometry/pinnedInlineExactFigmaSvgs.ts
2026/09/21 12:31:28 [ts-extractor] skipping minified/bundled file apps/mobile/src/visual-diff/affectedGateBenchmarkStatusContract.ts
2026/09/21 12:31:28 [ts-extractor] skipping minified/bundled file apps/mobile/storybook-static/assets/Color-23OOGO2C-CFyZFonx.js
2026/09/21 12:31:28 [ts-extractor] skipping minified/bundled file apps/mobile/storybook-static/assets/DeepScan-DHvM5dCJ.js
2026/09/21 12:31:28 [ts-extractor] skipping minified/bundled file apps/mobile/storybook-static/assets/DocsRenderer-LL677BLK-BuIR6bZY.js
2026/09/21 12:31:28 [ts-extractor] skipping minified/bundled file apps/mobile/storybook-static/assets/ForgotPasswordReviewScreen-DrvQnIcW.js
2026/09/21 12:31:28 [ts-extractor] skipping minified/bundled file apps/mobile/storybook-static/assets/GetStartedFreeScreen-BnD4gdvs.js
2026/09/21 12:31:28 [ts-extractor] skipping minified/bundled file apps/mobile/storybook-static/assets/GetStartedScreen-DiHBSXQR.js
2026/09/21 12:31:28 [ts-extractor] skipping minified/bundled file apps/mobile/storybook-static/assets/LeakedLogo-DG0KS9dA.js
2026/09/21 12:31:28 [ts-extractor] skipping minified/bundled file apps/mobile/storybook-static/assets/MainAppShell-DykjRsCQ.js
2026/09/21 12:31:28 [ts-extractor] skipping minified/bundled file apps/mobile/storybook-static/assets/OnboardingFirstSessionScreen-Ccla2iGl.js
2026/09/21 12:31:28 [ts-extractor] skipping minified/bundled file apps/mobile/storybook-static/assets/PointsCard-UPQ-OhXY.js
2026/09/21 12:31:28 [ts-extractor] skipping minified/bundled file apps/mobile/storybook-static/assets/ProfileScreen-aoCBlYSa.js
2026/09/21 12:31:28 [ts-extractor] skipping minified/bundled file apps/mobile/storybook-static/assets/PricingContentContext-ENjeFjYN.js
2026/09/21 12:31:28 [ts-extractor] skipping minified/bundled file apps/mobile/storybook-static/assets/ProjectedFigmaScreen-B-0ULYBe.js
2026/09/21 12:31:28 [ts-extractor] skipping minified/bundled file apps/mobile/storybook-static/assets/ProtectFreeScreen-4DLtefNg.js
2026/09/21 12:31:28 [ts-extractor] skipping minified/bundled file apps/mobile/storybook-static/assets/ProtectSurface-CtgJS1RL.js
2026/09/21 12:31:28 [ts-extractor] skipping minified/bundled file apps/mobile/storybook-static/assets/RiskIndicatorDropMessage-f1IgdUCx.js
2026/09/21 12:31:28 [ts-extractor] skipping minified/bundled file apps/mobile/storybook-static/assets/ScreenBackgroundBlur-DBMfPfhN.js
2026/09/21 12:31:28 [ts-extractor] skipping minified/bundled file apps/mobile/storybook-static/assets/ScreenCompositionHost-WK6OxeVJ.js
2026/09/21 12:31:28 [ts-extractor] skipping minified/bundled file apps/mobile/storybook-static/assets/ScreenContentTransition-Bs4S8klL.js
2026/09/21 12:31:28 [ts-extractor] skipping minified/bundled file apps/mobile/storybook-static/assets/ScreenFigmaComparisonPanel-CvcgEIaM.js
2026/09/21 12:31:28 [ts-extractor] skipping minified/bundled file apps/mobile/storybook-static/assets/StatusBadge-DGggXXdu.js
2026/09/21 12:31:28 [ts-extractor] skipping minified/bundled file apps/mobile/storybook-static/assets/SubscriptionInfoCard-CX9utM5L.js
2026/09/21 12:31:28 [ts-extractor] skipping minified/bundled file apps/mobile/storybook-static/assets/TabBar-vMBrgBKe.js
2026/09/21 12:31:28 [ts-extractor] skipping minified/bundled file apps/mobile/storybook-static/assets/Toast-DoOWktSp.js
2026/09/21 12:31:28 [ts-extractor] skipping minified/bundled file apps/mobile/storybook-static/assets/WithTooltip-65CFNBJE-B3RsNAAg.js
2026/09/21 12:31:28 [ts-extractor] skipping minified/bundled file apps/mobile/storybook-static/assets/chunk-3LY4VQVK-DCoUZ6n4.js
2026/09/21 12:31:28 [ts-extractor] skipping minified/bundled file apps/mobile/storybook-static/assets/chunk-LITCR56V-JVUNf0OC.js
2026/09/21 12:31:28 [ts-extractor] skipping minified/bundled file apps/mobile/storybook-static/assets/components-BtTjbzAC.js
2026/09/21 12:31:28 [ts-extractor] skipping minified/bundled file apps/mobile/storybook-static/assets/deepscan-components.stories-DuUlNjuO.js
2026/09/21 12:31:28 [ts-extractor] skipping minified/bundled file apps/mobile/storybook-static/assets/figma-components.stories-LvwegD9L.js
2026/09/21 12:31:28 [ts-extractor] skipping minified/bundled file apps/mobile/storybook-static/assets/figmaScreenStructures.generated-JjgbhcQt.js
2026/09/21 12:31:28 [ts-extractor] skipping minified/bundled file apps/mobile/storybook-static/assets/forgot-password.stories-BIhZW3ml.js
2026/09/21 12:31:28 [ts-extractor] skipping minified/bundled file apps/mobile/storybook-static/assets/generatedFigmaComponents-DmjMpYnh.js
2026/09/21 12:31:28 [ts-extractor] skipping minified/bundled file apps/mobile/storybook-static/assets/get-started-free.stories-BDbRpoO2.js
2026/09/21 12:31:28 [ts-extractor] skipping minified/bundled file apps/mobile/storybook-static/assets/get-started.stories-CvUR968C.js
2026/09/21 12:31:28 [ts-extractor] skipping minified/bundled file apps/mobile/storybook-static/assets/getStartedDataSlotSource-Rr5d3rz_.js
2026/09/21 12:31:28 [ts-extractor] skipping minified/bundled file apps/mobile/storybook-static/assets/iframe-D-RxKruK.js
2026/09/21 12:31:28 [ts-extractor] skipping minified/bundled file apps/mobile/storybook-static/assets/legalLinks-CB7C40_C.js
2026/09/21 12:31:28 [ts-extractor] skipping minified/bundled file apps/mobile/storybook-static/assets/onboardingBackgroundMorph-CeKD0Tk0.js
2026/09/21 12:31:28 [ts-extractor] skipping minified/bundled file apps/mobile/storybook-static/assets/onboardingDataSlotSource-qPx6fUNU.js
2026/09/21 12:31:28 [ts-extractor] skipping minified/bundled file apps/mobile/storybook-static/assets/onyxStoryMetadata-Bq_5Th--.js
2026/09/21 12:31:28 [ts-extractor] skipping minified/bundled file apps/mobile/storybook-static/assets/profile.stories-DlPoX8YC.js
2026/09/21 12:31:28 [ts-extractor] skipping minified/bundled file apps/mobile/storybook-static/assets/pricingFixtures.generated-CEiD1ca2.js
2026/09/21 12:31:28 [ts-extractor] skipping minified/bundled file apps/mobile/storybook-static/assets/protect-task.stories-dOTaLEMy.js
2026/09/21 12:31:28 [ts-extractor] skipping minified/bundled file apps/mobile/storybook-static/assets/protectSteadyStateStoryKit-BPtgP0dI.js
2026/09/21 12:31:28 [ts-extractor] skipping minified/bundled file apps/mobile/storybook-static/assets/quiz-flow.stories-NeKa839I.js
2026/09/21 12:31:28 [ts-extractor] skipping minified/bundled file apps/mobile/storybook-static/assets/quiz-flow.stories-NppO7NZx.js
2026/09/21 12:31:28 [ts-extractor] skipping minified/bundled file apps/mobile/storybook-static/assets/react-18-BfUV1oqG.js
2026/09/21 12:31:28 [ts-extractor] skipping minified/bundled file apps/mobile/storybook-static/assets/screen-structure-components.stories-BrmjAFna.js
2026/09/21 12:31:28 [ts-extractor] skipping minified/bundled file apps/mobile/storybook-static/assets/screenBackgroundMorph-RdKWbQdJ.js
2026/09/21 12:31:28 [ts-extractor] skipping minified/bundled file apps/mobile/storybook-static/assets/screenReviewStoryKit-Dt_Rkzsv.js
2026/09/21 12:31:28 [ts-extractor] skipping minified/bundled file apps/mobile/storybook-static/assets/screenStructureStoryKit-ComKfaDB.js
2026/09/21 12:31:28 [ts-extractor] skipping minified/bundled file apps/mobile/storybook-static/assets/theming-BRkukHDK.js
2026/09/21 12:31:28 [ts-extractor] skipping minified/bundled file apps/mobile/storybook-static/sb-addons/docs-1/manager-bundle.js
2026/09/21 12:31:28 [ts-extractor] skipping minified/bundled file apps/mobile/storybook-static/assets/syntaxhighlighter-W7WJGI2T-BKWqXrBS.js
2026/09/21 12:31:28 [ts-extractor] skipping minified/bundled file apps/mobile/storybook-static/assets/train.stories-Dz3ntN8J.js
2026/09/21 12:31:28 [ts-extractor] skipping minified/bundled file apps/mobile/storybook-static/sb-addons/storybook-core-server-presets-0/common-manager-bundle.js
2026/09/21 12:31:28 [ts-extractor] skipping minified/bundled file apps/mobile/storybook-static/vite-inject-mocker-entry.js
2026/09/21 12:31:28 [ts-extractor] skipping minified/bundled file apps/mobile/storybook-static/sb-manager/runtime.js
2026/09/21 12:31:28 [ts-extractor] skipping minified/bundled file apps/mobile/storybook-static/sb-manager/globals-runtime.js
2026/09/21 12:31:29 [ts-extractor] skipping minified/bundled file scripts/deploy/t013-build-service-release.mjs
2026/09/21 12:31:29 [ts-extractor] skipping minified/bundled file scripts/deploy/t013-pulumi-role-handoff.mjs
2026/09/21 12:31:29 [ts-extractor] skipping minified/bundled file scripts/deploy/t013-q006-transaction-core.test.mjs
[graph-profile] ts_mapfiles_aggregate              3.087s  total= 3.590s  parsed=4144 facts=59318 routers=0
[graph-profile] ts_compose_modules                 0.418s  total= 4.007s  facts=59753 records=4244 unread=0
[graph-profile] ts_extract_session                 4.080s  total= 7.397s  parsed=4144 cached=0 facts=59753 records=4244
[graph-profile] non_ts_extract                     0.028s  swift facts=19
[graph-profile] non_ts_fingerprint                 0.000s  swift
[graph-profile] assemble_new_files                 0.728s  total= 8.125s  new=5190 ts_noop=false non_ts_need=true skip=false facts=69754
[graph-profile] index_group_owners                 0.019s  total= 8.144s  facts=69754 owners=5510
[graph-profile] publish_resolved                   2.793s  total=10.937s  owners=5510
[graph-profile] revalidate_ts_records              0.143s  total=11.079s  n=4244
[graph-profile] ts_config_inputs                   0.410s  n=83
[graph-profile] state_json_marshal                 0.123s  bytes=51338747 files=5190
[graph-profile] write_pending_state                1.010s  total=12.090s
[graph-profile] end_flush_promote                  0.291s  total=12.381s  parsed=4144 published=5510
[graph] /tmp/enola-product-benchmark-source: generation 0→1 parsed=4144 cached=0 early_local=4144 fallbacks=5
[graph] fallback manifests: all files owned by extractor (no per-file incremental session; whole-extractor re-run)
[graph] fallback mdintent: all files owned by extractor (no per-file incremental session; whole-extractor re-run)
[graph] fallback hcl: all files owned by extractor (no per-file incremental session; whole-extractor re-run)
[graph] fallback python: all files owned by extractor (no per-file incremental session; whole-extractor re-run)
[graph] fallback swift: all files owned by extractor (no per-file incremental session; whole-extractor re-run)
       14.55 real        29.53 user         1.94 sys
           913784832  maximum resident set size
                   0  average shared memory size
                   0  average unshared data size
                   0  average unshared stack size
               81694  page reclaims
                 266  page faults
                   0  swaps
                   0  block input operations
                   0  block output operations
                5191  messages sent
                2868  messages received
                2349  signals received
                4406  voluntary context switches
               87568  involuntary context switches
        360578830089  instructions retired
         94409682928  cycles elapsed
           873025216  peak memory footprint
