START r1-old-initial
DONE r1-old-initial 9.877 None
START r1-old-noop
DONE r1-old-noop 4.523 None
START r1-new-initial
DONE r1-new-initial 9.806 {'Invalidation': {'RawConfigChanged': False, 'PolicyReconciled': False, 'AddedSources': 0, 'RemovedSources': 0, 'ContextAffectedSources': 0, 'ContextReasons': None, 'ParsedByReason': {'initial': 4144}}, 'RunID': '/tmp/enola-product-benchmark-source-enola-coalesced-acceptance-cli-main1-1-1789985639412918000', 'BaseGeneration': 0, 'TargetGeneration': 1, 'Stats': {'files_read': 4244, 'files_parsed': 4144, 'cached_files': 0, 'graphql_parsed': 2, 'sfc_parsed': 17, 'summary_scans': 0}, 'Fallbacks': [{'extractor': 'manifests', 'scope': 'all files owned by extractor', 'reason': 'no per-file incremental session; whole-extractor re-run'}, {'extractor': 'mdintent', 'scope': 'all files owned by extractor', 'reason': 'no per-file incremental session; whole-extractor re-run'}, {'extractor': 'hcl', 'scope': 'all files owned by extractor', 'reason': 'no per-file incremental session; whole-extractor re-run'}, {'extractor': 'python', 'scope': 'all files owned by extractor', 'reason': 'no per-file incremental session; whole-extractor re-run'}, {'extractor': 'swift', 'scope': 'all files owned by extractor', 'reason': 'no per-file incremental session; whole-extractor re-run'}], 'Unreadable': None, 'OwnersPublished': 5510, 'ParsedFiles': 4144, 'EarlyLocal': 4144}
START r1-new-noop
DONE r1-new-noop 2.057 {'Invalidation': {'RawConfigChanged': False, 'PolicyReconciled': False, 'AddedSources': 0, 'RemovedSources': 0, 'ContextAffectedSources': 0, 'ContextReasons': None, 'ParsedByReason': {}}, 'RunID': '', 'BaseGeneration': 1, 'TargetGeneration': 1, 'Stats': {'files_read': 0, 'files_parsed': 0, 'cached_files': 4244, 'graphql_parsed': 0, 'sfc_parsed': 0, 'summary_scans': 0}, 'Fallbacks': None, 'Unreadable': None, 'OwnersPublished': 0, 'ParsedFiles': 0, 'EarlyLocal': 0}
START r1-old-body
DONE r1-old-body 10.825 None
START r1-new-body
DONE r1-new-body 2.916 {'Invalidation': {'RawConfigChanged': False, 'PolicyReconciled': False, 'AddedSources': 0, 'RemovedSources': 0, 'ContextAffectedSources': 0, 'ContextReasons': None, 'ParsedByReason': {'source content': 1}}, 'RunID': '/tmp/enola-product-benchmark-source-enola-coalesced-acceptance-cli-main1-2-1789985667850601000', 'BaseGeneration': 1, 'TargetGeneration': 2, 'Stats': {'files_read': 1, 'files_parsed': 1, 'cached_files': 4243, 'graphql_parsed': 0, 'sfc_parsed': 0, 'summary_scans': 0}, 'Fallbacks': None, 'Unreadable': None, 'OwnersPublished': 86, 'ParsedFiles': 1, 'EarlyLocal': 1}
START r1-old-structural
DONE r1-old-structural 11.408 None
START r1-new-structural
DONE r1-new-structural 3.002 {'Invalidation': {'RawConfigChanged': False, 'PolicyReconciled': False, 'AddedSources': 0, 'RemovedSources': 0, 'ContextAffectedSources': 0, 'ContextReasons': None, 'ParsedByReason': {'resolution': 1, 'source content': 1}}, 'RunID': '/tmp/enola-product-benchmark-source-enola-coalesced-acceptance-cli-main1-3-1789985688362880000', 'BaseGeneration': 2, 'TargetGeneration': 3, 'Stats': {'files_read': 2, 'files_parsed': 2, 'cached_files': 4243, 'graphql_parsed': 0, 'sfc_parsed': 0, 'summary_scans': 0}, 'Fallbacks': None, 'Unreadable': None, 'OwnersPublished': 87, 'ParsedFiles': 2, 'EarlyLocal': 2}
START r2-old-initial
DONE r2-old-initial 10.189 None
START r2-old-noop
DONE r2-old-noop 4.529 None
START r2-new-initial
DONE r2-new-initial 9.071 {'Invalidation': {'RawConfigChanged': False, 'PolicyReconciled': False, 'AddedSources': 0, 'RemovedSources': 0, 'ContextAffectedSources': 0, 'ContextReasons': None, 'ParsedByReason': {'initial': 4144}}, 'RunID': '/tmp/enola-product-benchmark-source-enola-coalesced-acceptance-cli-main2-1-1789985712678429000', 'BaseGeneration': 0, 'TargetGeneration': 1, 'Stats': {'files_read': 4244, 'files_parsed': 4144, 'cached_files': 0, 'graphql_parsed': 2, 'sfc_parsed': 17, 'summary_scans': 0}, 'Fallbacks': [{'extractor': 'manifests', 'scope': 'all files owned by extractor', 'reason': 'no per-file incremental session; whole-extractor re-run'}, {'extractor': 'mdintent', 'scope': 'all files owned by extractor', 'reason': 'no per-file incremental session; whole-extractor re-run'}, {'extractor': 'hcl', 'scope': 'all files owned by extractor', 'reason': 'no per-file incremental session; whole-extractor re-run'}, {'extractor': 'python', 'scope': 'all files owned by extractor', 'reason': 'no per-file incremental session; whole-extractor re-run'}, {'extractor': 'swift', 'scope': 'all files owned by extractor', 'reason': 'no per-file incremental session; whole-extractor re-run'}], 'Unreadable': None, 'OwnersPublished': 5510, 'ParsedFiles': 4144, 'EarlyLocal': 4144}
START r2-new-noop
DONE r2-new-noop 2.082 {'Invalidation': {'RawConfigChanged': False, 'PolicyReconciled': False, 'AddedSources': 0, 'RemovedSources': 0, 'ContextAffectedSources': 0, 'ContextReasons': None, 'ParsedByReason': {}}, 'RunID': '', 'BaseGeneration': 1, 'TargetGeneration': 1, 'Stats': {'files_read': 0, 'files_parsed': 0, 'cached_files': 4244, 'graphql_parsed': 0, 'sfc_parsed': 0, 'summary_scans': 0}, 'Fallbacks': None, 'Unreadable': None, 'OwnersPublished': 0, 'ParsedFiles': 0, 'EarlyLocal': 0}
START r2-old-body
DONE r2-old-body 10.705 None
START r2-new-body
DONE r2-new-body 2.927 {'Invalidation': {'RawConfigChanged': False, 'PolicyReconciled': False, 'AddedSources': 0, 'RemovedSources': 0, 'ContextAffectedSources': 0, 'ContextReasons': None, 'ParsedByReason': {'source content': 1}}, 'RunID': '/tmp/enola-product-benchmark-source-enola-coalesced-acceptance-cli-main2-2-1789985741233346000', 'BaseGeneration': 1, 'TargetGeneration': 2, 'Stats': {'files_read': 1, 'files_parsed': 1, 'cached_files': 4243, 'graphql_parsed': 0, 'sfc_parsed': 0, 'summary_scans': 0}, 'Fallbacks': None, 'Unreadable': None, 'OwnersPublished': 86, 'ParsedFiles': 1, 'EarlyLocal': 1}
START r2-old-structural
DONE r2-old-structural 11.658 None
START r2-new-structural
DONE r2-new-structural 3.039 {'Invalidation': {'RawConfigChanged': False, 'PolicyReconciled': False, 'AddedSources': 0, 'RemovedSources': 0, 'ContextAffectedSources': 0, 'ContextReasons': None, 'ParsedByReason': {'resolution': 1, 'source content': 1}}, 'RunID': '/tmp/enola-product-benchmark-source-enola-coalesced-acceptance-cli-main2-3-1789985762042875000', 'BaseGeneration': 2, 'TargetGeneration': 3, 'Stats': {'files_read': 2, 'files_parsed': 2, 'cached_files': 4243, 'graphql_parsed': 0, 'sfc_parsed': 0, 'summary_scans': 0}, 'Fallbacks': None, 'Unreadable': None, 'OwnersPublished': 87, 'ParsedFiles': 2, 'EarlyLocal': 2}
START r3-old-initial
DONE r3-old-initial 10.192 None
START r3-old-noop
DONE r3-old-noop 4.576 None
START r3-new-initial
DONE r3-new-initial 9.119 {'Invalidation': {'RawConfigChanged': False, 'PolicyReconciled': False, 'AddedSources': 0, 'RemovedSources': 0, 'ContextAffectedSources': 0, 'ContextReasons': None, 'ParsedByReason': {'initial': 4144}}, 'RunID': '/tmp/enola-product-benchmark-source-enola-coalesced-acceptance-cli-main3-1-1789985786345891000', 'BaseGeneration': 0, 'TargetGeneration': 1, 'Stats': {'files_read': 4244, 'files_parsed': 4144, 'cached_files': 0, 'graphql_parsed': 2, 'sfc_parsed': 17, 'summary_scans': 0}, 'Fallbacks': [{'extractor': 'manifests', 'scope': 'all files owned by extractor', 'reason': 'no per-file incremental session; whole-extractor re-run'}, {'extractor': 'mdintent', 'scope': 'all files owned by extractor', 'reason': 'no per-file incremental session; whole-extractor re-run'}, {'extractor': 'hcl', 'scope': 'all files owned by extractor', 'reason': 'no per-file incremental session; whole-extractor re-run'}, {'extractor': 'python', 'scope': 'all files owned by extractor', 'reason': 'no per-file incremental session; whole-extractor re-run'}, {'extractor': 'swift', 'scope': 'all files owned by extractor', 'reason': 'no per-file incremental session; whole-extractor re-run'}], 'Unreadable': None, 'OwnersPublished': 5510, 'ParsedFiles': 4144, 'EarlyLocal': 4144}
START r3-new-noop
DONE r3-new-noop 2.078 {'Invalidation': {'RawConfigChanged': False, 'PolicyReconciled': False, 'AddedSources': 0, 'RemovedSources': 0, 'ContextAffectedSources': 0, 'ContextReasons': None, 'ParsedByReason': {}}, 'RunID': '', 'BaseGeneration': 1, 'TargetGeneration': 1, 'Stats': {'files_read': 0, 'files_parsed': 0, 'cached_files': 4244, 'graphql_parsed': 0, 'sfc_parsed': 0, 'summary_scans': 0}, 'Fallbacks': None, 'Unreadable': None, 'OwnersPublished': 0, 'ParsedFiles': 0, 'EarlyLocal': 0}
START r3-old-body
DONE r3-old-body 10.644 None
START r3-new-body
DONE r3-new-body 2.955 {'Invalidation': {'RawConfigChanged': False, 'PolicyReconciled': False, 'AddedSources': 0, 'RemovedSources': 0, 'ContextAffectedSources': 0, 'ContextReasons': None, 'ParsedByReason': {'source content': 1}}, 'RunID': '/tmp/enola-product-benchmark-source-enola-coalesced-acceptance-cli-main3-2-1789985814821730000', 'BaseGeneration': 1, 'TargetGeneration': 2, 'Stats': {'files_read': 1, 'files_parsed': 1, 'cached_files': 4243, 'graphql_parsed': 0, 'sfc_parsed': 0, 'summary_scans': 0}, 'Fallbacks': None, 'Unreadable': None, 'OwnersPublished': 86, 'ParsedFiles': 1, 'EarlyLocal': 1}
START r3-old-structural
DONE r3-old-structural 11.476 None
START r3-new-structural
DONE r3-new-structural 3.086 {'Invalidation': {'RawConfigChanged': False, 'PolicyReconciled': False, 'AddedSources': 0, 'RemovedSources': 0, 'ContextAffectedSources': 0, 'ContextReasons': None, 'ParsedByReason': {'resolution': 1, 'source content': 1}}, 'RunID': '/tmp/enola-product-benchmark-source-enola-coalesced-acceptance-cli-main3-3-1789985835551926000', 'BaseGeneration': 2, 'TargetGeneration': 3, 'Stats': {'files_read': 2, 'files_parsed': 2, 'cached_files': 4243, 'graphql_parsed': 0, 'sfc_parsed': 0, 'summary_scans': 0}, 'Fallbacks': None, 'Unreadable': None, 'OwnersPublished': 87, 'ParsedFiles': 2, 'EarlyLocal': 2}
START cold-structural
DONE cold-structural 8.887 {'Invalidation': {'RawConfigChanged': False, 'PolicyReconciled': False, 'AddedSources': 0, 'RemovedSources': 0, 'ContextAffectedSources': 0, 'ContextReasons': None, 'ParsedByReason': {'initial': 4144}}, 'RunID': '/tmp/enola-product-benchmark-source-enola-coalesced-acceptance-cli-cold-structural-1-1789985838702621000', 'BaseGeneration': 0, 'TargetGeneration': 1, 'Stats': {'files_read': 4244, 'files_parsed': 4144, 'cached_files': 0, 'graphql_parsed': 2, 'sfc_parsed': 17, 'summary_scans': 0}, 'Fallbacks': [{'extractor': 'manifests', 'scope': 'all files owned by extractor', 'reason': 'no per-file incremental session; whole-extractor re-run'}, {'extractor': 'mdintent', 'scope': 'all files owned by extractor', 'reason': 'no per-file incremental session; whole-extractor re-run'}, {'extractor': 'hcl', 'scope': 'all files owned by extractor', 'reason': 'no per-file incremental session; whole-extractor re-run'}, {'extractor': 'python', 'scope': 'all files owned by extractor', 'reason': 'no per-file incremental session; whole-extractor re-run'}, {'extractor': 'swift', 'scope': 'all files owned by extractor', 'reason': 'no per-file incremental session; whole-extractor re-run'}], 'Unreadable': None, 'OwnersPublished': 5510, 'ParsedFiles': 4144, 'EarlyLocal': 4144}
START cold-body
DONE cold-body 9.011 {'Invalidation': {'RawConfigChanged': False, 'PolicyReconciled': False, 'AddedSources': 0, 'RemovedSources': 0, 'ContextAffectedSources': 0, 'ContextReasons': None, 'ParsedByReason': {'initial': 4144}}, 'RunID': '/tmp/enola-product-benchmark-source-enola-coalesced-acceptance-cli-cold-body-1-1789985848115238000', 'BaseGeneration': 0, 'TargetGeneration': 1, 'Stats': {'files_read': 4244, 'files_parsed': 4144, 'cached_files': 0, 'graphql_parsed': 2, 'sfc_parsed': 17, 'summary_scans': 0}, 'Fallbacks': [{'extractor': 'manifests', 'scope': 'all files owned by extractor', 'reason': 'no per-file incremental session; whole-extractor re-run'}, {'extractor': 'mdintent', 'scope': 'all files owned by extractor', 'reason': 'no per-file incremental session; whole-extractor re-run'}, {'extractor': 'hcl', 'scope': 'all files owned by extractor', 'reason': 'no per-file incremental session; whole-extractor re-run'}, {'extractor': 'python', 'scope': 'all files owned by extractor', 'reason': 'no per-file incremental session; whole-extractor re-run'}, {'extractor': 'swift', 'scope': 'all files owned by extractor', 'reason': 'no per-file incremental session; whole-extractor re-run'}], 'Unreadable': None, 'OwnersPublished': 5510, 'ParsedFiles': 4144, 'EarlyLocal': 4144}
START cold-original
DONE cold-original 8.991 {'Invalidation': {'RawConfigChanged': False, 'PolicyReconciled': False, 'AddedSources': 0, 'RemovedSources': 0, 'ContextAffectedSources': 0, 'ContextReasons': None, 'ParsedByReason': {'initial': 4144}}, 'RunID': '/tmp/enola-product-benchmark-source-enola-coalesced-acceptance-cli-cold-original-1-1789985857650039000', 'BaseGeneration': 0, 'TargetGeneration': 1, 'Stats': {'files_read': 4244, 'files_parsed': 4144, 'cached_files': 0, 'graphql_parsed': 2, 'sfc_parsed': 17, 'summary_scans': 0}, 'Fallbacks': [{'extractor': 'manifests', 'scope': 'all files owned by extractor', 'reason': 'no per-file incremental session; whole-extractor re-run'}, {'extractor': 'mdintent', 'scope': 'all files owned by extractor', 'reason': 'no per-file incremental session; whole-extractor re-run'}, {'extractor': 'hcl', 'scope': 'all files owned by extractor', 'reason': 'no per-file incremental session; whole-extractor re-run'}, {'extractor': 'python', 'scope': 'all files owned by extractor', 'reason': 'no per-file incremental session; whole-extractor re-run'}, {'extractor': 'swift', 'scope': 'all files owned by extractor', 'reason': 'no per-file incremental session; whole-extractor re-run'}], 'Unreadable': None, 'OwnersPublished': 5510, 'ParsedFiles': 4144, 'EarlyLocal': 4144}
CHECKS [{'check': 'r1-new-noop no-op', 'pass': True}, {'check': 'r2-new-noop no-op', 'pass': True}, {'check': 'r3-new-noop no-op', 'pass': True}, {'check': 'r1-new-initial cold graph equality', 'pass': True}, {'check': 'r2-new-initial cold graph equality', 'pass': True}, {'check': 'r3-new-initial cold graph equality', 'pass': True}, {'check': 'r1-new-body cold graph equality', 'pass': True}, {'check': 'r2-new-body cold graph equality', 'pass': True}, {'check': 'r3-new-body cold graph equality', 'pass': True}, {'check': 'r1-new-structural cold graph equality', 'pass': True}, {'check': 'r2-new-structural cold graph equality', 'pass': True}, {'check': 'r3-new-structural cold graph equality', 'pass': True}]
