gc 1 @0.003s 6%: 0.018+0.43+0.19 ms clock, 0.18+0.027/0.67/0.20+1.9 ms cpu, 3->4->1 MB, 4 MB goal, 0 MB stacks, 0 MB globals, 10 P
gc 2 @0.019s 2%: 0.063+0.84+0.003 ms clock, 0.63+0/1.9/0.80+0.039 ms cpu, 3->3->2 MB, 4 MB goal, 0 MB stacks, 0 MB globals, 10 P
gc 3 @0.046s 1%: 0.12+0.61+0.004 ms clock, 1.2+0/1.3/0.56+0.042 ms cpu, 9->9->9 MB, 9 MB goal, 0 MB stacks, 0 MB globals, 10 P
gc 4 @0.071s 1%: 0.092+0.76+0.003 ms clock, 0.92+0/1.5/0.83+0.039 ms cpu, 19->19->8 MB, 19 MB goal, 0 MB stacks, 0 MB globals, 10 P
gc 5 @0.074s 1%: 0.017+1.1+0.013 ms clock, 0.17+0/1.7/0.47+0.13 ms cpu, 16->16->14 MB, 16 MB goal, 0 MB stacks, 0 MB globals, 10 P
gc 6 @0.116s 1%: 0.039+0.49+0.16 ms clock, 0.39+0/1.1/0.78+1.6 ms cpu, 27->27->8 MB, 28 MB goal, 0 MB stacks, 0 MB globals, 10 P
gc 7 @0.195s 0%: 0.045+0.60+0.009 ms clock, 0.45+0.053/1.1/0.96+0.090 ms cpu, 16->16->10 MB, 17 MB goal, 0 MB stacks, 0 MB globals, 10 P
gc 8 @0.311s 0%: 0.12+0.79+0.014 ms clock, 1.2+0.043/2.0/1.8+0.14 ms cpu, 19->19->12 MB, 20 MB goal, 0 MB stacks, 0 MB globals, 10 P
enola graph: config /private/tmp/enola-stage16-root-review/memory-diagnostic/correctness-baseline-1/config.yaml
gc 9 @0.335s 0%: 0.035+0.74+0.018 ms clock, 0.35+0/1.3/1.1+0.18 ms cpu, 76->76->65 MB, 76 MB goal, 0 MB stacks, 0 MB globals, 10 P
gc 10 @0.505s 0%: 0.042+2.1+0.010 ms clock, 0.42+0.019/6.0/10+0.10 ms cpu, 128->129->102 MB, 131 MB goal, 0 MB stacks, 0 MB globals, 10 P
gc 11 @0.772s 0%: 0.15+7.1+0.004 ms clock, 1.5+0.031/21/40+0.044 ms cpu, 201->201->87 MB, 205 MB goal, 0 MB stacks, 0 MB globals, 10 P
gc 12 @1.243s 0%: 0.061+5.1+0.011 ms clock, 0.61+0.026/14/24+0.11 ms cpu, 168->169->92 MB, 174 MB goal, 0 MB stacks, 0 MB globals, 10 P
gc 13 @1.521s 0%: 0.062+5.8+0.014 ms clock, 0.62+0/16/24+0.14 ms cpu, 179->180->94 MB, 185 MB goal, 0 MB stacks, 0 MB globals, 10 P
2026/09/25 00:03:29 [ts-extractor] skipping minified/bundled file apps/mobile/storybook-static/assets/DeepScan-DHvM5dCJ.js
2026/09/25 00:03:29 [ts-extractor] skipping minified/bundled file apps/mobile/storybook-static/assets/Color-23OOGO2C-CFyZFonx.js
2026/09/25 00:03:29 [ts-extractor] skipping minified/bundled file apps/mobile/storybook-static/assets/OnboardingFirstSessionScreen-Ccla2iGl.js
2026/09/25 00:03:29 [ts-extractor] skipping minified/bundled file apps/mobile/storybook-static/assets/GetStartedFreeScreen-BnD4gdvs.js
2026/09/25 00:03:29 [ts-extractor] skipping minified/bundled file apps/mobile/storybook-static/assets/MainAppShell-DykjRsCQ.js
2026/09/25 00:03:29 [ts-extractor] skipping minified/bundled file apps/mobile/storybook-static/assets/GetStartedScreen-DiHBSXQR.js
2026/09/25 00:03:29 [ts-extractor] skipping minified/bundled file apps/mobile/storybook-static/assets/PointsCard-UPQ-OhXY.js
2026/09/25 00:03:29 [ts-extractor] skipping minified/bundled file apps/mobile/storybook-static/assets/PricingContentContext-ENjeFjYN.js
2026/09/25 00:03:29 [ts-extractor] skipping minified/bundled file apps/mobile/storybook-static/assets/LeakedLogo-DG0KS9dA.js
2026/09/25 00:03:29 [ts-extractor] skipping minified/bundled file apps/mobile/storybook-static/assets/ProtectFreeScreen-4DLtefNg.js
2026/09/25 00:03:29 [ts-extractor] skipping minified/bundled file apps/mobile/storybook-static/assets/ScreenFigmaComparisonPanel-CvcgEIaM.js
2026/09/25 00:03:29 [ts-extractor] skipping minified/bundled file apps/mobile/storybook-static/assets/ProjectedFigmaScreen-B-0ULYBe.js
2026/09/25 00:03:29 [ts-extractor] skipping minified/bundled file apps/mobile/storybook-static/assets/ScreenCompositionHost-WK6OxeVJ.js
2026/09/25 00:03:29 [ts-extractor] skipping minified/bundled file apps/mobile/storybook-static/assets/RiskIndicatorDropMessage-f1IgdUCx.js
2026/09/25 00:03:29 [ts-extractor] skipping minified/bundled file apps/mobile/storybook-static/assets/DocsRenderer-LL677BLK-BuIR6bZY.js
2026/09/25 00:03:29 [ts-extractor] skipping minified/bundled file apps/mobile/storybook-static/assets/ScreenContentTransition-Bs4S8klL.js
2026/09/25 00:03:29 [ts-extractor] skipping minified/bundled file apps/mobile/storybook-static/assets/ProfileScreen-aoCBlYSa.js
2026/09/25 00:03:29 [ts-extractor] skipping minified/bundled file apps/mobile/storybook-static/assets/SubscriptionInfoCard-CX9utM5L.js
2026/09/25 00:03:29 [ts-extractor] skipping minified/bundled file apps/mobile/storybook-static/assets/chunk-3LY4VQVK-DCoUZ6n4.js
2026/09/25 00:03:29 [ts-extractor] skipping minified/bundled file apps/mobile/storybook-static/assets/StatusBadge-DGggXXdu.js
2026/09/25 00:03:29 [ts-extractor] skipping minified/bundled file apps/mobile/storybook-static/assets/TabBar-vMBrgBKe.js
2026/09/25 00:03:29 [ts-extractor] skipping minified/bundled file apps/mobile/storybook-static/assets/chunk-LITCR56V-JVUNf0OC.js
2026/09/25 00:03:29 [ts-extractor] skipping minified/bundled file apps/mobile/storybook-static/assets/deepscan-components.stories-DuUlNjuO.js
2026/09/25 00:03:29 [ts-extractor] skipping minified/bundled file apps/mobile/storybook-static/assets/WithTooltip-65CFNBJE-B3RsNAAg.js
2026/09/25 00:03:29 [ts-extractor] skipping minified/bundled file apps/mobile/storybook-static/assets/ProtectSurface-CtgJS1RL.js
2026/09/25 00:03:29 [ts-extractor] skipping minified/bundled file apps/mobile/storybook-static/assets/legalLinks-CB7C40_C.js
2026/09/25 00:03:29 [ts-extractor] skipping minified/bundled file apps/mobile/storybook-static/assets/getStartedDataSlotSource-Rr5d3rz_.js
2026/09/25 00:03:29 [ts-extractor] skipping minified/bundled file apps/mobile/storybook-static/assets/figma-components.stories-LvwegD9L.js
2026/09/25 00:03:29 [ts-extractor] skipping minified/bundled file apps/mobile/storybook-static/assets/onboardingDataSlotSource-qPx6fUNU.js
2026/09/25 00:03:29 [ts-extractor] skipping minified/bundled file apps/mobile/storybook-static/assets/pricingFixtures.generated-CEiD1ca2.js
2026/09/25 00:03:29 [ts-extractor] skipping minified/bundled file apps/mobile/storybook-static/assets/profile.stories-DlPoX8YC.js
2026/09/25 00:03:29 [ts-extractor] skipping minified/bundled file apps/mobile/storybook-static/assets/Toast-DoOWktSp.js
2026/09/25 00:03:29 [ts-extractor] skipping minified/bundled file apps/mobile/storybook-static/assets/protect-task.stories-dOTaLEMy.js
2026/09/25 00:03:29 [ts-extractor] skipping minified/bundled file apps/mobile/storybook-static/assets/components-BtTjbzAC.js
2026/09/25 00:03:29 [ts-extractor] skipping minified/bundled file apps/mobile/storybook-static/assets/screenBackgroundMorph-RdKWbQdJ.js
2026/09/25 00:03:29 [ts-extractor] skipping minified/bundled file apps/mobile/storybook-static/assets/syntaxhighlighter-W7WJGI2T-BKWqXrBS.js
2026/09/25 00:03:29 [ts-extractor] skipping minified/bundled file apps/mobile/storybook-static/assets/screenReviewStoryKit-Dt_Rkzsv.js
2026/09/25 00:03:29 [ts-extractor] skipping minified/bundled file apps/mobile/storybook-static/assets/generatedFigmaComponents-DmjMpYnh.js
2026/09/25 00:03:29 [ts-extractor] skipping minified/bundled file apps/mobile/storybook-static/assets/react-18-BfUV1oqG.js
2026/09/25 00:03:29 [ts-extractor] skipping minified/bundled file apps/mobile/storybook-static/sb-addons/docs-1/manager-bundle.js
2026/09/25 00:03:29 [ts-extractor] skipping minified/bundled file apps/mobile/storybook-static/assets/onyxStoryMetadata-Bq_5Th--.js
2026/09/25 00:03:29 [ts-extractor] skipping minified/bundled file apps/mobile/storybook-static/assets/theming-BRkukHDK.js
2026/09/25 00:03:29 [ts-extractor] skipping minified/bundled file apps/mobile/storybook-static/assets/screenStructureStoryKit-ComKfaDB.js
2026/09/25 00:03:29 [ts-extractor] skipping minified/bundled file apps/mobile/storybook-static/assets/train.stories-Dz3ntN8J.js
2026/09/25 00:03:29 [ts-extractor] skipping minified/bundled file apps/mobile/storybook-static/assets/figmaScreenStructures.generated-JjgbhcQt.js
2026/09/25 00:03:29 [ts-extractor] skipping minified/bundled file apps/mobile/storybook-static/assets/ScreenBackgroundBlur-DBMfPfhN.js
2026/09/25 00:03:29 [ts-extractor] skipping minified/bundled file apps/mobile/storybook-static/vite-inject-mocker-entry.js
2026/09/25 00:03:29 [ts-extractor] skipping minified/bundled file apps/mobile/storybook-static/sb-addons/storybook-core-server-presets-0/common-manager-bundle.js
2026/09/25 00:03:29 [ts-extractor] skipping minified/bundled file apps/mobile/storybook-static/assets/iframe-D-RxKruK.js
2026/09/25 00:03:29 [ts-extractor] skipping minified/bundled file scripts/deploy/t013-pulumi-role-handoff.mjs
2026/09/25 00:03:29 [ts-extractor] skipping minified/bundled file apps/mobile/storybook-static/sb-manager/runtime.js
2026/09/25 00:03:29 [ts-extractor] skipping minified/bundled file apps/mobile/storybook-static/sb-manager/globals-runtime.js
gc 14 @1.738s 0%: 0.067+8.7+0.012 ms clock, 0.67+0/20/31+0.12 ms cpu, 184->189->135 MB, 190 MB goal, 0 MB stacks, 0 MB globals, 10 P
2026/09/25 00:03:29 [ts-extractor] skipping minified/bundled file apps/mobile/storybook-static/assets/PointsCard-UPQ-OhXY.js
2026/09/25 00:03:29 [ts-extractor] skipping minified/bundled file apps/mobile/storybook-static/assets/Color-23OOGO2C-CFyZFonx.js
2026/09/25 00:03:29 [ts-extractor] skipping minified/bundled file apps/mobile/storybook-static/assets/GetStartedScreen-DiHBSXQR.js
2026/09/25 00:03:29 [ts-extractor] skipping minified/bundled file apps/mobile/storybook-static/assets/OnboardingFirstSessionScreen-Ccla2iGl.js
2026/09/25 00:03:29 [ts-extractor] skipping minified/bundled file apps/mobile/storybook-static/assets/DeepScan-DHvM5dCJ.js
2026/09/25 00:03:29 [ts-extractor] skipping minified/bundled file apps/mobile/storybook-static/assets/GetStartedFreeScreen-BnD4gdvs.js
2026/09/25 00:03:29 [ts-extractor] skipping minified/bundled file apps/mobile/storybook-static/assets/ProfileScreen-aoCBlYSa.js
2026/09/25 00:03:29 [ts-extractor] skipping minified/bundled file apps/mobile/storybook-static/assets/PricingContentContext-ENjeFjYN.js
2026/09/25 00:03:29 [ts-extractor] skipping minified/bundled file apps/mobile/storybook-static/assets/LeakedLogo-DG0KS9dA.js
2026/09/25 00:03:29 [ts-extractor] skipping minified/bundled file apps/mobile/storybook-static/assets/ScreenContentTransition-Bs4S8klL.js
2026/09/25 00:03:29 [ts-extractor] skipping minified/bundled file apps/mobile/storybook-static/assets/MainAppShell-DykjRsCQ.js
2026/09/25 00:03:29 [ts-extractor] skipping minified/bundled file apps/mobile/storybook-static/assets/ProtectFreeScreen-4DLtefNg.js
2026/09/25 00:03:29 [ts-extractor] skipping minified/bundled file apps/mobile/storybook-static/assets/ScreenFigmaComparisonPanel-CvcgEIaM.js
2026/09/25 00:03:29 [ts-extractor] skipping minified/bundled file apps/mobile/storybook-static/assets/RiskIndicatorDropMessage-f1IgdUCx.js
2026/09/25 00:03:29 [ts-extractor] skipping minified/bundled file apps/mobile/storybook-static/assets/SubscriptionInfoCard-CX9utM5L.js
2026/09/25 00:03:29 [ts-extractor] skipping minified/bundled file apps/mobile/storybook-static/assets/ProjectedFigmaScreen-B-0ULYBe.js
2026/09/25 00:03:29 [ts-extractor] skipping minified/bundled file apps/mobile/storybook-static/assets/DocsRenderer-LL677BLK-BuIR6bZY.js
2026/09/25 00:03:29 [ts-extractor] skipping minified/bundled file apps/mobile/storybook-static/assets/ScreenCompositionHost-WK6OxeVJ.js
2026/09/25 00:03:29 [ts-extractor] skipping minified/bundled file apps/mobile/storybook-static/assets/StatusBadge-DGggXXdu.js
2026/09/25 00:03:29 [ts-extractor] skipping minified/bundled file apps/mobile/storybook-static/assets/chunk-3LY4VQVK-DCoUZ6n4.js
2026/09/25 00:03:29 [ts-extractor] skipping minified/bundled file apps/mobile/storybook-static/assets/WithTooltip-65CFNBJE-B3RsNAAg.js
2026/09/25 00:03:29 [ts-extractor] skipping minified/bundled file apps/mobile/storybook-static/assets/ProtectSurface-CtgJS1RL.js
2026/09/25 00:03:29 [ts-extractor] skipping minified/bundled file apps/mobile/storybook-static/assets/chunk-LITCR56V-JVUNf0OC.js
2026/09/25 00:03:29 [ts-extractor] skipping minified/bundled file apps/mobile/storybook-static/assets/TabBar-vMBrgBKe.js
2026/09/25 00:03:29 [ts-extractor] skipping minified/bundled file apps/mobile/storybook-static/assets/deepscan-components.stories-DuUlNjuO.js
2026/09/25 00:03:29 [ts-extractor] skipping minified/bundled file apps/mobile/storybook-static/assets/getStartedDataSlotSource-Rr5d3rz_.js
2026/09/25 00:03:29 [ts-extractor] skipping minified/bundled file apps/mobile/storybook-static/assets/Toast-DoOWktSp.js
2026/09/25 00:03:29 [ts-extractor] skipping minified/bundled file apps/mobile/storybook-static/assets/onboardingDataSlotSource-qPx6fUNU.js
2026/09/25 00:03:29 [ts-extractor] skipping minified/bundled file apps/mobile/storybook-static/assets/pricingFixtures.generated-CEiD1ca2.js
2026/09/25 00:03:29 [ts-extractor] skipping minified/bundled file apps/mobile/storybook-static/assets/profile.stories-DlPoX8YC.js
2026/09/25 00:03:29 [ts-extractor] skipping minified/bundled file apps/mobile/storybook-static/assets/protect-task.stories-dOTaLEMy.js
2026/09/25 00:03:29 [ts-extractor] skipping minified/bundled file apps/mobile/storybook-static/assets/figma-components.stories-LvwegD9L.js
2026/09/25 00:03:29 [ts-extractor] skipping minified/bundled file apps/mobile/storybook-static/assets/screenBackgroundMorph-RdKWbQdJ.js
2026/09/25 00:03:29 [ts-extractor] skipping minified/bundled file apps/mobile/storybook-static/assets/components-BtTjbzAC.js
2026/09/25 00:03:29 [ts-extractor] skipping minified/bundled file apps/mobile/storybook-static/assets/generatedFigmaComponents-DmjMpYnh.js
2026/09/25 00:03:29 [ts-extractor] skipping minified/bundled file apps/mobile/storybook-static/assets/legalLinks-CB7C40_C.js
2026/09/25 00:03:29 [ts-extractor] skipping minified/bundled file apps/mobile/storybook-static/assets/react-18-BfUV1oqG.js
2026/09/25 00:03:29 [ts-extractor] skipping minified/bundled file apps/mobile/storybook-static/assets/screenReviewStoryKit-Dt_Rkzsv.js
2026/09/25 00:03:29 [ts-extractor] skipping minified/bundled file apps/mobile/storybook-static/assets/syntaxhighlighter-W7WJGI2T-BKWqXrBS.js
2026/09/25 00:03:29 [ts-extractor] skipping minified/bundled file apps/mobile/storybook-static/sb-addons/docs-1/manager-bundle.js
2026/09/25 00:03:29 [ts-extractor] skipping minified/bundled file apps/mobile/storybook-static/assets/onyxStoryMetadata-Bq_5Th--.js
2026/09/25 00:03:29 [ts-extractor] skipping minified/bundled file apps/mobile/storybook-static/assets/train.stories-Dz3ntN8J.js
2026/09/25 00:03:29 [ts-extractor] skipping minified/bundled file apps/mobile/storybook-static/assets/theming-BRkukHDK.js
2026/09/25 00:03:29 [ts-extractor] skipping minified/bundled file apps/mobile/storybook-static/assets/ScreenBackgroundBlur-DBMfPfhN.js
2026/09/25 00:03:29 [ts-extractor] skipping minified/bundled file apps/mobile/storybook-static/assets/screenStructureStoryKit-ComKfaDB.js
2026/09/25 00:03:29 [ts-extractor] skipping minified/bundled file apps/mobile/storybook-static/assets/figmaScreenStructures.generated-JjgbhcQt.js
2026/09/25 00:03:29 [ts-extractor] skipping minified/bundled file apps/mobile/storybook-static/vite-inject-mocker-entry.js
2026/09/25 00:03:29 [ts-extractor] skipping minified/bundled file apps/mobile/storybook-static/sb-addons/storybook-core-server-presets-0/common-manager-bundle.js
2026/09/25 00:03:29 [ts-extractor] skipping minified/bundled file apps/mobile/storybook-static/assets/iframe-D-RxKruK.js
2026/09/25 00:03:29 [ts-extractor] skipping minified/bundled file apps/mobile/storybook-static/sb-manager/runtime.js
2026/09/25 00:03:29 [ts-extractor] skipping minified/bundled file scripts/deploy/t013-pulumi-role-handoff.mjs
2026/09/25 00:03:29 [ts-extractor] skipping minified/bundled file apps/mobile/storybook-static/sb-manager/globals-runtime.js
gc 15 @2.073s 0%: 0.061+5.6+0.016 ms clock, 0.61+0.029/16/22+0.16 ms cpu, 261->262->107 MB, 271 MB goal, 0 MB stacks, 0 MB globals, 10 P
gc 16 @2.188s 0%: 0.061+6.2+0.013 ms clock, 0.61+0.069/18/32+0.13 ms cpu, 208->209->131 MB, 215 MB goal, 0 MB stacks, 0 MB globals, 10 P
gc 17 @2.254s 0%: 0.060+13+0.012 ms clock, 0.60+5.5/25/41+0.12 ms cpu, 254->262->175 MB, 262 MB goal, 0 MB stacks, 0 MB globals, 10 P
gc 18 @2.593s 0%: 0.063+9.7+0.011 ms clock, 0.63+3.6/25/40+0.11 ms cpu, 334->342->151 MB, 351 MB goal, 0 MB stacks, 0 MB globals, 10 P
gc 19 @2.743s 0%: 0.064+7.3+0.014 ms clock, 0.64+0.044/21/39+0.14 ms cpu, 282->289->140 MB, 304 MB goal, 0 MB stacks, 0 MB globals, 10 P
gc 20 @2.787s 0%: 0.062+9.3+0.031 ms clock, 0.62+0.061/26/49+0.31 ms cpu, 260->268->178 MB, 280 MB goal, 0 MB stacks, 0 MB globals, 10 P
gc 21 @3.064s 0%: 0.061+7.4+0.015 ms clock, 0.61+0.086/21/42+0.15 ms cpu, 329->331->143 MB, 356 MB goal, 0 MB stacks, 0 MB globals, 10 P
gc 22 @3.294s 0%: 0.067+9.6+0.014 ms clock, 0.67+0/23/41+0.14 ms cpu, 273->273->176 MB, 286 MB goal, 0 MB stacks, 0 MB globals, 10 P
gc 23 @3.389s 0%: 0.062+13+0.020 ms clock, 0.62+11/20/32+0.20 ms cpu, 384->384->249 MB, 384 MB goal, 0 MB stacks, 0 MB globals, 10 P
[graph] /private/tmp/enola-stage16-root-review/memory-diagnostic/correctness-baseline-1/product: generation 2→3 parsed=12 cached=4022 early_local=0 fallbacks=1
[graph] fallback graph: changed files and reverse file dependents (frozen scope: prior file-to-file dependency closure)
        3.59 real         4.04 user         0.85 sys
           653770752  maximum resident set size
                   0  average shared memory size
                   0  average unshared data size
                   0  average unshared stack size
               65552  page reclaims
                 239  page faults
                   0  swaps
                   0  block input operations
                   0  block output operations
                  34  messages sent
                  17  messages received
                 881  signals received
                 350  voluntary context switches
               11590  involuntary context switches
         49501914678  instructions retired
         14621736408  cycles elapsed
           633719936  peak memory footprint
