START r1-old-initial
DONE r1-old-initial 20.794 None
START r1-old-noop
DONE r1-old-noop 12.158 None
START r1-new-initial
DONE r1-new-initial 12.377 {'BaseGeneration': 0, 'TargetGeneration': 1, 'ParsedFiles': 4181, 'CachedFiles': 0, 'EarlyLocal': 4181, 'FallbackCount': 5}
START r1-new-noop
DONE r1-new-noop 2.828 {'BaseGeneration': 1, 'TargetGeneration': 1, 'ParsedFiles': 0, 'CachedFiles': 4281, 'EarlyLocal': 0, 'FallbackCount': 0}
START r1-old-body
DONE r1-old-body 19.48 None
START r1-new-body
DONE r1-new-body 4.379 {'BaseGeneration': 1, 'TargetGeneration': 2, 'ParsedFiles': 1, 'CachedFiles': 4280, 'EarlyLocal': 1, 'FallbackCount': 0}
START r1-old-structural
DONE r1-old-structural 19.974 None
START r1-new-structural
DONE r1-new-structural 4.814 {'BaseGeneration': 2, 'TargetGeneration': 3, 'ParsedFiles': 2, 'CachedFiles': 4280, 'EarlyLocal': 2, 'FallbackCount': 0}
START cold-body
DONE cold-body 11.308 {'BaseGeneration': 0, 'TargetGeneration': 1, 'ParsedFiles': 4181, 'CachedFiles': 0, 'EarlyLocal': 4181, 'FallbackCount': 5}
START r2-old-initial
DONE r2-old-initial 18.951 None
START r2-old-noop
DONE r2-old-noop 12.324 None
START r2-new-initial
DONE r2-new-initial 11.424 {'BaseGeneration': 0, 'TargetGeneration': 1, 'ParsedFiles': 4181, 'CachedFiles': 0, 'EarlyLocal': 4181, 'FallbackCount': 5}
START r2-new-noop
DONE r2-new-noop 2.881 {'BaseGeneration': 1, 'TargetGeneration': 1, 'ParsedFiles': 0, 'CachedFiles': 4281, 'EarlyLocal': 0, 'FallbackCount': 0}
START r2-old-body
DONE r2-old-body 20.22 None
START r2-new-body
DONE r2-new-body 4.395 {'BaseGeneration': 1, 'TargetGeneration': 2, 'ParsedFiles': 1, 'CachedFiles': 4280, 'EarlyLocal': 1, 'FallbackCount': 0}
START r2-old-structural
DONE r2-old-structural 21.1 None
START r2-new-structural
DONE r2-new-structural 4.903 {'BaseGeneration': 2, 'TargetGeneration': 3, 'ParsedFiles': 2, 'CachedFiles': 4280, 'EarlyLocal': 2, 'FallbackCount': 0}
START r3-old-initial
DONE r3-old-initial 19.243 None
START r3-old-noop
DONE r3-old-noop 12.309 None
START r3-new-initial
DONE r3-new-initial 11.526 {'BaseGeneration': 0, 'TargetGeneration': 1, 'ParsedFiles': 4181, 'CachedFiles': 0, 'EarlyLocal': 4181, 'FallbackCount': 5}
START r3-new-noop
DONE r3-new-noop 2.978 {'BaseGeneration': 1, 'TargetGeneration': 1, 'ParsedFiles': 0, 'CachedFiles': 4281, 'EarlyLocal': 0, 'FallbackCount': 0}
START r3-old-body
DONE r3-old-body 20.56 None
START r3-new-body
DONE r3-new-body 4.408 {'BaseGeneration': 1, 'TargetGeneration': 2, 'ParsedFiles': 1, 'CachedFiles': 4280, 'EarlyLocal': 1, 'FallbackCount': 0}
START r3-old-structural
DONE r3-old-structural 21.244 None
START r3-new-structural
DONE r3-new-structural 4.841 {'BaseGeneration': 2, 'TargetGeneration': 3, 'ParsedFiles': 2, 'CachedFiles': 4280, 'EarlyLocal': 2, 'FallbackCount': 0}
START cold-structural
DONE cold-structural 11.458 {'BaseGeneration': 0, 'TargetGeneration': 1, 'ParsedFiles': 4181, 'CachedFiles': 0, 'EarlyLocal': 4181, 'FallbackCount': 5}
CHECKS [{'check': 'r1 initial equals independent repaired baseline', 'pass': True, 'expected': 'd727bfe7f954069a6b16c636c8ad6bd87b288bf11a5e214c71b88b3b75eae2d2', 'actual': 'd727bfe7f954069a6b16c636c8ad6bd87b288bf11a5e214c71b88b3b75eae2d2'}, {'check': 'r1-new-noop no-op', 'pass': True}, {'check': 'r2 initial equals independent repaired baseline', 'pass': True, 'expected': 'd727bfe7f954069a6b16c636c8ad6bd87b288bf11a5e214c71b88b3b75eae2d2', 'actual': 'd727bfe7f954069a6b16c636c8ad6bd87b288bf11a5e214c71b88b3b75eae2d2'}, {'check': 'r2-new-noop no-op', 'pass': True}, {'check': 'r3 initial equals independent repaired baseline', 'pass': True, 'expected': 'd727bfe7f954069a6b16c636c8ad6bd87b288bf11a5e214c71b88b3b75eae2d2', 'actual': 'd727bfe7f954069a6b16c636c8ad6bd87b288bf11a5e214c71b88b3b75eae2d2'}, {'check': 'r3-new-noop no-op', 'pass': True}, {'check': 'r1-new-structural equals cold', 'pass': True}, {'check': 'r2-new-structural equals cold', 'pass': True}, {'check': 'r3-new-structural equals cold', 'pass': True}, {'check': 'r1-new-body equals cold', 'pass': True}, {'check': 'r2-new-body equals cold', 'pass': True}, {'check': 'r3-new-body equals cold', 'pass': True}]
