enola: using config /tmp/enola-product-fastdelta-results/config.yaml
enola graph: config /tmp/enola-product-fastdelta-results/config.yaml
[graph-profile] lock                               0.000s  total= 0.000s
[graph-profile] bind_identity                      0.000s  total= 0.000s
[graph-profile] open_journal                       0.000s  total= 0.000s
[graph-profile] replay_unacked                     0.000s  total= 0.000s
[graph-profile] state_read_bytes                   0.009s  state.json bytes=58201824
[graph-profile] state_json_unmarshal               0.469s  files=6479
[graph-profile] load_state                         0.479s  total= 0.479s  files=6479
[graph-profile] engine_walk_repo                   0.434s  files=42583 tests=2522 all_names=45105
[graph-profile] inventory                          0.434s  total= 0.913s  files=42583 tests=2522 all_names=45105
[graph-profile] detect_extractors                  1.089s  total= 2.002s  detected=6
[graph-profile] engine_hash_files                  0.287s  n=9030 hashed=9030 bytes=90567325
[graph-profile] hash_content_inputs                0.519s  total= 2.522s  n=9030 hashed=9032 of_files=42583
[graph-profile] scan_digest                        0.014s  total= 2.536s
[graph-profile] ts_config_inputs                   0.171s  n=77
[graph-profile] analysis_fingerprint               0.173s  total= 2.709s  cfg_files=60
[graph-profile] clone_file_state                   0.002s  total= 2.711s  n=6479
[graph-profile] extractor_need                     0.071s  total= 2.782s  non_ts_need=false detected=6
[graph-profile] ts_reuse_cache                     0.093s  total= 2.874s  owned=4281 facts=82466
[graph-profile] assemble_new_files                 0.030s  total= 2.905s  new=6479 ts_noop=true non_ts_need=false skip=true facts=82493
[graph-profile] skip_publish_return                0.000s  total= 2.905s
[graph] /tmp/enola-product-benchmark-source: generation 4→4 parsed=0 cached=4281 early_local=0 fallbacks=0
