enola: using config /private/tmp/enola-product-fastdelta-results/config.yaml
enola graph: config /private/tmp/enola-product-fastdelta-results/config.yaml
[graph] /tmp/enola-product-benchmark-source: generation 1→1 parsed=0 cached=4281 early_local=0 fallbacks=0
        2.79 real         1.67 user         1.36 sys
           375095296  maximum resident set size
                   0  average shared memory size
                   0  average unshared data size
                   0  average unshared stack size
               22966  page reclaims
                 174  page faults
                   0  swaps
                   0  block input operations
                   0  block output operations
                   5  messages sent
                   4  messages received
                 209  signals received
                  35  voluntary context switches
                4477  involuntary context switches
         36107714951  instructions retired
          9644167533  cycles elapsed
           358009344  peak memory footprint
