enola: using config /private/tmp/enola-product-fastdelta-results/config.yaml
enola graph: config /private/tmp/enola-product-fastdelta-results/config.yaml
[graph] /tmp/enola-product-benchmark-source: generation 1→1 parsed=0 cached=4281 early_local=0 fallbacks=0
        2.84 real         1.70 user         1.39 sys
           372473856  maximum resident set size
                   0  average shared memory size
                   0  average unshared data size
                   0  average unshared stack size
               22630  page reclaims
                 348  page faults
                   0  swaps
                   0  block input operations
                   0  block output operations
                   5  messages sent
                   4  messages received
                 258  signals received
                  35  voluntary context switches
                4621  involuntary context switches
         36150113061  instructions retired
          9720598962  cycles elapsed
           355436992  peak memory footprint
