enola: using config /private/tmp/enola-product-fastdelta-results/config.yaml
enola graph: config /private/tmp/enola-product-fastdelta-results/config.yaml
[graph] /tmp/enola-product-benchmark-source: generation 1→2 parsed=1 cached=4280 early_local=1 fallbacks=0
        4.37 real         2.55 user         2.13 sys
           597671936  maximum resident set size
                   0  average shared memory size
                   0  average unshared data size
                   0  average unshared stack size
               36377  page reclaims
                 350  page faults
                   0  swaps
                   0  block input operations
                   0  block output operations
                  76  messages sent
                  30  messages received
                 317  signals received
                 242  voluntary context switches
                9280  involuntary context switches
         53951374054  instructions retired
         14645422534  cycles elapsed
           579652608  peak memory footprint
