enola graph: config /private/tmp/enola-stage22-hop-profile/diag/cli-pairs/control-1/config.yaml
[graph] /private/tmp/enola-stage22-hop-profile/diag/cli-pairs/control-1/product: generation 1→1 parsed=0 cached=4086 early_local=0 fallbacks=0
        1.34 real         0.92 user         0.43 sys
           179142656  maximum resident set size
                   0  average shared memory size
                   0  average unshared data size
                   0  average unshared stack size
               26956  page reclaims
                 409  page faults
                   0  swaps
                   0  block input operations
                   0  block output operations
                   4  messages sent
                   3  messages received
                 226  signals received
                  85  voluntary context switches
                2881  involuntary context switches
         13358238826  instructions retired
          3822251370  cycles elapsed
           162711680  peak memory footprint
