[graph-profile] flags_parsed                       0.000s  total= 0.000s  trace=cli  mode=analyze
[graph-profile] config_load                        0.000s  total= 0.000s  trace=graph_engine  config.yaml
[graph-profile] declare_config_deps                0.000s  total= 0.000s  trace=graphinput_build  deps=2
[graph-profile] discover_git                       0.043s  total= 0.043s  trace=graphinput_build  repo=true dirs=2
[graph-profile] declare_git_control                0.005s  total= 0.048s  trace=graphinput_build  deps=6
[graph-profile] git_ls_files                       0.057s  total= 0.105s  trace=graphinput_build  tracked=45105 dirs=5818
[graph-profile] walk_tree                          0.118s  total= 0.223s  trace=graphinput_build  names=11635 ignorefiles=4
[graph-profile] check_ignore_setup                 0.018s  total= 0.241s  trace=graphinput_build
[graph-profile] check_ignore_run                   0.058s  total= 0.299s  trace=graphinput_build  names=11635 ignored=0
[graph-profile] declare_ignore_files               0.000s  total= 0.299s  trace=graphinput_build  deps=9
[graph-profile] compute_identities                 0.033s  total= 0.331s  trace=graphinput_build  deps=9 entries=11635
[graph-profile] graphinput_build                   0.332s  total= 0.332s  trace=graph_engine  configpaths=2
[graph-profile] engine_new                         0.000s  total= 0.332s  trace=graph_engine
[graph-profile] register_plugins                   0.000s  total= 0.332s  trace=graph_engine
[graph-profile] config_recheck                     0.000s  total= 0.332s  trace=graph_engine
[graph-profile] resolve_graph_target               0.333s  total= 0.333s  trace=cli  repos=1
[graph-profile] connect_sink                       0.001s  total= 0.334s  trace=cli  nats=true
[graph-profile] session_options                    0.000s  total= 0.334s  trace=cli  repo=/private/tmp/enola-stage16-phase-memory/cli-pairs/correctness-candidate-1/product
[graph-profile] lock                               0.000s  total= 0.000s  trace=open
[graph-profile] bind_identity                      0.000s  total= 0.000s  trace=open
[graph-profile] open_journal                       0.000s  total= 0.000s  trace=open
[graph-profile] replay_unacked                     0.006s  total= 0.007s  trace=open
[memory-phase] trace=open phase=load_state total_alloc=67044992 heap_alloc=19803392 heap_sys=37027840 heap_idle=14401536 heap_released=7774208 mallocs=166000 num_gc=6
[graph-profile] load_state                         0.000s  total= 0.007s  trace=open  files=0
[graph-profile] transaction_enter                  0.000s  total= 0.000s  trace=reconcile  fast=false failed=false
[graph-profile] effective_config_before            0.000s  total= 0.000s  trace=reconcile  files=2
[graph-profile] graph_inputs_proven                0.101s  total= 0.101s  trace=reconcile
[graph-profile] effective_config                   0.000s  total= 0.101s  trace=reconcile  files=2 fast=false
[graph-profile] reconcile_complete                 0.000s  total= 0.101s  trace=reconcile  reloaded=false
[graph-profile] engine_walk_repo                   0.122s  files=10965 tests=0 all_names=10965
[memory-phase] trace=inputs phase=inventory total_alloc=90107144 heap_alloc=34954136 heap_sys=45416448 heap_idle=8388608 heap_released=7815168 mallocs=291228 num_gc=7
[graph-profile] inventory                          0.122s  total= 0.122s  trace=inputs  files=10965 all_names=10965
[graph-profile] detect_typescript                  0.001s
[graph-profile] detect_extractors                  0.001s  total= 0.123s  trace=inputs  detected=1
[graph-profile] select_hash_targets                0.006s  total= 0.129s  trace=inputs  targets=4105
[graph-profile] engine_hash_files                  0.145s  n=4105 hashed=4105 bytes=45822424
[graph-profile] hash_content_inputs                0.145s  total= 0.274s  trace=inputs  targets=4105
[graph-profile] capture_contexts                   0.000s  total= 0.274s  trace=inputs  contexts=0
[memory-phase] trace=since phase=ts_config_inputs total_alloc=151812712 heap_alloc=21336768 heap_sys=45416448 heap_idle=21954560 heap_released=14835712 mallocs=409853 num_gc=12
[graph-profile] ts_config_inputs                   0.093s  n=83
[graph-profile] analysis_fingerprint               0.095s  total= 0.369s  trace=inputs  cfg_files=59
[graph-profile] angular_probe                      0.003s  total= 0.372s  trace=inputs  angular=false
[graph-profile] policy_identity                    0.000s  total= 0.372s  trace=inputs
[graph-profile] engine_context_fingerprint         0.000s  total= 0.372s  trace=inputs
[graph-profile] ts_disc_nuxt_packages              0.127s  pkgs=0
[graph-profile] ts_disc_package_gates              0.001s
[graph-profile] ts_disc_package_names              0.000s  names=30
[graph-profile] ts_disc_alias_roots                0.088s  roots=1
[graph-profile] ts_disc_package_exports            0.000s  packages=30
[graph-profile] ts_discovery_build                 0.227s  side_reads=1965 stat_reads=1977 walked_dirs=655 captured=59
[graph-profile] ts_discovery                       0.227s  total= 0.599s  trace=inputs  names=0 bytes=0 dirs=0
[graph-profile] ts_session_context                 0.054s  total= 0.653s  trace=inputs  files=4086
[graph-profile] runtime_inputs_complete            0.000s  total= 0.653s  trace=inputs
[graph-profile] clone_file_state_copy              0.000s  n=0
[graph-profile] extractor_need                     0.676s  total= 0.676s  trace=session  non_ts_need=false detected=1 neutral=0
[graph-profile] changed_terms                      0.009s  total= 0.685s  trace=session  initial=true force=true non_ts=false scan=false raw_cfg=false policy=true neutral_scan=false neutral_cfg=false
[graph-profile] invalidation_plan                  0.018s  total= 0.703s  trace=session  reason=frozen scope: global name-resolution domain whole=true extra=0
[graph-profile] revalidate_before_begin            0.001s  n=59 superseded=false
[graph-profile] begin_publish                      0.048s  total= 0.750s  trace=session  scope=8483
[graph-profile] ts_dirty_scope                     0.001s  total= 0.751s  trace=session  dirty=0 scope=4086 force=true
[graph-profile] ts_detect_frameworks               0.000s  total= 0.000s  trace=ts  files=4086 shared_discovery=true
[graph-profile] ts_disc_package_aliases            0.000s  aliases=21
[graph-profile] ts_read_dirty                      0.054s  total= 0.054s  trace=ts  to_read=4086 cached=0
[graph-profile] ts_graphql_grpc_index              0.385s  total= 0.438s  trace=ts  ts_files=4086
[graph-profile] ts_mapfiles_aggregate              3.937s  total= 4.375s  trace=ts  parsed=4034 facts=59225 routers=0 scans=1663 derived=2330
[graph-profile] ts_compose_modules                 0.003s  total= 4.378s  trace=ts  facts=59662 records=4086 unread=0
[memory-phase] trace=session phase=ts_extract_session total_alloc=3444848648 heap_alloc=341546808 heap_sys=409993216 heap_idle=38739968 heap_released=8740864 mallocs=52450966 num_gc=50
[graph-profile] ts_extract_session                 4.381s  total= 5.132s  trace=session  parsed=4034 cached=0 facts=59662 records=4086
[memory-phase] trace=session phase=assemble_new_files total_alloc=3541553016 heap_alloc=307073712 heap_sys=426835968 heap_idle=43638784 heap_released=9576448 mallocs=52731371 num_gc=51
[graph-profile] assemble_new_files                 0.129s  total= 5.261s  trace=session  new=4086 ts_noop=false non_ts_need=false skip=false facts=59662
[memory-phase] trace=session phase=index_group_owners total_alloc=3594976648 heap_alloc=360497344 heap_sys=439418880 heap_idle=7413760 heap_released=7356416 mallocs=52866526 num_gc=51
[graph-profile] index_group_owners                 0.017s  total= 5.278s  trace=session  facts=59225 owners=4034
[graph-profile] publish_scope                      0.001s  total= 5.279s  trace=session  scope=8483
[graph-profile] encode_append_owners               1.784s  total= 7.063s  trace=session  published=4034
[graph-profile] publish_resolved                   0.053s  total= 7.117s  trace=session  owners=4034
[graph-profile] revalidate_ts_records              0.119s  total= 7.235s  trace=session  n=4086
[memory-phase] trace=since phase=ts_config_inputs total_alloc=4199157712 heap_alloc=310551568 heap_sys=493649920 heap_idle=86171648 heap_released=4120576 mallocs=54479897 num_gc=55
[graph-profile] ts_config_inputs                   0.091s  n=83
[graph-profile] state_json_marshal                 0.174s  bytes=56634391 files=4086
[graph-profile] state_fingerprint                  0.024s  write bytes=56634391
[memory-phase] trace=session phase=write_pending_state total_alloc=4588885816 heap_alloc=512996168 heap_sys=825163776 heap_idle=207396864 heap_released=31096832 mallocs=55170893 num_gc=56
[graph-profile] write_pending_state                0.333s  total= 7.568s  trace=session
[memory-phase] trace=session phase=end_flush_ack total_alloc=4590827104 heap_alloc=280322360 heap_sys=825098240 heap_idle=438730752 heap_released=57901056 mallocs=55187785 num_gc=57
[graph-profile] end_flush_ack                      0.060s  total= 7.629s  trace=session
[memory-phase] trace=session phase=promote_compact_state total_alloc=4591718448 heap_alloc=281213704 heap_sys=825065472 heap_idle=437903360 heap_released=101548032 mallocs=55189449 num_gc=57
[graph-profile] promote_compact_state              0.067s  total= 7.695s  trace=session  parsed=4034 published=4034
[memory-phase] trace=cli phase=graph_session_run total_alloc=4591719456 heap_alloc=281214712 heap_sys=825262080 heap_idle=438099968 heap_released=101548032 mallocs=55189470 num_gc=57
[graph-profile] graph_session_run                  7.803s  total= 8.137s  trace=cli  repo=/private/tmp/enola-stage16-phase-memory/cli-pairs/correctness-candidate-1/product parsed=4034
[memory-phase] trace=cli phase=cli_complete total_alloc=4591743064 heap_alloc=281238320 heap_sys=825262080 heap_idle=438099968 heap_released=101548032 mallocs=55189725 num_gc=57
[graph-profile] cli_complete                       0.000s  total= 8.137s  trace=cli  results=1
