[graph-profile] flags_parsed                       0.000s  total= 0.000s  trace=cli  mode=analyze
[graph-profile] config_load                        0.000s  total= 0.000s  trace=graph_engine  config.yaml
[graph-profile] declare_config_deps                0.000s  total= 0.000s  trace=graphinput_build  deps=2
[graph-profile] discover_git                       0.041s  total= 0.041s  trace=graphinput_build  repo=true dirs=2
[graph-profile] declare_git_control                0.006s  total= 0.047s  trace=graphinput_build  deps=6
[graph-profile] git_ls_files                       0.057s  total= 0.104s  trace=graphinput_build  tracked=45105 dirs=5818
[graph-profile] walk_tree                          0.122s  total= 0.226s  trace=graphinput_build  names=11635 ignorefiles=4
[graph-profile] check_ignore_setup                 0.017s  total= 0.243s  trace=graphinput_build
[graph-profile] check_ignore_run                   0.058s  total= 0.301s  trace=graphinput_build  names=11635 ignored=0
[graph-profile] declare_ignore_files               0.000s  total= 0.301s  trace=graphinput_build  deps=9
[graph-profile] compute_identities                 0.036s  total= 0.337s  trace=graphinput_build  deps=9 entries=11635
[graph-profile] graphinput_build                   0.338s  total= 0.338s  trace=graph_engine  configpaths=2
[graph-profile] engine_new                         0.000s  total= 0.338s  trace=graph_engine
[graph-profile] register_plugins                   0.000s  total= 0.338s  trace=graph_engine
[graph-profile] config_recheck                     0.000s  total= 0.338s  trace=graph_engine
[graph-profile] resolve_graph_target               0.338s  total= 0.338s  trace=cli  repos=1
[graph-profile] connect_sink                       0.001s  total= 0.339s  trace=cli  nats=true
[graph-profile] session_options                    0.000s  total= 0.339s  trace=cli  repo=/private/tmp/enola-stage16-phase-memory/cli-pairs/correctness-candidate-1/product
[graph-profile] lock                               0.000s  total= 0.000s  trace=open
[graph-profile] bind_identity                      0.000s  total= 0.000s  trace=open
[graph-profile] open_journal                       0.000s  total= 0.000s  trace=open
[graph-profile] replay_unacked                     0.006s  total= 0.007s  trace=open
[memory-phase] trace=open phase=load_state total_alloc=67035448 heap_alloc=19510312 heap_sys=37027840 heap_idle=15007744 heap_released=7348224 mallocs=165978 num_gc=6
[graph-profile] load_state                         0.000s  total= 0.007s  trace=open  files=0
[graph-profile] transaction_enter                  0.000s  total= 0.000s  trace=reconcile  fast=false failed=false
[graph-profile] effective_config_before            0.000s  total= 0.000s  trace=reconcile  files=2
[graph-profile] graph_inputs_proven                0.100s  total= 0.100s  trace=reconcile
[graph-profile] effective_config                   0.000s  total= 0.100s  trace=reconcile  files=2 fast=false
[graph-profile] reconcile_complete                 0.000s  total= 0.100s  trace=reconcile  reloaded=false
[graph-profile] engine_walk_repo                   0.121s  files=10965 tests=0 all_names=10965
[memory-phase] trace=inputs phase=inventory total_alloc=90104272 heap_alloc=16020808 heap_sys=45383680 heap_idle=26951680 heap_released=18243584 mallocs=291226 num_gc=8
[graph-profile] inventory                          0.122s  total= 0.122s  trace=inputs  files=10965 all_names=10965
[graph-profile] detect_typescript                  0.001s
[graph-profile] detect_extractors                  0.001s  total= 0.123s  trace=inputs  detected=1
[graph-profile] select_hash_targets                0.005s  total= 0.128s  trace=inputs  targets=4105
[graph-profile] engine_hash_files                  0.149s  n=4105 hashed=4105 bytes=45822317
[graph-profile] hash_content_inputs                0.149s  total= 0.277s  trace=inputs  targets=4105
[graph-profile] capture_contexts                   0.000s  total= 0.277s  trace=inputs  contexts=0
[memory-phase] trace=since phase=ts_config_inputs total_alloc=151813584 heap_alloc=18776600 heap_sys=45383680 heap_idle=24412160 heap_released=13754368 mallocs=409853 num_gc=13
[graph-profile] ts_config_inputs                   0.092s  n=83
[graph-profile] analysis_fingerprint               0.094s  total= 0.371s  trace=inputs  cfg_files=59
[graph-profile] angular_probe                      0.003s  total= 0.374s  trace=inputs  angular=false
[graph-profile] policy_identity                    0.000s  total= 0.374s  trace=inputs
[graph-profile] engine_context_fingerprint         0.000s  total= 0.374s  trace=inputs
[graph-profile] ts_disc_nuxt_packages              0.128s  pkgs=0
[graph-profile] ts_disc_package_gates              0.001s
[graph-profile] ts_disc_package_names              0.000s  names=30
[graph-profile] ts_disc_alias_roots                0.089s  roots=1
[graph-profile] ts_disc_package_exports            0.000s  packages=30
[graph-profile] ts_discovery_build                 0.228s  side_reads=1965 stat_reads=1977 walked_dirs=655 captured=59
[graph-profile] ts_discovery                       0.228s  total= 0.602s  trace=inputs  names=0 bytes=0 dirs=0
[graph-profile] ts_session_context                 0.054s  total= 0.657s  trace=inputs  files=4086
[graph-profile] runtime_inputs_complete            0.000s  total= 0.657s  trace=inputs
[graph-profile] clone_file_state_copy              0.000s  n=0
[graph-profile] extractor_need                     0.680s  total= 0.680s  trace=session  non_ts_need=false detected=1 neutral=0
[graph-profile] changed_terms                      0.007s  total= 0.687s  trace=session  initial=true force=true non_ts=false scan=false raw_cfg=false policy=true neutral_scan=false neutral_cfg=false
[graph-profile] invalidation_plan                  0.015s  total= 0.703s  trace=session  reason=frozen scope: global name-resolution domain whole=true extra=0
[graph-profile] revalidate_before_begin            0.001s  n=59 superseded=false
[graph-profile] begin_publish                      0.047s  total= 0.749s  trace=session  scope=8483
[graph-profile] ts_dirty_scope                     0.001s  total= 0.750s  trace=session  dirty=0 scope=4086 force=true
[graph-profile] ts_detect_frameworks               0.000s  total= 0.000s  trace=ts  files=4086 shared_discovery=true
[graph-profile] ts_disc_package_aliases            0.000s  aliases=21
[graph-profile] ts_read_dirty                      0.053s  total= 0.053s  trace=ts  to_read=4086 cached=0
[graph-profile] ts_graphql_grpc_index              0.384s  total= 0.437s  trace=ts  ts_files=4086
[graph-profile] ts_mapfiles_aggregate              4.026s  total= 4.463s  trace=ts  parsed=4034 facts=59224 routers=0 scans=1710 derived=2283
[graph-profile] ts_compose_modules                 0.003s  total= 4.466s  trace=ts  facts=59661 records=4086 unread=0
[memory-phase] trace=session phase=ts_extract_session total_alloc=3448631432 heap_alloc=325441480 heap_sys=418185216 heap_idle=56164352 heap_released=14876672 mallocs=52470566 num_gc=51
[graph-profile] ts_extract_session                 4.469s  total= 5.219s  trace=session  parsed=4034 cached=0 facts=59661 records=4086
[memory-phase] trace=session phase=assemble_new_files total_alloc=3550670888 heap_alloc=312445408 heap_sys=439353344 heap_idle=52920320 heap_released=11198464 mallocs=52750968 num_gc=52
[graph-profile] assemble_new_files                 0.136s  total= 5.355s  trace=session  new=4086 ts_noop=false non_ts_need=false skip=false facts=59661
[memory-phase] trace=session phase=index_group_owners total_alloc=3604094344 heap_alloc=365868864 heap_sys=439353344 heap_idle=4210688 heap_released=2695168 mallocs=52886121 num_gc=52
[graph-profile] index_group_owners                 0.017s  total= 5.372s  trace=session  facts=59224 owners=4034
[graph-profile] publish_scope                      0.001s  total= 5.373s  trace=session  scope=8483
[graph-profile] encode_append_owners               1.792s  total= 7.164s  trace=session  published=4034
[graph-profile] publish_resolved                   0.050s  total= 7.214s  trace=session  owners=4034
[graph-profile] revalidate_ts_records              0.153s  total= 7.367s  trace=session  n=4086
[memory-phase] trace=since phase=ts_config_inputs total_alloc=4209325176 heap_alloc=250797776 heap_sys=506331136 heap_idle=157057024 heap_released=4562944 mallocs=54499334 num_gc=56
[graph-profile] ts_config_inputs                   0.091s  n=83
[graph-profile] state_json_marshal                 0.170s  bytes=56633450 files=4086
[graph-profile] state_fingerprint                  0.024s  write bytes=56633450
[memory-phase] trace=session phase=write_pending_state total_alloc=4599058656 heap_alloc=463397552 heap_sys=774766592 heap_idle=207396864 heap_released=21897216 mallocs=55190327 num_gc=57
[graph-profile] write_pending_state                0.331s  total= 7.698s  trace=session
[memory-phase] trace=session phase=end_flush_ack total_alloc=4600995728 heap_alloc=465334624 heap_sys=774701056 heap_idle=206774272 heap_released=21897216 mallocs=55207213 num_gc=57
[graph-profile] end_flush_ack                      0.060s  total= 7.758s  trace=session
[memory-phase] trace=session phase=promote_compact_state total_alloc=4601887232 heap_alloc=466226128 heap_sys=774668288 heap_idle=205930496 heap_released=21897216 mallocs=55208878 num_gc=57
[graph-profile] promote_compact_state              0.068s  total= 7.826s  trace=session  parsed=4034 published=4034
[memory-phase] trace=cli phase=graph_session_run total_alloc=4601887776 heap_alloc=466226672 heap_sys=774864896 heap_idle=206127104 heap_released=21897216 mallocs=55208895 num_gc=57
[graph-profile] graph_session_run                  7.933s  total= 8.272s  trace=cli  repo=/private/tmp/enola-stage16-phase-memory/cli-pairs/correctness-candidate-1/product parsed=4034
[memory-phase] trace=cli phase=cli_complete total_alloc=4601910248 heap_alloc=466249144 heap_sys=774864896 heap_idle=206127104 heap_released=21897216 mallocs=55209141 num_gc=57
[graph-profile] cli_complete                       0.000s  total= 8.272s  trace=cli  results=1
