[graph-profile] flags_parsed                       0.000s  total= 0.000s  trace=cli  mode=analyze
[graph-profile] config_load                        0.000s  total= 0.000s  trace=graph_engine  config.yaml
[graph-profile] declare_config_deps                0.000s  total= 0.000s  trace=graphinput_build  deps=2
[graph-profile] discover_git                       0.042s  total= 0.042s  trace=graphinput_build  repo=true dirs=2
[graph-profile] declare_git_control                0.005s  total= 0.047s  trace=graphinput_build  deps=6
[graph-profile] git_ls_files                       0.057s  total= 0.104s  trace=graphinput_build  tracked=45105 dirs=5818
[graph-profile] walk_tree                          0.118s  total= 0.222s  trace=graphinput_build  names=11635 ignorefiles=4
[graph-profile] check_ignore_setup                 0.017s  total= 0.239s  trace=graphinput_build
[graph-profile] check_ignore_run                   0.060s  total= 0.299s  trace=graphinput_build  names=11635 ignored=0
[graph-profile] declare_ignore_files               0.000s  total= 0.299s  trace=graphinput_build  deps=9
[graph-profile] compute_identities                 0.032s  total= 0.331s  trace=graphinput_build  deps=9 entries=11635
[graph-profile] graphinput_build                   0.332s  total= 0.332s  trace=graph_engine  configpaths=2
[graph-profile] engine_new                         0.000s  total= 0.332s  trace=graph_engine
[graph-profile] register_plugins                   0.000s  total= 0.332s  trace=graph_engine
[graph-profile] config_recheck                     0.000s  total= 0.332s  trace=graph_engine
[graph-profile] resolve_graph_target               0.333s  total= 0.333s  trace=cli  repos=1
[graph-profile] connect_sink                       0.001s  total= 0.334s  trace=cli  nats=true
[graph-profile] session_options                    0.000s  total= 0.334s  trace=cli  repo=/private/tmp/enola-stage16-phase-memory/cli-pairs/correctness-candidate-1/product
[graph-profile] lock                               0.000s  total= 0.000s  trace=open
[graph-profile] bind_identity                      0.000s  total= 0.000s  trace=open
[graph-profile] open_journal                       0.000s  total= 0.000s  trace=open
[graph-profile] replay_unacked                     0.005s  total= 0.005s  trace=open
[memory-phase] trace=open phase=load_state total_alloc=67049856 heap_alloc=19792280 heap_sys=37027840 heap_idle=14442496 heap_released=7446528 mallocs=166012 num_gc=6
[graph-profile] load_state                         0.000s  total= 0.006s  trace=open  files=0
[graph-profile] transaction_enter                  0.000s  total= 0.000s  trace=reconcile  fast=false failed=false
[graph-profile] effective_config_before            0.000s  total= 0.000s  trace=reconcile  files=2
[graph-profile] graph_inputs_proven                0.102s  total= 0.102s  trace=reconcile
[graph-profile] effective_config                   0.000s  total= 0.102s  trace=reconcile  files=2 fast=false
[graph-profile] reconcile_complete                 0.000s  total= 0.102s  trace=reconcile  reloaded=false
[graph-profile] engine_walk_repo                   0.122s  files=10965 tests=0 all_names=10965
[memory-phase] trace=inputs phase=inventory total_alloc=90112480 heap_alloc=16782288 heap_sys=45416448 heap_idle=26394624 heap_released=17661952 mallocs=291249 num_gc=8
[graph-profile] inventory                          0.122s  total= 0.122s  trace=inputs  files=10965 all_names=10965
[graph-profile] detect_typescript                  0.001s
[graph-profile] detect_extractors                  0.001s  total= 0.123s  trace=inputs  detected=1
[graph-profile] select_hash_targets                0.006s  total= 0.128s  trace=inputs  targets=4105
[graph-profile] engine_hash_files                  0.147s  n=4105 hashed=4105 bytes=45822335
[graph-profile] hash_content_inputs                0.147s  total= 0.276s  trace=inputs  targets=4105
[graph-profile] capture_contexts                   0.000s  total= 0.276s  trace=inputs  contexts=0
[memory-phase] trace=since phase=ts_config_inputs total_alloc=151815528 heap_alloc=19142624 heap_sys=45383680 heap_idle=23994368 heap_released=13213696 mallocs=409862 num_gc=13
[graph-profile] ts_config_inputs                   0.094s  n=83
[graph-profile] analysis_fingerprint               0.096s  total= 0.372s  trace=inputs  cfg_files=59
[graph-profile] angular_probe                      0.003s  total= 0.375s  trace=inputs  angular=false
[graph-profile] policy_identity                    0.000s  total= 0.375s  trace=inputs
[graph-profile] engine_context_fingerprint         0.000s  total= 0.375s  trace=inputs
[graph-profile] ts_disc_nuxt_packages              0.125s  pkgs=0
[graph-profile] ts_disc_package_gates              0.001s
[graph-profile] ts_disc_package_names              0.000s  names=30
[graph-profile] ts_disc_alias_roots                0.088s  roots=1
[graph-profile] ts_disc_package_exports            0.000s  packages=30
[graph-profile] ts_discovery_build                 0.225s  side_reads=1965 stat_reads=1977 walked_dirs=655 captured=59
[graph-profile] ts_discovery                       0.225s  total= 0.599s  trace=inputs  names=0 bytes=0 dirs=0
[graph-profile] ts_session_context                 0.055s  total= 0.654s  trace=inputs  files=4086
[graph-profile] runtime_inputs_complete            0.000s  total= 0.654s  trace=inputs
[graph-profile] clone_file_state_copy              0.000s  n=0
[graph-profile] extractor_need                     0.680s  total= 0.680s  trace=session  non_ts_need=false detected=1 neutral=0
[graph-profile] changed_terms                      0.008s  total= 0.688s  trace=session  initial=true force=true non_ts=false scan=false raw_cfg=false policy=true neutral_scan=false neutral_cfg=false
[graph-profile] invalidation_plan                  0.015s  total= 0.703s  trace=session  reason=frozen scope: global name-resolution domain whole=true extra=0
[graph-profile] revalidate_before_begin            0.001s  n=59 superseded=false
[graph-profile] begin_publish                      0.049s  total= 0.752s  trace=session  scope=8483
[graph-profile] ts_dirty_scope                     0.001s  total= 0.753s  trace=session  dirty=0 scope=4086 force=true
[graph-profile] ts_detect_frameworks               0.000s  total= 0.000s  trace=ts  files=4086 shared_discovery=true
[graph-profile] ts_disc_package_aliases            0.000s  aliases=21
[graph-profile] ts_read_dirty                      0.053s  total= 0.054s  trace=ts  to_read=4086 cached=0
[graph-profile] ts_graphql_grpc_index              0.382s  total= 0.436s  trace=ts  ts_files=4086
[graph-profile] ts_mapfiles_aggregate              4.079s  total= 4.515s  trace=ts  parsed=4034 facts=59224 routers=0 scans=1684 derived=2309
[graph-profile] ts_compose_modules                 0.003s  total= 4.518s  trace=ts  facts=59661 records=4086 unread=0
[memory-phase] trace=session phase=ts_extract_session total_alloc=3444650640 heap_alloc=315763680 heap_sys=414220288 heap_idle=53075968 heap_released=8142848 mallocs=52457539 num_gc=51
[graph-profile] ts_extract_session                 4.521s  total= 5.273s  trace=session  parsed=4034 cached=0 facts=59661 records=4086
[memory-phase] trace=session phase=assemble_new_files total_alloc=3544146776 heap_alloc=203640880 heap_sys=447774720 heap_idle=182763520 heap_released=65888256 mallocs=52737940 num_gc=52
[graph-profile] assemble_new_files                 0.142s  total= 5.416s  trace=session  new=4086 ts_noop=false non_ts_need=false skip=false facts=59661
[memory-phase] trace=session phase=index_group_owners total_alloc=3597571888 heap_alloc=257065992 heap_sys=447610880 heap_idle=135987200 heap_released=65888256 mallocs=52873099 num_gc=52
[graph-profile] index_group_owners                 0.019s  total= 5.435s  trace=session  facts=59224 owners=4034
[graph-profile] publish_scope                      0.002s  total= 5.437s  trace=session  scope=8483
[graph-profile] encode_append_owners               1.730s  total= 7.167s  trace=session  published=4034
[graph-profile] publish_resolved                   0.048s  total= 7.215s  trace=session  owners=4034
[graph-profile] revalidate_ts_records              0.121s  total= 7.335s  trace=session  n=4086
[memory-phase] trace=since phase=ts_config_inputs total_alloc=4203383536 heap_alloc=362174776 heap_sys=460095488 heap_idle=15933440 heap_released=2605056 mallocs=54486353 num_gc=56
[graph-profile] ts_config_inputs                   0.095s  n=83
[graph-profile] state_json_marshal                 0.187s  bytes=56633219 files=4086
[graph-profile] state_fingerprint                  0.025s  write bytes=56633219
[memory-phase] trace=session phase=write_pending_state total_alloc=4593128440 heap_alloc=430948248 heap_sys=707723264 heap_idle=179863552 heap_released=18071552 mallocs=55177365 num_gc=58
[graph-profile] write_pending_state                0.372s  total= 7.707s  trace=session
[memory-phase] trace=session phase=end_flush_ack total_alloc=4595072168 heap_alloc=432891976 heap_sys=707657728 heap_idle=179240960 heap_released=18071552 mallocs=55194267 num_gc=58
[graph-profile] end_flush_ack                      0.067s  total= 7.773s  trace=session
[memory-phase] trace=session phase=promote_compact_state total_alloc=4595962864 heap_alloc=433782672 heap_sys=707624960 heap_idle=178405376 heap_released=18071552 mallocs=55195929 num_gc=58
[graph-profile] promote_compact_state              0.077s  total= 7.850s  trace=session  parsed=4034 published=4034
[memory-phase] trace=cli phase=graph_session_run total_alloc=4595963408 heap_alloc=433783216 heap_sys=707821568 heap_idle=178601984 heap_released=18071552 mallocs=55195946 num_gc=58
[graph-profile] graph_session_run                  7.958s  total= 8.292s  trace=cli  repo=/private/tmp/enola-stage16-phase-memory/cli-pairs/correctness-candidate-1/product parsed=4034
[memory-phase] trace=cli phase=cli_complete total_alloc=4595986200 heap_alloc=433806008 heap_sys=707821568 heap_idle=178601984 heap_released=18071552 mallocs=55196194 num_gc=58
[graph-profile] cli_complete                       0.000s  total= 8.292s  trace=cli  results=1
