[graph-profile] flags_parsed                       0.000s  total= 0.000s  trace=cli  mode=delta
[graph-profile] config_load                        0.000s  total= 0.000s  trace=graph_engine  config.yaml
[graph-profile] declare_config_deps                0.000s  total= 0.000s  trace=graphinput_build  deps=2
[graph-profile] discover_git                       0.043s  total= 0.043s  trace=graphinput_build  repo=true dirs=2
[graph-profile] declare_git_control                0.005s  total= 0.048s  trace=graphinput_build  deps=6
[graph-profile] git_ls_files                       0.058s  total= 0.106s  trace=graphinput_build  tracked=45105 dirs=5818
[graph-profile] walk_tree                          0.118s  total= 0.225s  trace=graphinput_build  names=11635 ignorefiles=4
[graph-profile] check_ignore_setup                 0.017s  total= 0.242s  trace=graphinput_build
[graph-profile] check_ignore_run                   0.058s  total= 0.300s  trace=graphinput_build  names=11635 ignored=0
[graph-profile] declare_ignore_files               0.000s  total= 0.301s  trace=graphinput_build  deps=9
[graph-profile] compute_identities                 0.033s  total= 0.334s  trace=graphinput_build  deps=9 entries=11635
[graph-profile] graphinput_build                   0.335s  total= 0.335s  trace=graph_engine  configpaths=2
[graph-profile] engine_new                         0.000s  total= 0.335s  trace=graph_engine
[graph-profile] register_plugins                   0.000s  total= 0.335s  trace=graph_engine
[graph-profile] config_recheck                     0.000s  total= 0.335s  trace=graph_engine
[graph-profile] resolve_graph_target               0.335s  total= 0.335s  trace=cli  repos=1
[graph-profile] connect_sink                       0.001s  total= 0.336s  trace=cli  nats=true
[graph-profile] session_options                    0.000s  total= 0.336s  trace=cli  repo=/private/tmp/enola-stage16-phase-memory/cli-pairs/correctness-candidate-1/product
[graph-profile] lock                               0.000s  total= 0.000s  trace=open
[graph-profile] bind_identity                      0.000s  total= 0.000s  trace=open
[graph-profile] open_journal                       0.000s  total= 0.000s  trace=open
[graph-profile] replay_unacked                     0.000s  total= 0.000s  trace=open
[graph-profile] state_read_bytes                   0.012s  state.json bytes=56633210
[graph-profile] state_fingerprint                  0.024s  bytes=56633210
[memory-phase] trace=since phase=state_json_unmarshal total_alloc=234071408 heap_alloc=159925784 heap_sys=171212800 heap_idle=6217728 heap_released=6176768 mallocs=1725861 num_gc=8
[graph-profile] state_json_unmarshal               0.243s  files=4086
[memory-phase] trace=open phase=load_state total_alloc=234072128 heap_alloc=159926504 heap_sys=171212800 heap_idle=6217728 heap_released=6176768 mallocs=1725880 num_gc=8
[graph-profile] load_state                         0.279s  total= 0.279s  trace=open  files=4086
[graph-profile] transaction_enter                  0.000s  total= 0.000s  trace=reconcile  fast=false failed=false
[graph-profile] effective_config_before            0.000s  total= 0.000s  trace=reconcile  files=2
[graph-profile] graph_inputs_proven                0.101s  total= 0.101s  trace=reconcile
[graph-profile] effective_config                   0.000s  total= 0.102s  trace=reconcile  files=2 fast=false
[graph-profile] reconcile_complete                 0.000s  total= 0.102s  trace=reconcile  reloaded=false
[graph-profile] engine_walk_repo                   0.120s  files=10965 tests=0 all_names=10965
[memory-phase] trace=inputs phase=inventory total_alloc=257132432 heap_alloc=182986808 heap_sys=192184320 heap_idle=4186112 heap_released=4186112 mallocs=1851111 num_gc=8
[graph-profile] inventory                          0.120s  total= 0.120s  trace=inputs  files=10965 all_names=10965
[graph-profile] detect_typescript                  0.001s
[graph-profile] detect_extractors                  0.001s  total= 0.121s  trace=inputs  detected=1
[graph-profile] select_hash_targets                0.009s  total= 0.129s  trace=inputs  targets=4105
[graph-profile] engine_hash_files                  0.153s  n=4105 hashed=4105 bytes=45822424
[graph-profile] hash_content_inputs                0.153s  total= 0.282s  trace=inputs  targets=4105
[graph-profile] capture_contexts                   0.000s  total= 0.282s  trace=inputs  contexts=0
[memory-phase] trace=since phase=ts_config_inputs total_alloc=318845512 heap_alloc=119285584 heap_sys=234094592 heap_idle=98254848 heap_released=5013504 mallocs=1969727 num_gc=9
[graph-profile] ts_config_inputs                   0.095s  n=83
[graph-profile] analysis_fingerprint               0.097s  total= 0.380s  trace=inputs  cfg_files=59
[graph-profile] angular_probe                      0.003s  total= 0.383s  trace=inputs  angular=false
[graph-profile] policy_identity                    0.000s  total= 0.383s  trace=inputs
[graph-profile] engine_context_fingerprint         0.000s  total= 0.383s  trace=inputs
[graph-profile] ts_disc_nuxt_packages              0.127s  pkgs=0
[graph-profile] ts_disc_package_gates              0.000s
[graph-profile] ts_disc_package_names              0.000s  names=30
[graph-profile] ts_disc_alias_roots                0.085s  roots=1
[graph-profile] ts_disc_package_exports            0.000s  packages=30
[graph-profile] ts_discovery_build                 0.224s  side_reads=1965 stat_reads=1977 walked_dirs=655 captured=59
[graph-profile] ts_discovery                       0.224s  total= 0.607s  trace=inputs  names=0 bytes=0 dirs=0
[graph-profile] ts_session_context                 0.057s  total= 0.664s  trace=inputs  files=4086
[graph-profile] runtime_inputs_complete            0.000s  total= 0.664s  trace=inputs
[graph-profile] clone_file_state_copy              0.000s  n=4086
[graph-profile] extractor_need                     0.697s  total= 0.697s  trace=session  non_ts_need=false detected=1 neutral=0
[graph-profile] changed_terms                      0.016s  total= 0.713s  trace=session  initial=false force=false non_ts=false scan=true raw_cfg=false policy=false neutral_scan=false neutral_cfg=false
[graph-profile] ts_detect_frameworks               0.000s  total= 0.000s  trace=ts  files=4086 shared_discovery=true
[graph-profile] ts_disc_package_aliases            0.000s  aliases=21
[graph-profile] ts_read_dirty                      0.005s  total= 0.005s  trace=ts  to_read=53 cached=4033
[graph-profile] ts_graphql_grpc_index              0.098s  total= 0.103s  trace=ts  ts_files=4086
[graph-profile] ts_mapfiles_aggregate              0.042s  total= 0.145s  trace=ts  parsed=1 facts=59225 routers=0 scans=0 derived=1
[graph-profile] ts_compose_modules                 0.003s  total= 0.148s  trace=ts  facts=59662 records=4086 unread=0
[graph-profile] ts_detect_frameworks               0.000s  total= 0.000s  trace=ts  files=4086 shared_discovery=true
[graph-profile] ts_disc_package_aliases            0.000s  aliases=21
[graph-profile] ts_read_dirty                      0.006s  total= 0.006s  trace=ts  to_read=63 cached=4023
[graph-profile] ts_graphql_grpc_index              0.102s  total= 0.108s  trace=ts  ts_files=4086
[graph-profile] ts_mapfiles_aggregate              0.297s  total= 0.405s  trace=ts  parsed=11 facts=59225 routers=0 scans=117 derived=7
[graph-profile] ts_compose_modules                 0.004s  total= 0.409s  trace=ts  facts=59662 records=4086 unread=0
[graph-profile] ts_frozen_preview                  0.721s  total= 1.433s  trace=session  dirty=12 err=false
[graph-profile] invalidation_plan                  0.201s  total= 1.634s  trace=session  reason=frozen scope: prior file-to-file dependency closure whole=false extra=0
[graph-profile] revalidate_before_begin            0.002s  n=71 superseded=false
[graph-profile] begin_publish                      0.042s  total= 1.676s  trace=session  scope=12
[graph-profile] ts_dirty_scope                     0.111s  total= 1.787s  trace=session  dirty=12 scope=12 force=false
[memory-phase] trace=session phase=ts_extract_session total_alloc=978894336 heap_alloc=173354208 heap_sys=321945600 heap_idle=135348224 heap_released=17588224 mallocs=4799962 num_gc=15
[graph-profile] ts_extract_session                 0.000s  total= 1.788s  trace=session  parsed=12 cached=4022 facts=59662 records=4086
[memory-phase] trace=session phase=assemble_new_files total_alloc=1169931488 heap_alloc=278122592 heap_sys=321978368 heap_idle=24952832 heap_released=6987776 mallocs=5286151 num_gc=16
[graph-profile] assemble_new_files                 0.173s  total= 1.961s  trace=session  new=4086 ts_noop=false non_ts_need=false skip=false facts=59662
[memory-phase] trace=session phase=index_group_owners total_alloc=1434020168 heap_alloc=308861584 heap_sys=330399744 heap_idle=6864896 heap_released=6602752 mallocs=6778324 num_gc=18
[graph-profile] index_group_owners                 0.154s  total= 2.115s  trace=session  facts=59225 owners=4034
[graph-profile] publish_scope                      0.000s  total= 2.116s  trace=session  scope=12
[graph-profile] encode_append_owners               0.005s  total= 2.120s  trace=session  published=12
[graph-profile] publish_resolved                   0.045s  total= 2.166s  trace=session  owners=12
[graph-profile] revalidate_ts_records              0.147s  total= 2.313s  trace=session  n=4086
[memory-phase] trace=since phase=ts_config_inputs total_alloc=1499484856 heap_alloc=182543208 heap_sys=363823104 heap_idle=163962880 heap_released=5693440 mallocs=6914059 num_gc=19
[graph-profile] ts_config_inputs                   0.095s  n=83
[graph-profile] state_json_marshal                 0.168s  bytes=56633929 files=4086
[graph-profile] state_fingerprint                  0.025s  write bytes=56633929
[memory-phase] trace=session phase=write_pending_state total_alloc=1889339432 heap_alloc=319235296 heap_sys=582057984 heap_idle=241623040 heap_released=19521536 mallocs=7568830 num_gc=21
[graph-profile] write_pending_state                0.326s  total= 2.639s  trace=session
[memory-phase] trace=session phase=end_flush_ack total_alloc=1889373880 heap_alloc=319269744 heap_sys=581992448 heap_idle=241549312 heap_released=19521536 mallocs=7569153 num_gc=21
[graph-profile] end_flush_ack                      0.033s  total= 2.672s  trace=session
[memory-phase] trace=session phase=promote_compact_state total_alloc=1890189448 heap_alloc=320085312 heap_sys=581992448 heap_idle=240754688 heap_released=19521536 mallocs=7569445 num_gc=21
[graph-profile] promote_compact_state              0.059s  total= 2.731s  trace=session  parsed=12 published=12
[memory-phase] trace=cli phase=graph_session_run total_alloc=1890190248 heap_alloc=320086112 heap_sys=582057984 heap_idle=240820224 heap_released=19521536 mallocs=7569464 num_gc=21
[graph-profile] graph_session_run                  3.112s  total= 3.448s  trace=cli  repo=/private/tmp/enola-stage16-phase-memory/cli-pairs/correctness-candidate-1/product parsed=12
[memory-phase] trace=cli phase=cli_complete total_alloc=1890214384 heap_alloc=320110248 heap_sys=582057984 heap_idle=240820224 heap_released=19521536 mallocs=7569724 num_gc=21
[graph-profile] cli_complete                       0.000s  total= 3.448s  trace=cli  results=1
