[graph-profile] flags_parsed                       0.000s  total= 0.000s  trace=cli  mode=delta
[graph-profile] config_load                        0.000s  total= 0.000s  trace=graph_engine  config.yaml
[graph-profile] declare_config_deps                0.000s  total= 0.000s  trace=graphinput_build  deps=2
[graph-profile] discover_git                       0.032s  total= 0.032s  trace=graphinput_build  repo=true dirs=2
[graph-profile] declare_git_control                0.010s  total= 0.042s  trace=graphinput_build  deps=10
[graph-profile] git_ls_files                       0.054s  total= 0.096s  trace=graphinput_build  tracked=45105 dirs=5818
[graph-profile] walk_tree                          0.116s  total= 0.212s  trace=graphinput_build  names=11635 ignorefiles=4
[graph-profile] check_ignore_setup                 0.015s  total= 0.227s  trace=graphinput_build
[graph-profile] check_ignore_run                   0.058s  total= 0.284s  trace=graphinput_build  names=11635 ignored=0
[graph-profile] declare_ignore_files               0.000s  total= 0.284s  trace=graphinput_build  deps=13
[graph-profile] compute_identities                 0.033s  total= 0.318s  trace=graphinput_build  deps=13 entries=11635
[graph-profile] graphinput_build                   0.319s  total= 0.319s  trace=graph_engine  configpaths=2
[graph-profile] engine_new                         0.000s  total= 0.319s  trace=graph_engine
[graph-profile] register_plugins                   0.000s  total= 0.319s  trace=graph_engine
[graph-profile] config_recheck                     0.000s  total= 0.319s  trace=graph_engine
[graph-profile] resolve_graph_target               0.319s  total= 0.319s  trace=cli  repos=1
enola graph: config /tmp/enola-stage21-startup-profile/run1/config.yaml
[graph-profile] connect_sink                       0.001s  total= 0.320s  trace=cli  nats=true
[graph-profile] session_options                    0.000s  total= 0.320s  trace=cli  repo=/tmp/enola-stage21-startup-profile/run1/product
[graph-profile] lock                               0.000s  total= 0.000s  trace=open
[graph-profile] bind_identity                      0.000s  total= 0.000s  trace=open
[graph-profile] open_journal                       0.000s  total= 0.000s  trace=open
[graph-profile] replay_unacked                     0.000s  total= 0.000s  trace=open
[graph-profile] state_read_bytes                   0.013s  state.json bytes=56633692
[graph-profile] state_fingerprint                  0.024s  bytes=56633692
[graph-profile] state_json_unmarshal               0.246s  files=4086
[graph-profile] load_state                         0.284s  total= 0.284s  trace=open  files=4086
[graph-profile] transaction_enter                  0.000s  total= 0.000s  trace=reconcile  fast=false failed=false
[graph-profile] effective_config_before            0.000s  total= 0.000s  trace=reconcile  files=2
[graph-profile] graph_inputs_proven                0.097s  total= 0.098s  trace=reconcile
[graph-profile] effective_config                   0.000s  total= 0.098s  trace=reconcile  files=2 fast=false
[graph-profile] reconcile_complete                 0.000s  total= 0.098s  trace=reconcile  reloaded=false
[graph-profile] engine_walk_repo                   0.114s  files=10965 tests=0 all_names=10965
[graph-profile] inventory                          0.114s  total= 0.114s  trace=inputs  files=10965 all_names=10965
[graph-profile] detect_typescript                  0.001s
[graph-profile] detect_extractors                  0.001s  total= 0.115s  trace=inputs  detected=1
[graph-profile] select_hash_targets                0.010s  total= 0.124s  trace=inputs  targets=4105
[graph-profile] engine_hash_files                  0.155s  n=4105 hashed=4105 bytes=45822317
[graph-profile] hash_content_inputs                0.155s  total= 0.280s  trace=inputs  targets=4105
[graph-profile] capture_contexts                   0.000s  total= 0.280s  trace=inputs  contexts=0
[graph-profile] ts_config_inputs                   0.135s  n=83
[graph-profile] analysis_fingerprint               0.137s  total= 0.417s  trace=inputs  cfg_files=59
[graph-profile] angular_probe                      0.003s  total= 0.420s  trace=inputs  angular=false
[graph-profile] policy_identity                    0.000s  total= 0.420s  trace=inputs
[graph-profile] engine_context_fingerprint         0.000s  total= 0.420s  trace=inputs
[graph-profile] ts_disc_nuxt_packages              0.120s  pkgs=0
[graph-profile] ts_disc_package_gates              0.000s
[graph-profile] ts_disc_package_names              0.000s  names=30
[graph-profile] ts_disc_alias_roots                0.080s  roots=1
[graph-profile] ts_disc_package_exports            0.000s  packages=30
[graph-profile] ts_discovery_build                 0.211s  side_reads=1965 stat_reads=1977 walked_dirs=655 captured=59
[graph-profile] ts_discovery                       0.211s  total= 0.631s  trace=inputs  names=0 bytes=0 dirs=0
[graph-profile] ts_session_context                 0.057s  total= 0.688s  trace=inputs  files=4086
[graph-profile] runtime_inputs_complete            0.000s  total= 0.688s  trace=inputs
[graph-profile] clone_file_state_copy              0.000s  n=4086
[graph-profile] extractor_need                     0.722s  total= 0.722s  trace=session  non_ts_need=false detected=1 neutral=0
[graph-profile] changed_terms                      0.007s  total= 0.729s  trace=session  initial=false force=false non_ts=false scan=false raw_cfg=false policy=false neutral_scan=false neutral_cfg=false
[graph-profile] ts_reuse_cache                     0.039s  total= 0.768s  trace=session  owned=4086 facts=59661
[graph-profile] assemble_new_files                 0.002s  total= 0.770s  trace=session  new=4086 ts_noop=true non_ts_need=false skip=true facts=59661
[graph-profile] ts_config_inputs                   0.132s  n=83
[graph-profile] skip_publish_return                0.134s  total= 0.904s  trace=session
[graph-profile] graph_session_run                  1.295s  total= 1.615s  trace=cli  repo=/tmp/enola-stage21-startup-profile/run1/product parsed=0
[graph] /tmp/enola-stage21-startup-profile/run1/product: generation 1→1 parsed=0 cached=4086 early_local=0 fallbacks=0
[graph-profile] cli_complete                       0.000s  total= 1.616s  trace=cli  results=1
        1.63 real         1.32 user         0.49 sys
           302186496  maximum resident set size
                   0  average shared memory size
                   0  average unshared data size
                   0  average unshared stack size
               42727  page reclaims
                 238  page faults
                   0  swaps
                   0  block input operations
                   0  block output operations
                   4  messages sent
                   3  messages received
                 293  signals received
                 114  voluntary context switches
                3281  involuntary context switches
         18356322092  instructions retired
          5184651251  cycles elapsed
           261835136  peak memory footprint
