enola graph: config /var/folders/69/n9gknnz11gq1gwnvwt1rlt200000gn/T/enola-route-profile-eaaq91y4/config.yaml
[graph-profile] lock                               0.000s  total= 0.000s
[graph-profile] bind_identity                      0.000s  total= 0.000s
[graph-profile] open_journal                       0.000s  total= 0.000s
[graph-profile] replay_unacked                     0.000s  total= 0.000s
[graph-profile] state_read_bytes                   0.011s  state.json bytes=46067941
[graph-profile] state_json_unmarshal               0.364s  files=4244
[graph-profile] load_state                         0.375s  total= 0.375s  files=4244
[graph-profile] engine_walk_repo                   0.149s  files=11127 tests=0 all_names=11127
[graph-profile] inventory                          0.149s  total= 0.149s  files=11127 all_names=11127
[graph-profile] detect_typescript                  0.001s
[graph-profile] detect_extractors                  0.001s  total= 0.150s  detected=1
[graph-profile] engine_hash_files                  0.183s  n=4263 hashed=4263 bytes=48628696
[graph-profile] hash_content_inputs                0.193s  total= 0.343s  targets=4263
[graph-profile] ts_config_inputs                   0.075s  n=83
[graph-profile] analysis_fingerprint               0.077s  total= 0.420s  cfg_files=59
[graph-profile] clone_file_state_copy              0.000s  n=4244
[graph-profile] extractor_need                     0.549s  total= 0.549s  non_ts_need=false detected=1
[graph-profile] ts_reuse_cache                     0.033s  total= 0.582s  owned=4244 facts=59753
[graph-profile] assemble_new_files                 0.002s  total= 0.584s  new=4244 ts_noop=true non_ts_need=false skip=true facts=59753
[graph-profile] ts_config_inputs                   0.072s  n=83
[graph-profile] skip_publish_return                0.074s  total= 0.659s
[graph] /var/folders/69/n9gknnz11gq1gwnvwt1rlt200000gn/T/enola-route-product-diagnostic-mzh5dtso/product-live: generation 1→1 parsed=0 cached=4244 early_local=0 fallbacks=0
        1.95 real         1.58 user         0.54 sys
           299466752  maximum resident set size
                   0  average shared memory size
                   0  average unshared data size
                   0  average unshared stack size
               55322  page reclaims
                 265  page faults
                   0  swaps
                   0  block input operations
                   0  block output operations
                   4  messages sent
                   3  messages received
                 250  signals received
                  99  voluntary context switches
                4897  involuntary context switches
         21809300230  instructions retired
          6029451251  cycles elapsed
           283429248  peak memory footprint
