[graph-profile] flags_parsed                       0.000s  total= 0.000s  trace=cli  mode=delta
[graph-profile] config_load                        0.000s  total= 0.000s  trace=graph_engine  config.yaml
[graph-profile] declare_config_deps                0.000s  total= 0.000s  trace=graphinput_build  deps=2
[graph-profile] discover_git                       0.048s  total= 0.048s  trace=graphinput_build  repo=true dirs=2
[graph-profile] declare_git_control                0.005s  total= 0.053s  trace=graphinput_build  deps=6
[graph-profile] git_ls_files                       0.041s  total= 0.094s  trace=graphinput_build  tracked=45466 dirs=5853
[graph-profile] walk_tree                          0.117s  total= 0.212s  trace=graphinput_build  names=14460 ignorefiles=4
[graph-profile] check_ignore_setup                 0.018s  total= 0.230s  trace=graphinput_build
[graph-profile] check_ignore_run                   0.070s  total= 0.301s  trace=graphinput_build  names=14460 ignored=0
[graph-profile] declare_ignore_files               0.000s  total= 0.301s  trace=graphinput_build  deps=9
[graph-profile] compute_identities                 0.031s  total= 0.331s  trace=graphinput_build  deps=9 entries=14460
[graph-profile] graphinput_build                   0.332s  total= 0.332s  trace=graph_engine  configpaths=2
[graph-profile] engine_new                         0.000s  total= 0.332s  trace=graph_engine
[graph-profile] register_plugins                   0.000s  total= 0.332s  trace=graph_engine
[graph-profile] config_recheck                     0.000s  total= 0.332s  trace=graph_engine
[graph-profile] resolve_graph_target               0.333s  total= 0.333s  trace=cli  repos=1
enola graph: config /private/tmp/enola-state-write-diagnostic/cli-pairs/correctness-candidate-1/config.yaml
[graph-profile] connect_sink                       0.001s  total= 0.334s  trace=cli  nats=true
[graph-profile] session_options                    0.000s  total= 0.334s  trace=cli  repo=/private/tmp/enola-state-write-diagnostic/cli-pairs/correctness-candidate-1/product
[graph-profile] lock                               0.000s  total= 0.000s  trace=open
[graph-profile] bind_identity                      0.000s  total= 0.000s  trace=open
[graph-profile] open_journal                       0.000s  total= 0.000s  trace=open
[graph-profile] replay_unacked                     0.000s  total= 0.000s  trace=open
[graph-profile] state_read_bytes                   0.021s  state.json bytes=90888042
[graph-profile] state_fingerprint                  0.038s  bytes=90888042
[graph-profile] state_json_unmarshal               0.392s  files=7779
[graph-profile] load_state                         0.451s  total= 0.451s  trace=open  files=7779
[graph-profile] transaction_enter                  0.000s  total= 0.000s  trace=reconcile  fast=false failed=false
[graph-profile] effective_config_before            0.000s  total= 0.000s  trace=reconcile  files=2
[graph-profile] graph_inputs_proven                0.096s  total= 0.096s  trace=reconcile
[graph-profile] effective_config                   0.000s  total= 0.096s  trace=reconcile  files=2 fast=false
[graph-profile] reconcile_complete                 0.000s  total= 0.096s  trace=reconcile  reloaded=false
[graph-profile] engine_walk_repo                   0.115s  files=13777 tests=0 all_names=13777
[graph-profile] inventory                          0.115s  total= 0.115s  trace=inputs  files=13777 all_names=13777
[graph-profile] detect_go                          0.000s
[graph-profile] detect_manifests                   0.000s
[graph-profile] detect_mdintent                    0.000s
[graph-profile] detect_dotnet                      0.006s
[graph-profile] detect_cpp                         0.007s
[graph-profile] detect_hcl                         0.001s
[graph-profile] detect_ansible                     0.002s
[graph-profile] detect_java                        0.004s
[graph-profile] detect_kotlin                      0.005s
[graph-profile] detect_php                         0.001s
[graph-profile] detect_python                      0.000s
[graph-profile] detect_typescript                  0.001s
[graph-profile] detect_swift                       0.001s
[graph-profile] detect_ruby                        0.003s
[graph-profile] detect_rust                        0.002s
[graph-profile] detect_scala                       0.006s
[graph-profile] detect_dart                        0.002s
[graph-profile] detect_grpc                        0.075s
[graph-profile] detect_openapi                     0.077s
[graph-profile] detect_asyncapi                    0.132s
[graph-profile] detect_extractors                  0.132s  total= 0.248s  trace=inputs  detected=6
[graph-profile] select_hash_targets                0.027s  total= 0.274s  trace=inputs  targets=7798
[graph-profile] engine_hash_files                  0.151s  n=7798 hashed=7798 bytes=82212679
[graph-profile] hash_content_inputs                0.152s  total= 0.426s  trace=inputs  targets=7798
[graph-profile] capture_contexts                   0.075s  total= 0.501s  trace=inputs  contexts=2
[graph-profile] ts_config_inputs                   0.061s  n=83
[graph-profile] analysis_fingerprint               0.068s  total= 0.569s  trace=inputs  cfg_files=59
[graph-profile] angular_probe                      0.004s  total= 0.572s  trace=inputs  angular=false
[graph-profile] policy_identity                    0.000s  total= 0.572s  trace=inputs
[graph-profile] engine_context_fingerprint         0.000s  total= 0.572s  trace=inputs
[graph-profile] ts_disc_nuxt_packages              0.097s  pkgs=0
[graph-profile] ts_disc_package_gates              0.001s
[graph-profile] ts_disc_package_names              0.000s  names=30
[graph-profile] ts_disc_alias_roots                0.015s  roots=1
[graph-profile] ts_disc_package_exports            0.000s  packages=30
[graph-profile] ts_discovery_build                 0.123s  side_reads=2004 stat_reads=2016 walked_dirs=668 captured=59
[graph-profile] ts_discovery                       0.123s  total= 0.695s  trace=inputs  names=0 bytes=0 dirs=0
[graph-profile] ts_session_context                 0.092s  total= 0.787s  trace=inputs  files=6801
[graph-profile] runtime_inputs_complete            0.000s  total= 0.787s  trace=inputs
[graph-profile] clone_file_state_copy              0.001s  n=7779
[graph-profile] extractor_need                     0.850s  total= 0.850s  trace=session  non_ts_need=false detected=6 neutral=0
[graph-profile] changed_terms                      0.008s  total= 0.859s  trace=session  initial=false force=false non_ts=false scan=false raw_cfg=false policy=false neutral_scan=false neutral_cfg=false
[graph-profile] ts_reuse_cache                     0.042s  total= 0.900s  trace=session  owned=6801 facts=12109
[graph-profile] assemble_new_files                 0.012s  total= 0.912s  trace=session  new=7779 ts_noop=true non_ts_need=false skip=true facts=12128
[graph-profile] ts_config_inputs                   0.062s  n=83
[graph-profile] skip_publish_return                0.064s  total= 0.976s  trace=session
[graph-profile] graph_session_run                  1.528s  total= 1.861s  trace=cli  repo=/private/tmp/enola-state-write-diagnostic/cli-pairs/correctness-candidate-1/product parsed=0
[graph] /private/tmp/enola-state-write-diagnostic/cli-pairs/correctness-candidate-1/product: generation 1→1 parsed=0 cached=6801 early_local=0 fallbacks=0
[graph-profile] cli_complete                       0.000s  total= 1.862s  trace=cli  results=1
        1.87 real         1.71 user         1.26 sys
           373145600  maximum resident set size
                   0  average shared memory size
                   0  average unshared data size
                   0  average unshared stack size
               52574  page reclaims
                 251  page faults
                   0  swaps
                   0  block input operations
                   0  block output operations
                   4  messages sent
                   3  messages received
                 264  signals received
                  93  voluntary context switches
               14651  involuntary context switches
         25210583547  instructions retired
          8687313745  cycles elapsed
           355781120  peak memory footprint
