[graph-profile] flags_parsed                       0.000s  total= 0.000s  trace=cli  mode=delta
[graph-profile] config_load                        0.000s  total= 0.000s  trace=graph_engine  config.yaml
[graph-profile] declare_config_deps                0.000s  total= 0.000s  trace=graphinput_build  deps=2
[graph-profile] discover_git                       0.043s  total= 0.043s  trace=graphinput_build  repo=true dirs=2
[graph-profile] declare_git_control                0.005s  total= 0.048s  trace=graphinput_build  deps=6
[graph-profile] git_ls_files                       0.040s  total= 0.089s  trace=graphinput_build  tracked=45466 dirs=5853
[graph-profile] walk_tree                          0.117s  total= 0.205s  trace=graphinput_build  names=14460 ignorefiles=4
[graph-profile] check_ignore_setup                 0.018s  total= 0.224s  trace=graphinput_build
[graph-profile] check_ignore_run                   0.073s  total= 0.296s  trace=graphinput_build  names=14460 ignored=0
[graph-profile] declare_ignore_files               0.000s  total= 0.297s  trace=graphinput_build  deps=9
[graph-profile] compute_identities                 0.031s  total= 0.328s  trace=graphinput_build  deps=9 entries=14460
[graph-profile] graphinput_build                   0.329s  total= 0.329s  trace=graph_engine  configpaths=2
[graph-profile] engine_new                         0.000s  total= 0.329s  trace=graph_engine
[graph-profile] register_plugins                   0.000s  total= 0.329s  trace=graph_engine
[graph-profile] config_recheck                     0.000s  total= 0.329s  trace=graph_engine
[graph-profile] resolve_graph_target               0.329s  total= 0.329s  trace=cli  repos=1
enola graph: config /private/tmp/enola-state-write-diagnostic/cli-pairs/correctness-candidate-1/config.yaml
[graph-profile] connect_sink                       0.001s  total= 0.330s  trace=cli  nats=true
[graph-profile] session_options                    0.000s  total= 0.330s  trace=cli  repo=/private/tmp/enola-state-write-diagnostic/cli-pairs/correctness-candidate-1/product
[graph-profile] lock                               0.000s  total= 0.000s  trace=open
[graph-profile] bind_identity                      0.000s  total= 0.000s  trace=open
[graph-profile] open_journal                       0.000s  total= 0.000s  trace=open
[graph-profile] replay_unacked                     0.000s  total= 0.000s  trace=open
[graph-profile] state_read_bytes                   0.013s  state.json bytes=90888042
[graph-profile] state_fingerprint                  0.042s  bytes=90888042
[graph-profile] state_json_unmarshal               0.393s  files=7779
[graph-profile] load_state                         0.447s  total= 0.448s  trace=open  files=7779
[graph-profile] transaction_enter                  0.000s  total= 0.000s  trace=reconcile  fast=false failed=false
[graph-profile] effective_config_before            0.000s  total= 0.000s  trace=reconcile  files=2
[graph-profile] graph_inputs_proven                0.097s  total= 0.097s  trace=reconcile
[graph-profile] effective_config                   0.000s  total= 0.097s  trace=reconcile  files=2 fast=false
[graph-profile] reconcile_complete                 0.000s  total= 0.097s  trace=reconcile  reloaded=false
[graph-profile] engine_walk_repo                   0.116s  files=13777 tests=0 all_names=13777
[graph-profile] inventory                          0.116s  total= 0.116s  trace=inputs  files=13777 all_names=13777
[graph-profile] detect_go                          0.000s
[graph-profile] detect_manifests                   0.000s
[graph-profile] detect_mdintent                    0.000s
[graph-profile] detect_dotnet                      0.006s
[graph-profile] detect_cpp                         0.007s
[graph-profile] detect_hcl                         0.001s
[graph-profile] detect_ansible                     0.002s
[graph-profile] detect_java                        0.005s
[graph-profile] detect_kotlin                      0.005s
[graph-profile] detect_php                         0.001s
[graph-profile] detect_python                      0.000s
[graph-profile] detect_typescript                  0.001s
[graph-profile] detect_swift                       0.001s
[graph-profile] detect_ruby                        0.003s
[graph-profile] detect_rust                        0.002s
[graph-profile] detect_scala                       0.006s
[graph-profile] detect_dart                        0.002s
[graph-profile] detect_grpc                        0.072s
[graph-profile] detect_openapi                     0.074s
[graph-profile] detect_asyncapi                    0.137s
[graph-profile] detect_extractors                  0.137s  total= 0.252s  trace=inputs  detected=6
[graph-profile] select_hash_targets                0.024s  total= 0.276s  trace=inputs  targets=7798
[graph-profile] engine_hash_files                  0.147s  n=7798 hashed=7798 bytes=82212786
[graph-profile] hash_content_inputs                0.147s  total= 0.424s  trace=inputs  targets=7798
[graph-profile] capture_contexts                   0.074s  total= 0.498s  trace=inputs  contexts=2
[graph-profile] ts_config_inputs                   0.060s  n=83
[graph-profile] analysis_fingerprint               0.067s  total= 0.565s  trace=inputs  cfg_files=59
[graph-profile] angular_probe                      0.004s  total= 0.569s  trace=inputs  angular=false
[graph-profile] policy_identity                    0.000s  total= 0.569s  trace=inputs
[graph-profile] engine_context_fingerprint         0.000s  total= 0.569s  trace=inputs
[graph-profile] ts_disc_nuxt_packages              0.099s  pkgs=0
[graph-profile] ts_disc_package_gates              0.001s
[graph-profile] ts_disc_package_names              0.000s  names=30
[graph-profile] ts_disc_alias_roots                0.016s  roots=1
[graph-profile] ts_disc_package_exports            0.000s  packages=30
[graph-profile] ts_discovery_build                 0.127s  side_reads=2004 stat_reads=2016 walked_dirs=668 captured=59
[graph-profile] ts_discovery                       0.127s  total= 0.696s  trace=inputs  names=0 bytes=0 dirs=0
[graph-profile] ts_session_context                 0.094s  total= 0.790s  trace=inputs  files=6801
[graph-profile] runtime_inputs_complete            0.000s  total= 0.790s  trace=inputs
[graph-profile] clone_file_state_copy              0.001s  n=7779
[graph-profile] extractor_need                     0.853s  total= 0.853s  trace=session  non_ts_need=false detected=6 neutral=0
[graph-profile] changed_terms                      0.021s  total= 0.874s  trace=session  initial=false force=false non_ts=false scan=true raw_cfg=false policy=false neutral_scan=false neutral_cfg=false
[graph-profile] ts_detect_frameworks               0.000s  total= 0.000s  trace=ts  files=6801 shared_discovery=true
[graph-profile] ts_disc_package_aliases            0.000s  aliases=21
[graph-profile] ts_read_dirty                      0.004s  total= 0.004s  trace=ts  to_read=1 cached=6800
[graph-profile] ts_graphql_grpc_index              0.001s  total= 0.005s  trace=ts  ts_files=6801
[graph-profile] ts_mapfiles_aggregate              0.055s  total= 0.060s  trace=ts  parsed=1 facts=89382 routers=0 scans=0 derived=1
[graph-profile] ts_compose_modules                 0.004s  total= 0.064s  trace=ts  facts=89824 records=6801 unread=0
[graph-profile] ts_detect_frameworks               0.000s  total= 0.000s  trace=ts  files=6801 shared_discovery=true
[graph-profile] ts_disc_package_aliases            0.000s  aliases=21
[graph-profile] ts_read_dirty                      0.004s  total= 0.005s  trace=ts  to_read=21 cached=6780
[graph-profile] ts_graphql_grpc_index              0.003s  total= 0.007s  trace=ts  ts_files=6801
[graph-profile] ts_mapfiles_aggregate              0.348s  total= 0.355s  trace=ts  parsed=21 facts=89382 routers=0 scans=129 derived=15
[graph-profile] ts_compose_modules                 0.004s  total= 0.359s  trace=ts  facts=89824 records=6801 unread=0
[graph-profile] ts_frozen_preview                  0.638s  total= 1.512s  trace=session  dirty=22 err=false
[graph-profile] invalidation_plan                  0.247s  total= 1.758s  trace=session  reason=frozen scope: prior file-to-file dependency closure whole=false extra=0
[graph-profile] begin_publish                      0.000s  total= 1.759s  trace=session  scope=22
[graph-profile] ts_dirty_scope                     0.155s  total= 1.914s  trace=session  dirty=22 scope=22 force=false
[graph-profile] ts_extract_session                 0.000s  total= 1.914s  trace=session  parsed=22 cached=6779 facts=89824 records=6801
[graph-profile] assemble_new_files                 0.247s  total= 2.162s  trace=session  new=7779 ts_noop=false non_ts_need=false skip=false facts=101952
[graph-profile] index_group_owners                 0.149s  total= 2.310s  trace=session  facts=100578 owners=7714
[graph-profile] compare_owner_contributions        0.006s  total= 2.317s  trace=session  scope=1
[graph-profile] revalidate_before_begin            0.002s  n=81 superseded=false
[graph-profile] begin_publish_late                 0.039s  total= 2.356s  trace=session  scope=1
[graph-profile] encode_append_owners               0.001s  total= 2.357s  trace=session  published=1
[graph-profile] publish_resolved                   0.028s  total= 2.385s  trace=session  owners=1
[graph-profile] revalidate_ts_records              0.197s  total= 2.582s  trace=session  n=6801
[graph-profile] ts_config_inputs                   0.060s  n=83
[graph-profile] state_output_write                 0.013s
[graph-profile] state_output_hash                  0.038s
[graph-profile] state_encode_remaining             0.261s  includes diagnostic overhead
[graph-profile] state_json_encode_write            0.312s  bytes=90888761 files=7779
[graph-profile] state_file_sync                    0.013s  total= 0.013s  trace=state_durable_write
[graph-profile] state_file_close                   0.000s  total= 0.013s  trace=state_durable_write
[graph-profile] state_pending_rename               0.000s  total= 0.013s  trace=state_durable_write
[graph-profile] state_directory_sync               0.004s  total= 0.017s  trace=state_durable_write
[graph-profile] write_pending_state                0.469s  total= 3.051s  trace=session
[graph-profile] end_flush_ack                      0.032s  total= 3.084s  trace=session
[graph-profile] promote_compact_state              0.062s  total= 3.145s  trace=session  parsed=22 published=1
[graph-profile] graph_session_run                  3.690s  total= 4.020s  trace=cli  repo=/private/tmp/enola-state-write-diagnostic/cli-pairs/correctness-candidate-1/product parsed=22
[graph] /private/tmp/enola-state-write-diagnostic/cli-pairs/correctness-candidate-1/product: generation 2→3 parsed=22 cached=6779 early_local=0 fallbacks=1
[graph] fallback graph: changed files and reverse file dependents (frozen scope: prior file-to-file dependency closure)
[graph-profile] cli_complete                       0.000s  total= 4.020s  trace=cli  results=1
        4.04 real         4.93 user         1.63 sys
           844316672  maximum resident set size
                   0  average shared memory size
                   0  average unshared data size
                   0  average unshared stack size
               82114  page reclaims
                 237  page faults
                   0  swaps
                   0  block input operations
                   0  block output operations
                  12  messages sent
                  11  messages received
                 712  signals received
                 345  voluntary context switches
               23031  involuntary context switches
         61515723328  instructions retired
         19696615551  cycles elapsed
           799755904  peak memory footprint
