[graph-profile] flags_parsed                       0.000s  total= 0.000s  trace=cli  mode=delta
[graph-profile] config_load                        0.000s  total= 0.000s  trace=graph_engine  config.yaml
[graph-profile] declare_config_deps                0.000s  total= 0.000s  trace=graphinput_build  deps=2
[graph-profile] discover_git                       0.043s  total= 0.043s  trace=graphinput_build  repo=true dirs=2
[graph-profile] declare_git_control                0.010s  total= 0.052s  trace=graphinput_build  deps=10
[graph-profile] git_ls_files                       0.041s  total= 0.093s  trace=graphinput_build  tracked=45453 dirs=5852
[graph-profile] walk_tree                          0.113s  total= 0.206s  trace=graphinput_build  names=14446 ignorefiles=4
[graph-profile] check_ignore_setup                 0.018s  total= 0.224s  trace=graphinput_build
[graph-profile] check_ignore_run                   0.070s  total= 0.294s  trace=graphinput_build  names=14446 ignored=0
[graph-profile] declare_ignore_files               0.000s  total= 0.294s  trace=graphinput_build  deps=13
[graph-profile] compute_identities                 0.030s  total= 0.325s  trace=graphinput_build  deps=13 entries=14446
[graph-profile] graphinput_build                   0.326s  total= 0.326s  trace=graph_engine  configpaths=2
[graph-profile] engine_new                         0.000s  total= 0.326s  trace=graph_engine
[graph-profile] register_plugins                   0.000s  total= 0.326s  trace=graph_engine
[graph-profile] config_recheck                     0.000s  total= 0.326s  trace=graph_engine
[graph-profile] resolve_graph_target               0.326s  total= 0.326s  trace=cli  repos=1
enola graph: config /tmp/enola-proven-inventory/fresh-profile/config.yaml
[graph-profile] connect_sink                       0.001s  total= 0.327s  trace=cli  nats=true
[graph-profile] session_options                    0.000s  total= 0.327s  trace=cli  repo=/tmp/enola-proven-inventory/fresh-profile/product
[graph-profile] lock                               0.000s  total= 0.000s  trace=open
[graph-profile] bind_identity                      0.000s  total= 0.000s  trace=open
[graph-profile] open_journal                       0.000s  total= 0.000s  trace=open
[graph-profile] replay_unacked                     0.000s  total= 0.000s  trace=open
[graph-profile] state_read_bytes                   0.013s  state.json bytes=90686138
[graph-profile] state_fingerprint                  0.039s  bytes=90686138
[graph-profile] state_json_unmarshal               0.391s  files=7772
[graph-profile] load_state                         0.444s  total= 0.444s  trace=open  files=7772
[graph-profile] transaction_enter                  0.000s  total= 0.000s  trace=reconcile  fast=false failed=false
[graph-profile] effective_config_before            0.000s  total= 0.000s  trace=reconcile  files=2
[graph-profile] graph_inputs_proven                0.189s  total= 0.189s  trace=reconcile
[graph-profile] effective_config                   0.000s  total= 0.189s  trace=reconcile  files=2 fast=false
[graph-profile] reconcile_complete                 0.000s  total= 0.189s  trace=reconcile  reloaded=false
[graph-profile] inventory                          0.000s  total= 0.000s  trace=inputs  files=13764 all_names=13764
[graph-profile] detect_go                          0.000s
[graph-profile] detect_manifests                   0.000s
[graph-profile] detect_mdintent                    0.000s
[graph-profile] detect_dotnet                      0.006s
[graph-profile] detect_cpp                         0.007s
[graph-profile] detect_hcl                         0.001s
[graph-profile] detect_ansible                     0.002s
[graph-profile] detect_java                        0.005s
[graph-profile] detect_kotlin                      0.005s
[graph-profile] detect_php                         0.001s
[graph-profile] detect_python                      0.000s
[graph-profile] detect_typescript                  0.001s
[graph-profile] detect_swift                       0.001s
[graph-profile] detect_ruby                        0.003s
[graph-profile] detect_rust                        0.002s
[graph-profile] detect_scala                       0.007s
[graph-profile] detect_dart                        0.002s
[graph-profile] detect_grpc                        0.074s
[graph-profile] detect_openapi                     0.074s
[graph-profile] detect_asyncapi                    0.135s
[graph-profile] detect_extractors                  0.135s  total= 0.135s  trace=inputs  detected=6
[graph-profile] select_hash_targets                0.023s  total= 0.158s  trace=inputs  targets=7791
[graph-profile] engine_hash_files                  0.281s  n=7791 hashed=7791 bytes=82572444
[graph-profile] hash_content_inputs                0.281s  total= 0.439s  trace=inputs  targets=7791
[graph-profile] capture_contexts                   0.067s  total= 0.506s  trace=inputs  contexts=2
[graph-profile] ts_config_inputs                   0.053s  n=83
[graph-profile] analysis_fingerprint               0.059s  total= 0.565s  trace=inputs  cfg_files=59
[graph-profile] angular_probe                      0.003s  total= 0.568s  trace=inputs  angular=false
[graph-profile] policy_identity                    0.000s  total= 0.568s  trace=inputs
[graph-profile] engine_context_fingerprint         0.000s  total= 0.568s  trace=inputs
[graph-profile] ts_disc_nuxt_packages              0.085s  pkgs=0
[graph-profile] ts_disc_package_gates              0.001s
[graph-profile] ts_disc_package_names              0.000s  names=30
[graph-profile] ts_disc_alias_roots                0.063s  roots=1
[graph-profile] ts_disc_package_exports            0.000s  packages=30
[graph-profile] ts_discovery_build                 0.158s  side_reads=2001 stat_reads=2013 walked_dirs=667 captured=59
[graph-profile] ts_discovery                       0.159s  total= 0.727s  trace=inputs  names=0 bytes=0 dirs=0
[graph-profile] ts_session_context                 0.088s  total= 0.815s  trace=inputs  files=6804
[graph-profile] runtime_inputs_complete            0.000s  total= 0.815s  trace=inputs
[graph-profile] clone_file_state_copy              0.001s  n=7772
[graph-profile] extractor_need                     0.880s  total= 0.880s  trace=session  non_ts_need=false detected=6 neutral=0
[graph-profile] changed_terms                      0.009s  total= 0.888s  trace=session  initial=false force=false non_ts=false scan=false raw_cfg=false policy=false neutral_scan=false neutral_cfg=false
[graph-profile] ts_reuse_cache                     0.040s  total= 0.928s  trace=session  owned=6804 facts=12004
[graph-profile] assemble_new_files                 0.012s  total= 0.940s  trace=session  new=7772 ts_noop=true non_ts_need=false skip=true facts=12023
[graph-profile] ts_config_inputs                   0.054s  n=83
[graph-profile] skip_publish_return                0.056s  total= 0.996s  trace=session
[graph-profile] graph_session_run                  1.638s  total= 1.965s  trace=cli  repo=/tmp/enola-proven-inventory/fresh-profile/product parsed=0
[graph] /tmp/enola-proven-inventory/fresh-profile/product: generation 1→1 parsed=0 cached=6804 early_local=0 fallbacks=0
[graph-profile] cli_complete                       0.000s  total= 1.966s  trace=cli  results=1
