[graph-profile] flags_parsed                       0.000s  total= 0.000s  trace=cli  mode=delta
[graph-profile] config_load                        0.000s  total= 0.000s  trace=graph_engine  config.yaml
[graph-profile] declare_config_deps                0.000s  total= 0.000s  trace=graphinput_build  deps=2
[graph-profile] discover_git                       0.042s  total= 0.042s  trace=graphinput_build  repo=true dirs=2
[graph-profile] declare_git_control                0.005s  total= 0.047s  trace=graphinput_build  deps=6
[graph-profile] git_ls_files                       0.057s  total= 0.103s  trace=graphinput_build  tracked=45105 dirs=5818
[graph-profile] walk_tree                          0.118s  total= 0.221s  trace=graphinput_build  names=11635 ignorefiles=4
[graph-profile] check_ignore_setup                 0.018s  total= 0.239s  trace=graphinput_build
[graph-profile] check_ignore_run                   0.061s  total= 0.300s  trace=graphinput_build  names=11635 ignored=0
[graph-profile] declare_ignore_files               0.000s  total= 0.300s  trace=graphinput_build  deps=9
[graph-profile] compute_identities                 0.034s  total= 0.335s  trace=graphinput_build  deps=9 entries=11635
[graph-profile] graphinput_build                   0.335s  total= 0.336s  trace=graph_engine  configpaths=2
[graph-profile] engine_new                         0.000s  total= 0.336s  trace=graph_engine
[graph-profile] register_plugins                   0.000s  total= 0.336s  trace=graph_engine
[graph-profile] config_recheck                     0.000s  total= 0.336s  trace=graph_engine
[graph-profile] resolve_graph_target               0.336s  total= 0.336s  trace=cli  repos=1
enola graph: config /private/tmp/enola-stage22-hop-profile/diag/cli-pairs/instrumented-1/config.yaml
[graph-profile] connect_sink                       0.001s  total= 0.337s  trace=cli  nats=true
[graph-profile] session_options                    0.000s  total= 0.337s  trace=cli  repo=/private/tmp/enola-stage22-hop-profile/diag/cli-pairs/instrumented-1/product
[graph-profile] lock                               0.000s  total= 0.000s  trace=open
[graph-profile] bind_identity                      0.000s  total= 0.000s  trace=open
[graph-profile] open_journal                       0.000s  total= 0.000s  trace=open
[graph-profile] replay_unacked                     0.000s  total= 0.000s  trace=open
[graph-profile] state_read_bytes                   0.008s  state.json bytes=56633192
[graph-profile] state_fingerprint                  0.026s  bytes=56633192
[graph-profile] state_proof_bound                  0.000s  owners=4086 hash_inputs=4105 proof_bytes=10977 state_bytes=56633192
[graph-profile] load_state                         0.034s  total= 0.034s  trace=open  deferred owners=4086
[graph-profile] transaction_enter                  0.000s  total= 0.000s  trace=reconcile  fast=false failed=false
[graph-profile] effective_config_before            0.000s  total= 0.000s  trace=reconcile  files=2
[graph-profile] graph_inputs_proven                0.099s  total= 0.099s  trace=reconcile
[graph-profile] effective_config                   0.000s  total= 0.099s  trace=reconcile  files=2 fast=false
[graph-profile] reconcile_complete                 0.000s  total= 0.099s  trace=reconcile  reloaded=false
[graph-profile] engine_walk_repo                   0.118s  files=10965 tests=0 all_names=10965
[graph-profile] inventory                          0.118s  total= 0.118s  trace=inputs  files=10965 all_names=10965
[graph-profile] detect_typescript                  0.001s
[graph-profile] detect_extractors                  0.001s  total= 0.119s  trace=inputs  detected=1
[graph-profile] select_hash_targets                0.006s  total= 0.124s  trace=inputs  targets=4105
[graph-profile] engine_hash_files                  0.143s  n=4105 hashed=4105 bytes=45822424
[graph-profile] hash_content_inputs                0.143s  total= 0.267s  trace=inputs  targets=4105
[graph-profile] capture_contexts                   0.000s  total= 0.267s  trace=inputs  contexts=0
[graph-profile] ts_config_inputs                   0.145s  n=83
[graph-profile] analysis_fingerprint               0.147s  total= 0.414s  trace=inputs  cfg_files=59
[graph-profile] angular_probe                      0.003s  total= 0.417s  trace=inputs  angular=false
[graph-profile] policy_identity                    0.000s  total= 0.417s  trace=inputs
[graph-profile] engine_context_fingerprint         0.000s  total= 0.417s  trace=inputs
[graph-profile] ts_disc_nuxt_packages              0.123s  pkgs=0
[graph-profile] ts_disc_package_gates              0.000s
[graph-profile] ts_disc_package_names              0.000s  names=30
[graph-profile] ts_disc_alias_roots                0.084s  roots=1
[graph-profile] ts_disc_package_exports            0.000s  packages=30
[graph-profile] ts_discovery_build                 0.218s  side_reads=1965 stat_reads=1977 walked_dirs=655 captured=59
[graph-profile] ts_discovery                       0.218s  total= 0.636s  trace=inputs  names=0 bytes=0 dirs=0
[graph-profile] ts_session_context                 0.053s  total= 0.688s  trace=inputs  files=4086
[graph-profile] runtime_inputs_complete            0.000s  total= 0.688s  trace=inputs
[graph-profile] state_proof_refused                0.708s  total= 0.807s  trace=reconcile  inventory scan digest moved
[graph-profile] state_read_bytes                   0.009s  state.json bytes=56633192
[graph-profile] state_bytes_compared               0.004s  bytes=56633192 same=true
[graph-profile] state_json_unmarshal               0.238s  files=4086
[graph-profile] state_proof_fallback_decode        0.000s  files=4086
[graph-profile] runtime_inputs_reusable            0.260s  total= 1.066s  trace=reconcile  targets=4105
[graph-profile] runtime_inputs_reused              0.000s  total= 0.000s  trace=session  targets=4105 contexts=0
[graph-profile] clone_file_state_copy              0.000s  n=4086
[graph-profile] extractor_need                     0.025s  total= 0.025s  trace=session  non_ts_need=false detected=1 neutral=0
[graph-profile] changed_terms                      0.017s  total= 0.042s  trace=session  initial=false force=false non_ts=false scan=true raw_cfg=false policy=false neutral_scan=false neutral_cfg=false
[graph-profile] ts_detect_frameworks               0.000s  total= 0.000s  trace=ts  files=4086 shared_discovery=true
[graph-profile] ts_disc_package_aliases            0.000s  aliases=21
[graph-profile] ts_read_dirty                      0.006s  total= 0.006s  trace=ts  to_read=53 cached=4033
[graph-profile] hop_need_classification            0.000s  to_read=53 prior_minified=52 prior_minified_with_framework=0 no_prior_record=0 all_dirty=false
[graph-profile] hop_fw_summary_collect             0.095s  files=53 of=4086 bytes=11120002
[graph-profile] hop_fw_summary_collect_minified    0.095s  files=52 bytes=11113023 note=prior_record_minified
[graph-profile] hop_fw_summary_merge               0.001s  files=4033 of=4086 no_prev_record=0
[graph-profile] hop_nuxt_indexes                   0.000s  nuxt=false pkgs=0 known_files=4086
[graph-profile] ts_graphql_grpc_index              0.096s  total= 0.102s  trace=ts  ts_files=4086
2026/09/25 13:41:52 [ts-extractor] skipping minified/bundled file apps/mobile/storybook-static/assets/DeepScan-DHvM5dCJ.js
2026/09/25 13:41:52 [ts-extractor] skipping minified/bundled file apps/mobile/storybook-static/assets/PointsCard-UPQ-OhXY.js
2026/09/25 13:41:52 [ts-extractor] skipping minified/bundled file apps/mobile/storybook-static/assets/OnboardingFirstSessionScreen-Ccla2iGl.js
2026/09/25 13:41:52 [ts-extractor] skipping minified/bundled file apps/mobile/storybook-static/assets/DocsRenderer-LL677BLK-BuIR6bZY.js
2026/09/25 13:41:52 [ts-extractor] skipping minified/bundled file apps/mobile/storybook-static/assets/LeakedLogo-DG0KS9dA.js
2026/09/25 13:41:52 [ts-extractor] skipping minified/bundled file apps/mobile/storybook-static/assets/GetStartedFreeScreen-BnD4gdvs.js
2026/09/25 13:41:52 [ts-extractor] skipping minified/bundled file apps/mobile/storybook-static/assets/PricingContentContext-ENjeFjYN.js
2026/09/25 13:41:52 [ts-extractor] skipping minified/bundled file apps/mobile/storybook-static/assets/MainAppShell-DykjRsCQ.js
2026/09/25 13:41:52 [ts-extractor] skipping minified/bundled file apps/mobile/storybook-static/assets/Color-23OOGO2C-CFyZFonx.js
2026/09/25 13:41:52 [ts-extractor] skipping minified/bundled file apps/mobile/storybook-static/assets/GetStartedScreen-DiHBSXQR.js
2026/09/25 13:41:52 [ts-extractor] skipping minified/bundled file apps/mobile/storybook-static/assets/ProfileScreen-aoCBlYSa.js
2026/09/25 13:41:52 [ts-extractor] skipping minified/bundled file apps/mobile/storybook-static/assets/ProtectFreeScreen-4DLtefNg.js
2026/09/25 13:41:52 [ts-extractor] skipping minified/bundled file apps/mobile/storybook-static/assets/ScreenContentTransition-Bs4S8klL.js
2026/09/25 13:41:52 [ts-extractor] skipping minified/bundled file apps/mobile/storybook-static/assets/ScreenFigmaComparisonPanel-CvcgEIaM.js
2026/09/25 13:41:52 [ts-extractor] skipping minified/bundled file apps/mobile/storybook-static/assets/SubscriptionInfoCard-CX9utM5L.js
2026/09/25 13:41:52 [ts-extractor] skipping minified/bundled file apps/mobile/storybook-static/assets/chunk-3LY4VQVK-DCoUZ6n4.js
2026/09/25 13:41:52 [ts-extractor] skipping minified/bundled file apps/mobile/storybook-static/assets/RiskIndicatorDropMessage-f1IgdUCx.js
2026/09/25 13:41:52 [ts-extractor] skipping minified/bundled file apps/mobile/storybook-static/assets/StatusBadge-DGggXXdu.js
2026/09/25 13:41:52 [ts-extractor] skipping minified/bundled file apps/mobile/storybook-static/assets/ProjectedFigmaScreen-B-0ULYBe.js
2026/09/25 13:41:52 [ts-extractor] skipping minified/bundled file apps/mobile/storybook-static/assets/TabBar-vMBrgBKe.js
2026/09/25 13:41:52 [ts-extractor] skipping minified/bundled file apps/mobile/storybook-static/assets/ScreenCompositionHost-WK6OxeVJ.js
2026/09/25 13:41:52 [ts-extractor] skipping minified/bundled file apps/mobile/storybook-static/assets/ProtectSurface-CtgJS1RL.js
2026/09/25 13:41:52 [ts-extractor] skipping minified/bundled file apps/mobile/storybook-static/assets/chunk-LITCR56V-JVUNf0OC.js
2026/09/25 13:41:52 [ts-extractor] skipping minified/bundled file apps/mobile/storybook-static/assets/deepscan-components.stories-DuUlNjuO.js
2026/09/25 13:41:52 [ts-extractor] skipping minified/bundled file apps/mobile/storybook-static/assets/WithTooltip-65CFNBJE-B3RsNAAg.js
2026/09/25 13:41:52 [ts-extractor] skipping minified/bundled file apps/mobile/storybook-static/assets/getStartedDataSlotSource-Rr5d3rz_.js
2026/09/25 13:41:52 [ts-extractor] skipping minified/bundled file apps/mobile/storybook-static/assets/onboardingDataSlotSource-qPx6fUNU.js
2026/09/25 13:41:52 [ts-extractor] skipping minified/bundled file apps/mobile/storybook-static/assets/figma-components.stories-LvwegD9L.js
2026/09/25 13:41:52 [ts-extractor] skipping minified/bundled file apps/mobile/storybook-static/assets/Toast-DoOWktSp.js
2026/09/25 13:41:52 [ts-extractor] skipping minified/bundled file apps/mobile/storybook-static/assets/profile.stories-DlPoX8YC.js
2026/09/25 13:41:52 [ts-extractor] skipping minified/bundled file apps/mobile/storybook-static/assets/pricingFixtures.generated-CEiD1ca2.js
2026/09/25 13:41:52 [ts-extractor] skipping minified/bundled file apps/mobile/storybook-static/assets/legalLinks-CB7C40_C.js
2026/09/25 13:41:52 [ts-extractor] skipping minified/bundled file apps/mobile/storybook-static/assets/protect-task.stories-dOTaLEMy.js
2026/09/25 13:41:52 [ts-extractor] skipping minified/bundled file apps/mobile/storybook-static/assets/screenReviewStoryKit-Dt_Rkzsv.js
2026/09/25 13:41:52 [ts-extractor] skipping minified/bundled file apps/mobile/storybook-static/assets/react-18-BfUV1oqG.js
2026/09/25 13:41:52 [ts-extractor] skipping minified/bundled file apps/mobile/storybook-static/assets/screenBackgroundMorph-RdKWbQdJ.js
2026/09/25 13:41:52 [ts-extractor] skipping minified/bundled file apps/mobile/storybook-static/assets/generatedFigmaComponents-DmjMpYnh.js
2026/09/25 13:41:52 [ts-extractor] skipping minified/bundled file apps/mobile/storybook-static/assets/syntaxhighlighter-W7WJGI2T-BKWqXrBS.js
2026/09/25 13:41:52 [ts-extractor] skipping minified/bundled file apps/mobile/storybook-static/assets/components-BtTjbzAC.js
2026/09/25 13:41:52 [ts-extractor] skipping minified/bundled file apps/mobile/storybook-static/sb-addons/docs-1/manager-bundle.js
2026/09/25 13:41:52 [ts-extractor] skipping minified/bundled file apps/mobile/storybook-static/assets/theming-BRkukHDK.js
2026/09/25 13:41:52 [ts-extractor] skipping minified/bundled file apps/mobile/storybook-static/assets/onyxStoryMetadata-Bq_5Th--.js
2026/09/25 13:41:52 [ts-extractor] skipping minified/bundled file apps/mobile/storybook-static/vite-inject-mocker-entry.js
2026/09/25 13:41:52 [ts-extractor] skipping minified/bundled file apps/mobile/storybook-static/assets/train.stories-Dz3ntN8J.js
2026/09/25 13:41:52 [ts-extractor] skipping minified/bundled file apps/mobile/storybook-static/assets/screenStructureStoryKit-ComKfaDB.js
2026/09/25 13:41:52 [ts-extractor] skipping minified/bundled file apps/mobile/storybook-static/assets/figmaScreenStructures.generated-JjgbhcQt.js
2026/09/25 13:41:52 [ts-extractor] skipping minified/bundled file apps/mobile/storybook-static/assets/ScreenBackgroundBlur-DBMfPfhN.js
2026/09/25 13:41:52 [ts-extractor] skipping minified/bundled file apps/mobile/storybook-static/sb-addons/storybook-core-server-presets-0/common-manager-bundle.js
2026/09/25 13:41:52 [ts-extractor] skipping minified/bundled file apps/mobile/storybook-static/assets/iframe-D-RxKruK.js
2026/09/25 13:41:52 [ts-extractor] skipping minified/bundled file apps/mobile/storybook-static/sb-manager/runtime.js
2026/09/25 13:41:52 [ts-extractor] skipping minified/bundled file scripts/deploy/t013-pulumi-role-handoff.mjs
2026/09/25 13:41:52 [ts-extractor] skipping minified/bundled file apps/mobile/storybook-static/sb-manager/globals-runtime.js
[graph-profile] hop_minified_skipped               0.005s  files=52 bytes=11113023 note=hash_only_summed_goroutine
[graph-profile] hop_mapfiles_wall                  0.012s  files=4086 cached=4033 needed_uncached=53 cached_summed_ns=3615591 needed_summed_ns=20254372 note=needed_includes_minified_and_unreadable
[graph-profile] hop_export_scan_total              0.000s  scans=0 derived=1 summed_goroutine=true scope=all_index_callers
[graph-profile] hop_export_surface_index           0.000s  calls=0 summed_goroutine=true scope=post_extraction_surface_branch_only
[graph-profile] hop_export_surface_peek            0.000s  calls=1 summed_goroutine=true scope=post_extraction_surface_branch_only
[graph-profile] hop_aggregate_serial               0.028s  files=4086 facts=59225 routers=0
[graph-profile] hop_fact_clone                     0.023s  facts=59225
[graph-profile] ts_mapfiles_aggregate              0.040s  total= 0.142s  trace=ts  parsed=1 facts=59225 routers=0 scans=0 derived=1
[graph-profile] ts_compose_modules                 0.003s  total= 0.144s  trace=ts  facts=59662 records=4086 unread=0
[graph-profile] ts_detect_frameworks               0.000s  total= 0.000s  trace=ts  files=4086 shared_discovery=true
[graph-profile] ts_disc_package_aliases            0.000s  aliases=21
[graph-profile] ts_read_dirty                      0.005s  total= 0.005s  trace=ts  to_read=63 cached=4023
[graph-profile] hop_need_classification            0.000s  to_read=63 prior_minified=52 prior_minified_with_framework=0 no_prior_record=0 all_dirty=false
[graph-profile] hop_fw_summary_collect             0.102s  files=63 of=4086 bytes=11617471
[graph-profile] hop_fw_summary_collect_minified    0.097s  files=52 bytes=11113023 note=prior_record_minified
[graph-profile] hop_fw_summary_merge               0.000s  files=4023 of=4086 no_prev_record=0
[graph-profile] hop_nuxt_indexes                   0.000s  nuxt=false pkgs=0 known_files=4086
[graph-profile] ts_graphql_grpc_index              0.102s  total= 0.108s  trace=ts  ts_files=4086
2026/09/25 13:41:52 [ts-extractor] skipping minified/bundled file apps/mobile/storybook-static/assets/DeepScan-DHvM5dCJ.js
2026/09/25 13:41:52 [ts-extractor] skipping minified/bundled file apps/mobile/storybook-static/assets/OnboardingFirstSessionScreen-Ccla2iGl.js
2026/09/25 13:41:52 [ts-extractor] skipping minified/bundled file apps/mobile/storybook-static/assets/MainAppShell-DykjRsCQ.js
2026/09/25 13:41:52 [ts-extractor] skipping minified/bundled file apps/mobile/storybook-static/assets/GetStartedFreeScreen-BnD4gdvs.js
2026/09/25 13:41:52 [ts-extractor] skipping minified/bundled file apps/mobile/storybook-static/assets/GetStartedScreen-DiHBSXQR.js
2026/09/25 13:41:52 [ts-extractor] skipping minified/bundled file apps/mobile/storybook-static/assets/Color-23OOGO2C-CFyZFonx.js
2026/09/25 13:41:52 [ts-extractor] skipping minified/bundled file apps/mobile/storybook-static/assets/PricingContentContext-ENjeFjYN.js
2026/09/25 13:41:52 [ts-extractor] skipping minified/bundled file apps/mobile/storybook-static/assets/PointsCard-UPQ-OhXY.js
2026/09/25 13:41:52 [ts-extractor] skipping minified/bundled file apps/mobile/storybook-static/assets/LeakedLogo-DG0KS9dA.js
2026/09/25 13:41:52 [ts-extractor] skipping minified/bundled file apps/mobile/storybook-static/assets/ProfileScreen-aoCBlYSa.js
2026/09/25 13:41:52 [ts-extractor] skipping minified/bundled file apps/mobile/storybook-static/assets/ScreenFigmaComparisonPanel-CvcgEIaM.js
2026/09/25 13:41:52 [ts-extractor] skipping minified/bundled file apps/mobile/storybook-static/assets/ProtectFreeScreen-4DLtefNg.js
2026/09/25 13:41:52 [ts-extractor] skipping minified/bundled file apps/mobile/storybook-static/assets/ProjectedFigmaScreen-B-0ULYBe.js
2026/09/25 13:41:52 [ts-extractor] skipping minified/bundled file apps/mobile/storybook-static/assets/ScreenContentTransition-Bs4S8klL.js
2026/09/25 13:41:52 [ts-extractor] skipping minified/bundled file apps/mobile/storybook-static/assets/DocsRenderer-LL677BLK-BuIR6bZY.js
2026/09/25 13:41:52 [ts-extractor] skipping minified/bundled file apps/mobile/storybook-static/assets/chunk-3LY4VQVK-DCoUZ6n4.js
2026/09/25 13:41:52 [ts-extractor] skipping minified/bundled file apps/mobile/storybook-static/assets/RiskIndicatorDropMessage-f1IgdUCx.js
2026/09/25 13:41:52 [ts-extractor] skipping minified/bundled file apps/mobile/storybook-static/assets/chunk-LITCR56V-JVUNf0OC.js
2026/09/25 13:41:52 [ts-extractor] skipping minified/bundled file apps/mobile/storybook-static/assets/StatusBadge-DGggXXdu.js
2026/09/25 13:41:52 [ts-extractor] skipping minified/bundled file apps/mobile/storybook-static/assets/ScreenCompositionHost-WK6OxeVJ.js
2026/09/25 13:41:52 [ts-extractor] skipping minified/bundled file apps/mobile/storybook-static/assets/deepscan-components.stories-DuUlNjuO.js
2026/09/25 13:41:52 [ts-extractor] skipping minified/bundled file apps/mobile/storybook-static/assets/TabBar-vMBrgBKe.js
2026/09/25 13:41:52 [ts-extractor] skipping minified/bundled file apps/mobile/storybook-static/assets/SubscriptionInfoCard-CX9utM5L.js
2026/09/25 13:41:52 [ts-extractor] skipping minified/bundled file apps/mobile/storybook-static/assets/WithTooltip-65CFNBJE-B3RsNAAg.js
2026/09/25 13:41:52 [ts-extractor] skipping minified/bundled file apps/mobile/storybook-static/assets/legalLinks-CB7C40_C.js
2026/09/25 13:41:52 [ts-extractor] skipping minified/bundled file apps/mobile/storybook-static/assets/ProtectSurface-CtgJS1RL.js
2026/09/25 13:41:52 [ts-extractor] skipping minified/bundled file apps/mobile/storybook-static/assets/getStartedDataSlotSource-Rr5d3rz_.js
2026/09/25 13:41:52 [ts-extractor] skipping minified/bundled file apps/mobile/storybook-static/assets/figma-components.stories-LvwegD9L.js
2026/09/25 13:41:52 [ts-extractor] skipping minified/bundled file apps/mobile/storybook-static/assets/profile.stories-DlPoX8YC.js
2026/09/25 13:41:52 [ts-extractor] skipping minified/bundled file apps/mobile/storybook-static/assets/Toast-DoOWktSp.js
2026/09/25 13:41:52 [ts-extractor] skipping minified/bundled file apps/mobile/storybook-static/assets/protect-task.stories-dOTaLEMy.js
2026/09/25 13:41:52 [ts-extractor] skipping minified/bundled file apps/mobile/storybook-static/assets/pricingFixtures.generated-CEiD1ca2.js
2026/09/25 13:41:52 [ts-extractor] skipping minified/bundled file apps/mobile/storybook-static/assets/onboardingDataSlotSource-qPx6fUNU.js
2026/09/25 13:41:52 [ts-extractor] skipping minified/bundled file apps/mobile/storybook-static/assets/components-BtTjbzAC.js
2026/09/25 13:41:52 [ts-extractor] skipping minified/bundled file apps/mobile/storybook-static/assets/screenBackgroundMorph-RdKWbQdJ.js
2026/09/25 13:41:52 [ts-extractor] skipping minified/bundled file apps/mobile/storybook-static/assets/screenReviewStoryKit-Dt_Rkzsv.js
2026/09/25 13:41:52 [ts-extractor] skipping minified/bundled file apps/mobile/storybook-static/assets/react-18-BfUV1oqG.js
2026/09/25 13:41:52 [ts-extractor] skipping minified/bundled file apps/mobile/storybook-static/assets/syntaxhighlighter-W7WJGI2T-BKWqXrBS.js
2026/09/25 13:41:52 [ts-extractor] skipping minified/bundled file apps/mobile/storybook-static/assets/generatedFigmaComponents-DmjMpYnh.js
2026/09/25 13:41:52 [ts-extractor] skipping minified/bundled file apps/mobile/storybook-static/sb-addons/docs-1/manager-bundle.js
2026/09/25 13:41:52 [ts-extractor] skipping minified/bundled file apps/mobile/storybook-static/assets/onyxStoryMetadata-Bq_5Th--.js
2026/09/25 13:41:52 [ts-extractor] skipping minified/bundled file apps/mobile/storybook-static/assets/theming-BRkukHDK.js
2026/09/25 13:41:52 [ts-extractor] skipping minified/bundled file apps/mobile/storybook-static/vite-inject-mocker-entry.js
2026/09/25 13:41:52 [ts-extractor] skipping minified/bundled file apps/mobile/storybook-static/assets/train.stories-Dz3ntN8J.js
2026/09/25 13:41:52 [ts-extractor] skipping minified/bundled file apps/mobile/storybook-static/assets/figmaScreenStructures.generated-JjgbhcQt.js
2026/09/25 13:41:52 [ts-extractor] skipping minified/bundled file apps/mobile/storybook-static/assets/screenStructureStoryKit-ComKfaDB.js
2026/09/25 13:41:52 [ts-extractor] skipping minified/bundled file apps/mobile/storybook-static/assets/ScreenBackgroundBlur-DBMfPfhN.js
2026/09/25 13:41:52 [ts-extractor] skipping minified/bundled file apps/mobile/storybook-static/sb-addons/storybook-core-server-presets-0/common-manager-bundle.js
2026/09/25 13:41:52 [ts-extractor] skipping minified/bundled file apps/mobile/storybook-static/assets/iframe-D-RxKruK.js
2026/09/25 13:41:52 [ts-extractor] skipping minified/bundled file scripts/deploy/t013-pulumi-role-handoff.mjs
2026/09/25 13:41:52 [ts-extractor] skipping minified/bundled file apps/mobile/storybook-static/sb-manager/runtime.js
2026/09/25 13:41:52 [ts-extractor] skipping minified/bundled file apps/mobile/storybook-static/sb-manager/globals-runtime.js
[graph-profile] hop_minified_skipped               0.005s  files=52 bytes=11113023 note=hash_only_summed_goroutine
[graph-profile] hop_mapfiles_wall                  0.260s  files=4086 cached=4023 needed_uncached=63 cached_summed_ns=3799511 needed_summed_ns=1164484668 note=needed_includes_minified_and_unreadable
[graph-profile] hop_export_scan_total              0.206s  scans=117 derived=7 summed_goroutine=true scope=all_index_callers
[graph-profile] hop_export_surface_index           0.000s  calls=0 summed_goroutine=true scope=post_extraction_surface_branch_only
[graph-profile] hop_export_surface_peek            0.000s  calls=9 summed_goroutine=true scope=post_extraction_surface_branch_only
[graph-profile] hop_aggregate_serial               0.030s  files=4086 facts=59225 routers=0
[graph-profile] hop_fact_clone                     0.026s  facts=59225
[graph-profile] ts_mapfiles_aggregate              0.290s  total= 0.398s  trace=ts  parsed=11 facts=59225 routers=0 scans=117 derived=7
[graph-profile] ts_compose_modules                 0.003s  total= 0.400s  trace=ts  facts=59662 records=4086 unread=0
[graph-profile] ts_frozen_preview                  0.705s  total= 0.747s  trace=session  dirty=12 err=false
[graph-profile] invalidation_plan                  0.176s  total= 0.922s  trace=session  reason=frozen scope: prior file-to-file dependency closure whole=false extra=0
[graph-profile] revalidate_before_begin            0.002s  n=71 superseded=false
[graph-profile] begin_publish                      0.039s  total= 0.961s  trace=session  scope=12
[graph-profile] ts_dirty_scope                     0.109s  total= 1.071s  trace=session  dirty=12 scope=12 force=false
[graph-profile] ts_extract_session                 0.000s  total= 1.071s  trace=session  parsed=12 cached=4022 facts=59662 records=4086
[graph-profile] assemble_new_files                 0.170s  total= 1.242s  trace=session  new=4086 ts_noop=false non_ts_need=false skip=false facts=59662
[graph-profile] index_group_owners                 0.084s  total= 1.326s  trace=session  facts=59225 owners=4034
[graph-profile] publish_scope                      0.000s  total= 1.326s  trace=session  scope=12
[graph-profile] encode_append_owners               0.004s  total= 1.331s  trace=session  published=12
[graph-profile] publish_resolved                   0.047s  total= 1.378s  trace=session  owners=12
[graph-profile] revalidate_ts_records              0.111s  total= 1.488s  trace=session  n=4086
[graph-profile] ts_config_inputs                   0.143s  n=83
[graph-profile] state_json_marshal                 0.171s  bytes=56633911 files=4086
[graph-profile] hop_state_create_write             0.020s  bytes=56633911
[graph-profile] hop_state_fsync_close              0.017s  bytes=56633911
[graph-profile] hop_state_rename_dirfsync          0.005s
[graph-profile] state_fingerprint                  0.024s  write bytes=56633911
[graph-profile] state_proof_written                0.028s  bytes=10977 owners=4086 hash_inputs=4105 prior_keys=4086 stable=true staged=true build_ns=19208625
[graph-profile] write_pending_state                0.416s  total= 1.904s  trace=session
[graph-profile] end_flush_ack                      0.029s  total= 1.933s  trace=session
[graph-profile] state_proof_promoted               0.005s
[graph-profile] promote_compact_state              0.082s  total= 2.015s  trace=session  parsed=12 published=12
[graph-profile] graph_session_run                  3.116s  total= 3.453s  trace=cli  repo=/private/tmp/enola-stage22-hop-profile/diag/cli-pairs/instrumented-1/product parsed=12
[graph] /private/tmp/enola-stage22-hop-profile/diag/cli-pairs/instrumented-1/product: generation 2→3 parsed=12 cached=4022 early_local=0 fallbacks=1
[graph] fallback graph: changed files and reverse file dependents (frozen scope: prior file-to-file dependency closure)
[graph-profile] cli_complete                       0.000s  total= 3.453s  trace=cli  results=1
        3.47 real         3.75 user         0.75 sys
           616693760  maximum resident set size
                   0  average shared memory size
                   0  average unshared data size
                   0  average unshared stack size
               57710  page reclaims
                 238  page faults
                   0  swaps
                   0  block input operations
                   0  block output operations
                  32  messages sent
                  15  messages received
                 606  signals received
                 356  voluntary context switches
                9256  involuntary context switches
         46688939143  instructions retired
         13440567462  cycles elapsed
           571182144  peak memory footprint
