[graph-profile] flags_parsed                       0.000s  total= 0.000s  trace=cli  mode=delta
[graph-profile] config_load                        0.000s  total= 0.000s  trace=graph_engine  config.yaml
[graph-profile] declare_config_deps                0.000s  total= 0.000s  trace=graphinput_build  deps=2
[graph-profile] discover_git                       0.044s  total= 0.044s  trace=graphinput_build  repo=true dirs=2
[graph-profile] declare_git_control                0.010s  total= 0.054s  trace=graphinput_build  deps=10
[graph-profile] git_ls_files                       0.041s  total= 0.095s  trace=graphinput_build  tracked=45453 dirs=5852
[graph-profile] walk_tree                          0.116s  total= 0.211s  trace=graphinput_build  names=14446 ignorefiles=4
[graph-profile] check_ignore_setup                 0.017s  total= 0.228s  trace=graphinput_build
[graph-profile] check_ignore_run                   0.070s  total= 0.298s  trace=graphinput_build  names=14446 ignored=0
[graph-profile] declare_ignore_files               0.000s  total= 0.298s  trace=graphinput_build  deps=13
[graph-profile] compute_identities                 0.032s  total= 0.330s  trace=graphinput_build  deps=13 entries=14446
[graph-profile] graphinput_build                   0.331s  total= 0.331s  trace=graph_engine  configpaths=2
[graph-profile] engine_new                         0.000s  total= 0.331s  trace=graph_engine
[graph-profile] register_plugins                   0.000s  total= 0.331s  trace=graph_engine
[graph-profile] config_recheck                     0.000s  total= 0.331s  trace=graph_engine
[graph-profile] resolve_graph_target               0.331s  total= 0.331s  trace=cli  repos=1
enola graph: config /tmp/enola-delta-attribution/profile/config.yaml
[graph-profile] connect_sink                       0.001s  total= 0.333s  trace=cli  nats=true
[graph-profile] session_options                    0.000s  total= 0.333s  trace=cli  repo=/tmp/enola-delta-attribution/profile/product
[graph-profile] lock                               0.000s  total= 0.000s  trace=open
[graph-profile] bind_identity                      0.000s  total= 0.000s  trace=open
[graph-profile] open_journal                       0.000s  total= 0.000s  trace=open
[graph-profile] replay_unacked                     0.000s  total= 0.000s  trace=open
[graph-profile] state_read_bytes                   0.013s  state.json bytes=90685703
[graph-profile] state_fingerprint                  0.038s  bytes=90685703
[graph-profile] state_json_unmarshal               0.393s  files=7772
[graph-profile] load_state                         0.443s  total= 0.444s  trace=open  files=7772
[graph-profile] transaction_enter                  0.000s  total= 0.000s  trace=reconcile  fast=false failed=false
[graph-profile] effective_config_before            0.000s  total= 0.000s  trace=reconcile  files=2
[graph-profile] graph_inputs_proven                0.101s  total= 0.101s  trace=reconcile
[graph-profile] effective_config                   0.000s  total= 0.101s  trace=reconcile  files=2 fast=false
[graph-profile] reconcile_complete                 0.000s  total= 0.101s  trace=reconcile  reloaded=false
[graph-profile] engine_walk_repo                   0.106s  files=13764 tests=0 all_names=13764
[graph-profile] inventory                          0.107s  total= 0.107s  trace=inputs  files=13764 all_names=13764
[graph-profile] detect_go                          0.000s
[graph-profile] detect_manifests                   0.000s
[graph-profile] detect_mdintent                    0.000s
[graph-profile] detect_dotnet                      0.006s
[graph-profile] detect_cpp                         0.007s
[graph-profile] detect_hcl                         0.001s
[graph-profile] detect_ansible                     0.002s
[graph-profile] detect_java                        0.005s
[graph-profile] detect_kotlin                      0.005s
[graph-profile] detect_php                         0.001s
[graph-profile] detect_python                      0.000s
[graph-profile] detect_typescript                  0.001s
[graph-profile] detect_swift                       0.001s
[graph-profile] detect_ruby                        0.003s
[graph-profile] detect_rust                        0.002s
[graph-profile] detect_scala                       0.006s
[graph-profile] detect_dart                        0.002s
[graph-profile] detect_grpc                        0.066s
[graph-profile] detect_openapi                     0.075s
[graph-profile] detect_asyncapi                    0.127s
[graph-profile] detect_extractors                  0.127s  total= 0.234s  trace=inputs  detected=6
[graph-profile] select_hash_targets                0.023s  total= 0.257s  trace=inputs  targets=7791
[graph-profile] engine_hash_files                  0.284s  n=7791 hashed=7791 bytes=82572462
[graph-profile] hash_content_inputs                0.285s  total= 0.541s  trace=inputs  targets=7791
[graph-profile] capture_contexts                   0.064s  total= 0.605s  trace=inputs  contexts=2
[graph-profile] ts_config_inputs                   0.059s  n=83
[graph-profile] analysis_fingerprint               0.082s  total= 0.687s  trace=inputs  cfg_files=59
[graph-profile] angular_probe                      0.004s  total= 0.691s  trace=inputs  angular=false
[graph-profile] policy_identity                    0.000s  total= 0.691s  trace=inputs
[graph-profile] engine_context_fingerprint         0.000s  total= 0.691s  trace=inputs
[graph-profile] ts_disc_nuxt_packages              0.088s  pkgs=0
[graph-profile] ts_disc_package_gates              0.000s
[graph-profile] ts_disc_package_names              0.000s  names=30
[graph-profile] ts_disc_alias_roots                0.062s  roots=1
[graph-profile] ts_disc_package_exports            0.000s  packages=30
[graph-profile] ts_discovery_build                 0.161s  side_reads=2001 stat_reads=2013 walked_dirs=667 captured=59
[graph-profile] ts_discovery                       0.161s  total= 0.852s  trace=inputs  names=0 bytes=0 dirs=0
[graph-profile] ts_session_context                 0.081s  total= 0.934s  trace=inputs  files=6804
[graph-profile] runtime_inputs_complete            0.000s  total= 0.934s  trace=inputs
[graph-profile] clone_file_state_copy              0.002s  n=7772
[graph-profile] extractor_need                     1.001s  total= 1.001s  trace=session  non_ts_need=false detected=6 neutral=0
[graph-profile] changed_terms                      0.021s  total= 1.022s  trace=session  initial=false force=false non_ts=false scan=true raw_cfg=false policy=false neutral_scan=false neutral_cfg=false
[graph-profile] ts_detect_frameworks               0.000s  total= 0.000s  trace=ts  files=6804 shared_discovery=true
[graph-profile] ts_disc_package_aliases            0.000s  aliases=21
[graph-profile] ts_read_dirty                      0.004s  total= 0.004s  trace=ts  to_read=1 cached=6803
[graph-profile] ts_graphql_grpc_index              0.001s  total= 0.005s  trace=ts  ts_files=6804
[graph-profile] mapfiles                           0.012s  total= 0.012s  trace=ts_mapfiles_detail
[graph-profile] aggregate                          0.044s  total= 0.056s  trace=ts_mapfiles_detail
[graph-profile] ts_mapfiles_aggregate              0.056s  total= 0.060s  trace=ts  parsed=1 facts=89516 routers=0 scans=0 derived=1
[graph-profile] ts_compose_modules                 0.004s  total= 0.064s  trace=ts  facts=89958 records=6804 unread=0
[graph-profile] ts_detect_frameworks               0.000s  total= 0.000s  trace=ts  files=6804 shared_discovery=true
[graph-profile] ts_disc_package_aliases            0.000s  aliases=21
[graph-profile] ts_read_dirty                      0.004s  total= 0.004s  trace=ts  to_read=20 cached=6784
[graph-profile] ts_graphql_grpc_index              0.003s  total= 0.007s  trace=ts  ts_files=6804
[graph-profile] mapfiles                           0.297s  total= 0.297s  trace=ts_mapfiles_detail
[graph-profile] aggregate                          0.040s  total= 0.337s  trace=ts_mapfiles_detail
[graph-profile] ts_mapfiles_aggregate              0.337s  total= 0.344s  trace=ts  parsed=20 facts=89516 routers=0 scans=127 derived=15
[graph-profile] ts_compose_modules                 0.004s  total= 0.348s  trace=ts  facts=89958 records=6804 unread=0
[graph-profile] ts_frozen_preview                  0.609s  total= 1.631s  trace=session  dirty=21 err=false
[graph-profile] invalidation_plan                  0.220s  total= 1.851s  trace=session  reason=frozen scope: prior file-to-file dependency closure whole=false extra=0
[graph-profile] begin_publish                      0.000s  total= 1.851s  trace=session  scope=21
[graph-profile] ts_dirty_scope                     0.151s  total= 2.002s  trace=session  dirty=21 scope=21 force=false
[graph-profile] ts_extract_session                 0.000s  total= 2.003s  trace=session  parsed=21 cached=6783 facts=89958 records=6804
[graph-profile] assemble_new_files                 0.228s  total= 2.230s  trace=session  new=7772 ts_noop=false non_ts_need=false skip=false facts=101981
[graph-profile] index_group_owners                 0.168s  total= 2.398s  trace=session  facts=100617 owners=7709
[graph-profile] compare_owner_contributions        0.007s  total= 2.405s  trace=session  scope=0
[graph-profile] revalidate_before_begin            0.002s  n=80 superseded=false
[graph-profile] begin_publish_late                 0.065s  total= 2.469s  trace=session  scope=0
[graph-profile] encode_append_owners               0.001s  total= 2.470s  trace=session  published=0
[graph-profile] publish_resolved                   0.000s  total= 2.470s  trace=session  owners=0
[graph-profile] revalidate_ts_records              0.252s  total= 2.722s  trace=session  n=6804
[graph-profile] ts_config_inputs                   0.062s  n=83
[graph-profile] state_json_encode_write            0.321s  bytes=90685703 files=7772
[graph-profile] write_pending_state                0.477s  total= 3.199s  trace=session
[graph-profile] end_flush_ack                      0.032s  total= 3.231s  trace=session
[graph-profile] promote_compact_state              0.058s  total= 3.289s  trace=session  parsed=21 published=0
[graph-profile] graph_session_run                  3.833s  total= 4.166s  trace=cli  repo=/tmp/enola-delta-attribution/profile/product parsed=21
[graph] /tmp/enola-delta-attribution/profile/product: generation 1→2 parsed=21 cached=6783 early_local=0 fallbacks=1
[graph] fallback graph: changed files and reverse file dependents (frozen scope: prior file-to-file dependency closure)
[graph-profile] cli_complete                       0.000s  total= 4.166s  trace=cli  results=1
