[
  {
    "Invalidation": {
      "RawConfigChanged": false,
      "PolicyReconciled": false,
      "AddedSources": 0,
      "RemovedSources": 0,
      "ContextAffectedSources": 0,
      "ContextReasons": null,
      "ParsedByReason": {}
    },
    "RunID": "",
    "BaseGeneration": 2,
    "TargetGeneration": 2,
    "Stats": {
      "files_read": 0,
      "files_parsed": 0,
      "cached_files": 3,
      "graphql_parsed": 0,
      "sfc_parsed": 0,
      "summary_scans": 0,
      "derived_indexes": 0,
      "discovery_passes": 0
    },
    "Fallbacks": null,
    "Unreadable": null,
    "OwnersPublished": 0,
    "ParsedFiles": 0,
    "EarlyLocal": 0,
    "Facts": null
  }
]
