ok  	github.com/enola-labs/enola/cmd/enola	9.312s
ok  	github.com/enola-labs/enola/internal/cachecov	0.988s
ok  	github.com/enola-labs/enola/internal/clientspec	(cached)
ok  	github.com/enola-labs/enola/internal/config	(cached)
ok  	github.com/enola-labs/enola/internal/conformance	(cached)
ok  	github.com/enola-labs/enola/internal/diff	(cached)
ok  	github.com/enola-labs/enola/internal/docslint	2.017s
?   	github.com/enola-labs/enola/internal/drift	[no test files]
ok  	github.com/enola-labs/enola/internal/engine	31.265s
ok  	github.com/enola-labs/enola/internal/eslintscaffold	(cached)
ok  	github.com/enola-labs/enola/internal/estateref	(cached)
ok  	github.com/enola-labs/enola/internal/explainers	(cached)
ok  	github.com/enola-labs/enola/internal/explainers/common	(cached)
ok  	github.com/enola-labs/enola/internal/explainers/complexity	(cached)
ok  	github.com/enola-labs/enola/internal/explainers/constraints	(cached)
ok  	github.com/enola-labs/enola/internal/explainers/coverage	(cached)
ok  	github.com/enola-labs/enola/internal/explainers/crossrepo	(cached)
ok  	github.com/enola-labs/enola/internal/explainers/cycles	(cached)
ok  	github.com/enola-labs/enola/internal/explainers/deadmethods	(cached)
ok  	github.com/enola-labs/enola/internal/explainers/depth	(cached)
ok  	github.com/enola-labs/enola/internal/explainers/domain	(cached)
ok  	github.com/enola-labs/enola/internal/explainers/entrypoints	(cached)
ok  	github.com/enola-labs/enola/internal/explainers/godclass	(cached)
ok  	github.com/enola-labs/enola/internal/explainers/hotspots	(cached)
ok  	github.com/enola-labs/enola/internal/explainers/importclosure	(cached)
ok  	github.com/enola-labs/enola/internal/explainers/intentcheck	(cached)
ok  	github.com/enola-labs/enola/internal/explainers/layers	(cached)
ok  	github.com/enola-labs/enola/internal/explainers/messagingcoverage	0.687s
ok  	github.com/enola-labs/enola/internal/explainers/queryloops	(cached)
ok  	github.com/enola-labs/enola/internal/explainers/surface	(cached)
ok  	github.com/enola-labs/enola/internal/explainers/unusedroutes	(cached)
ok  	github.com/enola-labs/enola/internal/explainers/vendoredcandidates	(cached)
ok  	github.com/enola-labs/enola/internal/extractors	(cached)
ok  	github.com/enola-labs/enola/internal/extractors/ansibleextractor	0.946s
ok  	github.com/enola-labs/enola/internal/extractors/asyncapiextractor	1.554s
ok  	github.com/enola-labs/enola/internal/extractors/cppextractor	1.925s
ok  	github.com/enola-labs/enola/internal/extractors/dartextractor	(cached)
?   	github.com/enola-labs/enola/internal/extractors/dartextractor/grammar	[no test files]
ok  	github.com/enola-labs/enola/internal/extractors/detectnames	1.299s
ok  	github.com/enola-labs/enola/internal/extractors/dotnetextractor	(cached)
?   	github.com/enola-labs/enola/internal/extractors/extcoverage	[no test files]
ok  	github.com/enola-labs/enola/internal/extractors/goextractor	2.210s
ok  	github.com/enola-labs/enola/internal/extractors/grpcextractor	2.377s
ok  	github.com/enola-labs/enola/internal/extractors/hclextractor	2.746s
?   	github.com/enola-labs/enola/internal/extractors/inputscope	[no test files]
ok  	github.com/enola-labs/enola/internal/extractors/javaextractor	2.830s
ok  	github.com/enola-labs/enola/internal/extractors/jvmsrc	(cached)
ok  	github.com/enola-labs/enola/internal/extractors/kotlinextractor	2.748s
ok  	github.com/enola-labs/enola/internal/extractors/manifestextractor	2.830s
ok  	github.com/enola-labs/enola/internal/extractors/mdintent	3.056s
ok  	github.com/enola-labs/enola/internal/extractors/openapiextractor	2.644s
ok  	github.com/enola-labs/enola/internal/extractors/phpextractor	2.803s
ok  	github.com/enola-labs/enola/internal/extractors/pythonextractor	2.775s
ok  	github.com/enola-labs/enola/internal/extractors/rubyextractor	2.703s
ok  	github.com/enola-labs/enola/internal/extractors/rustextractor	2.671s
ok  	github.com/enola-labs/enola/internal/extractors/scalaextractor	2.973s
ok  	github.com/enola-labs/enola/internal/extractors/swiftextractor	2.939s
?   	github.com/enola-labs/enola/internal/extractors/swiftextractor/grammar	[no test files]
ok  	github.com/enola-labs/enola/internal/extractors/tsextractor	27.993s
?   	github.com/enola-labs/enola/internal/extractors/tsutil	[no test files]
ok  	github.com/enola-labs/enola/internal/factpath	(cached)
ok  	github.com/enola-labs/enola/internal/facts	5.479s
ok  	github.com/enola-labs/enola/internal/filelock	(cached)
ok  	github.com/enola-labs/enola/internal/gqlscan	(cached)
ok  	github.com/enola-labs/enola/internal/graphinput	(cached)
?   	github.com/enola-labs/enola/internal/graphprofile	[no test files]
ok  	github.com/enola-labs/enola/internal/graphsession	(cached)
ok  	github.com/enola-labs/enola/internal/graphstream	(cached)
ok  	github.com/enola-labs/enola/internal/history	(cached)
ok  	github.com/enola-labs/enola/internal/hookstate	(cached)
ok  	github.com/enola-labs/enola/internal/intent	3.819s
ok  	github.com/enola-labs/enola/internal/linkers/binders	(cached)
ok  	github.com/enola-labs/enola/internal/linkers/binders/clientseam	(cached)
ok  	github.com/enola-labs/enola/internal/linkers/binders/emberresolver	(cached)
ok  	github.com/enola-labs/enola/internal/linkers/binders/frameworkroots	(cached)
ok  	github.com/enola-labs/enola/internal/linkers/binders/grpcclientfqn	(cached)
ok  	github.com/enola-labs/enola/internal/linkers/binders/grpcimpl	(cached)
ok  	github.com/enola-labs/enola/internal/linkers/binders/httphandler	(cached)
ok  	github.com/enola-labs/enola/internal/linkers/binders/messagingcontract	(cached)
ok  	github.com/enola-labs/enola/internal/linkers/binders/mixinowner	(cached)
ok  	github.com/enola-labs/enola/internal/linkers/binders/moduleedges	(cached)
ok  	github.com/enola-labs/enola/internal/linkers/binders/stimulusresolver	(cached)
ok  	github.com/enola-labs/enola/internal/linkers/binders/unmatchedroutes	(cached)
ok  	github.com/enola-labs/enola/internal/linkers/binders/vendoredspecs	(cached)
ok  	github.com/enola-labs/enola/internal/linkers/crossrepo	(cached)
ok  	github.com/enola-labs/enola/internal/linkers/crossrepo/routeindex	(cached)
?   	github.com/enola-labs/enola/internal/linkers/crossrepo/signals	[no test files]
ok  	github.com/enola-labs/enola/internal/linkers/crossrepo/signals/graphqlsig	(cached)
ok  	github.com/enola-labs/enola/internal/linkers/crossrepo/signals/http	(cached)
?   	github.com/enola-labs/enola/internal/linkers/crossrepo/signals/imports	[no test files]
ok  	github.com/enola-labs/enola/internal/linkers/crossrepo/signals/kafka	(cached)
ok  	github.com/enola-labs/enola/internal/linkers/crossrepo/signals/sharedcode	(cached)
ok  	github.com/enola-labs/enola/internal/linkers/vocab	(cached)
ok  	github.com/enola-labs/enola/internal/litfold	(cached)
ok  	github.com/enola-labs/enola/internal/metrics	(cached)
ok  	github.com/enola-labs/enola/internal/mining	(cached)
ok  	github.com/enola-labs/enola/internal/orphans	(cached)
ok  	github.com/enola-labs/enola/internal/parallel	(cached)
ok  	github.com/enola-labs/enola/internal/perf	(cached)
ok  	github.com/enola-labs/enola/internal/providers	(cached)
ok  	github.com/enola-labs/enola/internal/providers/rubydex	(cached)
ok  	github.com/enola-labs/enola/internal/renderers	(cached)
ok  	github.com/enola-labs/enola/internal/renderers/llmcontext	(cached)
ok  	github.com/enola-labs/enola/internal/server	6.232s
ok  	github.com/enola-labs/enola/internal/updatecheck	(cached)
ok  	github.com/enola-labs/enola/internal/upgrade	(cached)
?   	github.com/enola-labs/enola/internal/version	[no test files]
ok  	github.com/enola-labs/enola/internal/workspace	(cached)
ok  	github.com/enola-labs/enola/pkg/bootstrap	83.210s
ok  	github.com/enola-labs/enola/pkg/check	3.069s
ok  	github.com/enola-labs/enola/pkg/cli	(cached)
ok  	github.com/enola-labs/enola/pkg/command	(cached)
ok  	github.com/enola-labs/enola/pkg/coverage	2.302s
ok  	github.com/enola-labs/enola/pkg/dashboard	2.796s
?   	github.com/enola-labs/enola/pkg/diff	[no test files]
ok  	github.com/enola-labs/enola/pkg/explain	3.286s
?   	github.com/enola-labs/enola/pkg/facts	[no test files]
ok  	github.com/enola-labs/enola/pkg/history	(cached)
ok  	github.com/enola-labs/enola/pkg/install	(cached)
ok  	github.com/enola-labs/enola/pkg/mcputil	(cached)
ok  	github.com/enola-labs/enola/pkg/plan	2.721s
?   	github.com/enola-labs/enola/pkg/plugin	[no test files]
ok  	github.com/enola-labs/enola/pkg/status	(cached)
