ok  	github.com/enola-labs/enola/cmd/enola	5.305s
ok  	github.com/enola-labs/enola/internal/cachecov	0.438s
ok  	github.com/enola-labs/enola/internal/clientspec	0.349s
ok  	github.com/enola-labs/enola/internal/config	0.446s
ok  	github.com/enola-labs/enola/internal/conformance	0.359s
ok  	github.com/enola-labs/enola/internal/diff	0.492s
ok  	github.com/enola-labs/enola/internal/docslint	0.885s
?   	github.com/enola-labs/enola/internal/drift	[no test files]
ok  	github.com/enola-labs/enola/internal/engine	21.402s
ok  	github.com/enola-labs/enola/internal/eslintscaffold	0.358s
ok  	github.com/enola-labs/enola/internal/estateref	0.352s
ok  	github.com/enola-labs/enola/internal/explainers	0.344s
ok  	github.com/enola-labs/enola/internal/explainers/common	0.334s
ok  	github.com/enola-labs/enola/internal/explainers/complexity	0.343s
ok  	github.com/enola-labs/enola/internal/explainers/constraints	0.492s
ok  	github.com/enola-labs/enola/internal/explainers/coverage	0.334s
ok  	github.com/enola-labs/enola/internal/explainers/crossrepo	0.563s
ok  	github.com/enola-labs/enola/internal/explainers/cycles	0.338s
ok  	github.com/enola-labs/enola/internal/explainers/deadmethods	0.338s
ok  	github.com/enola-labs/enola/internal/explainers/depth	0.337s
ok  	github.com/enola-labs/enola/internal/explainers/domain	0.334s
ok  	github.com/enola-labs/enola/internal/explainers/entrypoints	0.351s
ok  	github.com/enola-labs/enola/internal/explainers/godclass	0.311s
ok  	github.com/enola-labs/enola/internal/explainers/hotspots	0.344s
ok  	github.com/enola-labs/enola/internal/explainers/importclosure	0.333s
ok  	github.com/enola-labs/enola/internal/explainers/intentcheck	0.306s
ok  	github.com/enola-labs/enola/internal/explainers/layers	0.345s
ok  	github.com/enola-labs/enola/internal/explainers/messagingcoverage	0.728s
ok  	github.com/enola-labs/enola/internal/explainers/queryloops	0.341s
ok  	github.com/enola-labs/enola/internal/explainers/surface	0.400s
ok  	github.com/enola-labs/enola/internal/explainers/unusedroutes	0.361s
ok  	github.com/enola-labs/enola/internal/explainers/vendoredcandidates	0.349s
ok  	github.com/enola-labs/enola/internal/extractors	0.346s
ok  	github.com/enola-labs/enola/internal/extractors/ansibleextractor	0.353s
ok  	github.com/enola-labs/enola/internal/extractors/asyncapiextractor	0.364s
ok  	github.com/enola-labs/enola/internal/extractors/cppextractor	0.601s
ok  	github.com/enola-labs/enola/internal/extractors/dartextractor	0.444s
?   	github.com/enola-labs/enola/internal/extractors/dartextractor/grammar	[no test files]
ok  	github.com/enola-labs/enola/internal/extractors/detectnames	0.481s
ok  	github.com/enola-labs/enola/internal/extractors/dotnetextractor	0.594s
?   	github.com/enola-labs/enola/internal/extractors/extcoverage	[no test files]
ok  	github.com/enola-labs/enola/internal/extractors/goextractor	0.624s
ok  	github.com/enola-labs/enola/internal/extractors/grpcextractor	0.494s
ok  	github.com/enola-labs/enola/internal/extractors/hclextractor	0.397s
?   	github.com/enola-labs/enola/internal/extractors/inputscope	[no test files]
ok  	github.com/enola-labs/enola/internal/extractors/javaextractor	0.492s
ok  	github.com/enola-labs/enola/internal/extractors/jvmsrc	0.415s
ok  	github.com/enola-labs/enola/internal/extractors/kotlinextractor	0.681s
ok  	github.com/enola-labs/enola/internal/extractors/manifestextractor	0.821s
ok  	github.com/enola-labs/enola/internal/extractors/mdintent	1.269s
ok  	github.com/enola-labs/enola/internal/extractors/openapiextractor	0.474s
ok  	github.com/enola-labs/enola/internal/extractors/phpextractor	0.454s
ok  	github.com/enola-labs/enola/internal/extractors/pythonextractor	0.554s
ok  	github.com/enola-labs/enola/internal/extractors/rubyextractor	0.579s
ok  	github.com/enola-labs/enola/internal/extractors/rustextractor	0.617s
ok  	github.com/enola-labs/enola/internal/extractors/scalaextractor	0.572s
ok  	github.com/enola-labs/enola/internal/extractors/swiftextractor	0.552s
?   	github.com/enola-labs/enola/internal/extractors/swiftextractor/grammar	[no test files]
ok  	github.com/enola-labs/enola/internal/extractors/tsextractor	43.606s
?   	github.com/enola-labs/enola/internal/extractors/tsutil	[no test files]
ok  	github.com/enola-labs/enola/internal/factpath	0.499s
ok  	github.com/enola-labs/enola/internal/facts	5.770s
ok  	github.com/enola-labs/enola/internal/filelock	0.477s
ok  	github.com/enola-labs/enola/internal/gqlscan	0.406s
ok  	github.com/enola-labs/enola/internal/graphinput	14.516s
?   	github.com/enola-labs/enola/internal/graphprofile	[no test files]
ok  	github.com/enola-labs/enola/internal/graphsession	439.509s
ok  	github.com/enola-labs/enola/internal/graphstream	16.711s
ok  	github.com/enola-labs/enola/internal/history	0.563s
ok  	github.com/enola-labs/enola/internal/hookstate	0.384s
ok  	github.com/enola-labs/enola/internal/intent	0.560s
ok  	github.com/enola-labs/enola/internal/linkers/binders	0.354s
ok  	github.com/enola-labs/enola/internal/linkers/binders/clientseam	0.342s
ok  	github.com/enola-labs/enola/internal/linkers/binders/emberresolver	0.341s
ok  	github.com/enola-labs/enola/internal/linkers/binders/frameworkroots	0.344s
ok  	github.com/enola-labs/enola/internal/linkers/binders/grpcclientfqn	0.345s
ok  	github.com/enola-labs/enola/internal/linkers/binders/grpcimpl	0.350s
ok  	github.com/enola-labs/enola/internal/linkers/binders/httphandler	0.343s
ok  	github.com/enola-labs/enola/internal/linkers/binders/messagingcontract	0.346s
ok  	github.com/enola-labs/enola/internal/linkers/binders/mixinowner	0.326s
ok  	github.com/enola-labs/enola/internal/linkers/binders/moduleedges	0.328s
ok  	github.com/enola-labs/enola/internal/linkers/binders/stimulusresolver	0.348s
ok  	github.com/enola-labs/enola/internal/linkers/binders/unmatchedroutes	0.400s
ok  	github.com/enola-labs/enola/internal/linkers/binders/vendoredspecs	0.343s
ok  	github.com/enola-labs/enola/internal/linkers/crossrepo	0.375s
ok  	github.com/enola-labs/enola/internal/linkers/crossrepo/routeindex	0.350s
?   	github.com/enola-labs/enola/internal/linkers/crossrepo/signals	[no test files]
ok  	github.com/enola-labs/enola/internal/linkers/crossrepo/signals/graphqlsig	0.341s
ok  	github.com/enola-labs/enola/internal/linkers/crossrepo/signals/http	0.343s
?   	github.com/enola-labs/enola/internal/linkers/crossrepo/signals/imports	[no test files]
ok  	github.com/enola-labs/enola/internal/linkers/crossrepo/signals/kafka	0.325s
ok  	github.com/enola-labs/enola/internal/linkers/crossrepo/signals/sharedcode	0.334s
ok  	github.com/enola-labs/enola/internal/linkers/vocab	0.348s
ok  	github.com/enola-labs/enola/internal/litfold	0.313s
ok  	github.com/enola-labs/enola/internal/metrics	0.375s
ok  	github.com/enola-labs/enola/internal/mining	0.376s
ok  	github.com/enola-labs/enola/internal/orphans	0.395s
ok  	github.com/enola-labs/enola/internal/parallel	0.341s
ok  	github.com/enola-labs/enola/internal/perf	0.403s
ok  	github.com/enola-labs/enola/internal/providers	13.630s
ok  	github.com/enola-labs/enola/internal/providers/rubydex	0.371s
ok  	github.com/enola-labs/enola/internal/renderers	0.341s
ok  	github.com/enola-labs/enola/internal/renderers/llmcontext	0.395s
ok  	github.com/enola-labs/enola/internal/server	5.286s
ok  	github.com/enola-labs/enola/internal/updatecheck	0.476s
ok  	github.com/enola-labs/enola/internal/upgrade	0.439s
?   	github.com/enola-labs/enola/internal/version	[no test files]
ok  	github.com/enola-labs/enola/internal/workspace	0.477s
ok  	github.com/enola-labs/enola/pkg/bootstrap	96.361s
ok  	github.com/enola-labs/enola/pkg/check	4.007s
ok  	github.com/enola-labs/enola/pkg/cli	0.466s
ok  	github.com/enola-labs/enola/pkg/command	9.264s
ok  	github.com/enola-labs/enola/pkg/coverage	0.844s
ok  	github.com/enola-labs/enola/pkg/dashboard	1.082s
?   	github.com/enola-labs/enola/pkg/diff	[no test files]
ok  	github.com/enola-labs/enola/pkg/explain	0.885s
?   	github.com/enola-labs/enola/pkg/facts	[no test files]
ok  	github.com/enola-labs/enola/pkg/history	0.512s
ok  	github.com/enola-labs/enola/pkg/install	0.614s
ok  	github.com/enola-labs/enola/pkg/mcputil	0.480s
ok  	github.com/enola-labs/enola/pkg/plan	1.049s
?   	github.com/enola-labs/enola/pkg/plugin	[no test files]
ok  	github.com/enola-labs/enola/pkg/status	0.507s
