[graph-profile] flags_parsed                       0.000s  total= 0.000s  trace=cli  mode=delta
[graph-profile] config_load                        0.000s  total= 0.000s  trace=graph_engine  config.yaml
[graph-profile] declare_config_deps                0.000s  total= 0.000s  trace=graphinput_build  deps=2
[graph-profile] discover_git                       0.042s  total= 0.042s  trace=graphinput_build  repo=true dirs=2
[graph-profile] declare_git_control                0.005s  total= 0.047s  trace=graphinput_build  deps=6
[graph-profile] git_ls_files                       0.056s  total= 0.103s  trace=graphinput_build  tracked=45105 dirs=5818
[graph-profile] walk_tree                          0.121s  total= 0.224s  trace=graphinput_build  names=11635 ignorefiles=4
[graph-profile] check_ignore_setup                 0.018s  total= 0.242s  trace=graphinput_build
[graph-profile] check_ignore_run                   0.058s  total= 0.300s  trace=graphinput_build  names=11635 ignored=0
[graph-profile] declare_ignore_files               0.000s  total= 0.301s  trace=graphinput_build  deps=9
[graph-profile] compute_identities                 0.035s  total= 0.336s  trace=graphinput_build  deps=9 entries=11635
[graph-profile] graphinput_build                   0.337s  total= 0.337s  trace=graph_engine  configpaths=2
[graph-profile] engine_new                         0.000s  total= 0.337s  trace=graph_engine
[graph-profile] register_plugins                   0.000s  total= 0.337s  trace=graph_engine
[graph-profile] config_recheck                     0.000s  total= 0.337s  trace=graph_engine
[graph-profile] resolve_graph_target               0.337s  total= 0.337s  trace=cli  repos=1
[graph-profile] connect_sink                       0.001s  total= 0.338s  trace=cli  nats=true
[graph-profile] session_options                    0.000s  total= 0.338s  trace=cli  repo=/private/tmp/enola-stage16-phase-memory/checkpoint-diagnostic/cli-pairs/correctness-candidate-1/product
[graph-profile] lock                               0.000s  total= 0.000s  trace=open
[graph-profile] bind_identity                      0.000s  total= 0.000s  trace=open
[graph-profile] open_journal                       0.000s  total= 0.000s  trace=open
[graph-profile] replay_unacked                     0.000s  total= 0.000s  trace=open
[graph-profile] state_read_bytes                   0.013s  state.json bytes=56633344
[memory-phase] trace=since phase=state_fingerprint total_alloc=124024264 heap_alloc=68798704 heap_sys=95715328 heap_idle=24117248 heap_released=10182656 mallocs=166078 num_gc=7
[graph-profile] state_fingerprint                  0.023s  bytes=56633344
[memory-phase] trace=since phase=state_json_unmarshal total_alloc=234405736 heap_alloc=160109112 heap_sys=167018496 heap_idle=1794048 heap_released=1794048 mallocs=1725859 num_gc=8
[graph-profile] state_json_unmarshal               0.242s  files=4086
[memory-phase] trace=open phase=load_state total_alloc=234406456 heap_alloc=160109832 heap_sys=167018496 heap_idle=1794048 heap_released=1794048 mallocs=1725878 num_gc=8
[graph-profile] load_state                         0.278s  total= 0.279s  trace=open  files=4086
[graph-profile] transaction_enter                  0.000s  total= 0.000s  trace=reconcile  fast=false failed=false
[graph-profile] effective_config_before            0.000s  total= 0.000s  trace=reconcile  files=2
[graph-profile] graph_inputs_proven                0.101s  total= 0.101s  trace=reconcile
[graph-profile] effective_config                   0.000s  total= 0.101s  trace=reconcile  files=2 fast=false
[graph-profile] reconcile_complete                 0.000s  total= 0.101s  trace=reconcile  reloaded=false
[graph-profile] engine_walk_repo                   0.126s  files=10965 tests=0 all_names=10965
[memory-phase] trace=inputs phase=inventory total_alloc=258133848 heap_alloc=183837224 heap_sys=192184320 heap_idle=3604480 heap_released=3571712 mallocs=1851115 num_gc=8
[graph-profile] inventory                          0.126s  total= 0.126s  trace=inputs  files=10965 all_names=10965
[graph-profile] detect_typescript                  0.001s
[graph-profile] detect_extractors                  0.001s  total= 0.127s  trace=inputs  detected=1
[graph-profile] select_hash_targets                0.009s  total= 0.136s  trace=inputs  targets=4105
[graph-profile] engine_hash_files                  0.154s  n=4105 hashed=4105 bytes=45822335
[graph-profile] hash_content_inputs                0.154s  total= 0.290s  trace=inputs  targets=4105
[graph-profile] capture_contexts                   0.000s  total= 0.290s  trace=inputs  contexts=0
[memory-phase] trace=since phase=ts_config_inputs total_alloc=320665456 heap_alloc=126796936 heap_sys=225738752 heap_idle=82100224 heap_released=4980736 mallocs=1969712 num_gc=9
[graph-profile] ts_config_inputs                   0.100s  n=83
[graph-profile] analysis_fingerprint               0.102s  total= 0.391s  trace=inputs  cfg_files=59
[graph-profile] angular_probe                      0.003s  total= 0.395s  trace=inputs  angular=false
[graph-profile] policy_identity                    0.000s  total= 0.395s  trace=inputs
[graph-profile] engine_context_fingerprint         0.000s  total= 0.395s  trace=inputs
[graph-profile] ts_disc_nuxt_packages              0.135s  pkgs=0
[graph-profile] ts_disc_package_gates              0.001s
[graph-profile] ts_disc_package_names              0.000s  names=30
[graph-profile] ts_disc_alias_roots                0.091s  roots=1
[graph-profile] ts_disc_package_exports            0.000s  packages=30
[graph-profile] ts_discovery_build                 0.238s  side_reads=1965 stat_reads=1977 walked_dirs=655 captured=59
[graph-profile] ts_discovery                       0.238s  total= 0.633s  trace=inputs  names=0 bytes=0 dirs=0
[graph-profile] ts_session_context                 0.055s  total= 0.688s  trace=inputs  files=4086
[graph-profile] runtime_inputs_complete            0.000s  total= 0.688s  trace=inputs
[graph-profile] clone_file_state_copy              0.000s  n=4086
[graph-profile] extractor_need                     0.719s  total= 0.719s  trace=session  non_ts_need=false detected=1 neutral=0
[graph-profile] changed_terms                      0.015s  total= 0.734s  trace=session  initial=false force=false non_ts=false scan=true raw_cfg=false policy=false neutral_scan=false neutral_cfg=false
[graph-profile] ts_detect_frameworks               0.000s  total= 0.000s  trace=ts  files=4086 shared_discovery=true
[graph-profile] ts_disc_package_aliases            0.000s  aliases=21
[graph-profile] ts_read_dirty                      0.005s  total= 0.005s  trace=ts  to_read=53 cached=4033
[graph-profile] ts_graphql_grpc_index              0.095s  total= 0.101s  trace=ts  ts_files=4086
[graph-profile] ts_mapfiles_aggregate              0.041s  total= 0.142s  trace=ts  parsed=1 facts=59224 routers=0 scans=0 derived=1
[graph-profile] ts_compose_modules                 0.003s  total= 0.145s  trace=ts  facts=59661 records=4086 unread=0
[graph-profile] ts_detect_frameworks               0.000s  total= 0.000s  trace=ts  files=4086 shared_discovery=true
[graph-profile] ts_disc_package_aliases            0.000s  aliases=21
[graph-profile] ts_read_dirty                      0.005s  total= 0.005s  trace=ts  to_read=62 cached=4024
[graph-profile] ts_graphql_grpc_index              0.101s  total= 0.106s  trace=ts  ts_files=4086
[graph-profile] ts_mapfiles_aggregate              0.300s  total= 0.406s  trace=ts  parsed=10 facts=59224 routers=0 scans=117 derived=7
[graph-profile] ts_compose_modules                 0.003s  total= 0.408s  trace=ts  facts=59661 records=4086 unread=0
[graph-profile] ts_frozen_preview                  0.716s  total= 1.451s  trace=session  dirty=11 err=false
[graph-profile] invalidation_plan                  0.178s  total= 1.629s  trace=session  reason=frozen scope: prior file-to-file dependency closure whole=false extra=0
[graph-profile] revalidate_before_begin            0.002s  n=70 superseded=false
[graph-profile] begin_publish                      0.043s  total= 1.672s  trace=session  scope=11
[graph-profile] ts_dirty_scope                     0.121s  total= 1.793s  trace=session  dirty=11 scope=11 force=false
[memory-phase] trace=session phase=ts_extract_session total_alloc=976779784 heap_alloc=278362000 heap_sys=380731392 heap_idle=88850432 heap_released=7831552 mallocs=4772262 num_gc=15
[graph-profile] ts_extract_session                 0.000s  total= 1.794s  trace=session  parsed=11 cached=4023 facts=59661 records=4086
[memory-phase] trace=session phase=assemble_new_files total_alloc=1165284264 heap_alloc=248568456 heap_sys=426901504 heap_idle=157933568 heap_released=8208384 mallocs=5258441 num_gc=16
[graph-profile] assemble_new_files                 0.191s  total= 1.985s  trace=session  new=4086 ts_noop=false non_ts_need=false skip=false facts=59661
[memory-phase] trace=session phase=index_group_owners total_alloc=1429372072 heap_alloc=333223248 heap_sys=426901504 heap_idle=76955648 heap_released=13271040 mallocs=6750604 num_gc=17
[graph-profile] index_group_owners                 0.157s  total= 2.141s  trace=session  facts=59224 owners=4034
[graph-profile] publish_scope                      0.000s  total= 2.142s  trace=session  scope=11
[graph-profile] encode_append_owners               0.004s  total= 2.146s  trace=session  published=11
[graph-profile] publish_resolved                   0.041s  total= 2.187s  trace=session  owners=11
[graph-profile] revalidate_ts_records              0.126s  total= 2.313s  trace=session  n=4086
[memory-phase] trace=since phase=ts_config_inputs total_alloc=1495404336 heap_alloc=198495360 heap_sys=426803200 heap_idle=210296832 heap_released=64651264 mallocs=6885937 num_gc=18
[graph-profile] ts_config_inputs                   0.101s  n=83
[memory-phase] trace=since phase=state_json_marshal_start total_alloc=1503965136 heap_alloc=207056160 heap_sys=426803200 heap_idle=201850880 heap_released=64651264 mallocs=6887225 num_gc=18
[graph-profile] state_json_marshal_start           0.000s  diagnostic boundary
[memory-phase] trace=since phase=state_json_marshal total_alloc=1908944464 heap_alloc=373186336 heap_sys=594673664 heap_idle=199819264 heap_released=138477568 mallocs=7540660 num_gc=20
[graph-profile] state_json_marshal                 0.179s  bytes=56633344 files=4086
[memory-phase] trace=since phase=state_fingerprint total_alloc=1908946408 heap_alloc=373188280 heap_sys=594673664 heap_idle=199819264 heap_released=138477568 mallocs=7540689 num_gc=20
[graph-profile] state_fingerprint                  0.024s  write bytes=56633344
[memory-phase] trace=session phase=write_pending_state total_alloc=1908947000 heap_alloc=373188872 heap_sys=594673664 heap_idle=199819264 heap_released=138477568 mallocs=7540703 num_gc=20
[graph-profile] write_pending_state                0.350s  total= 2.663s  trace=session
[memory-phase] trace=session phase=end_flush_ack total_alloc=1908981128 heap_alloc=373223000 heap_sys=594608128 heap_idle=199745536 heap_released=138477568 mallocs=7541022 num_gc=20
[graph-profile] end_flush_ack                      0.034s  total= 2.696s  trace=session
[memory-phase] trace=session phase=promote_compact_state total_alloc=1909797552 heap_alloc=374039424 heap_sys=594608128 heap_idle=198950912 heap_released=138477568 mallocs=7541297 num_gc=20
[graph-profile] promote_compact_state              0.067s  total= 2.763s  trace=session  parsed=11 published=11
[memory-phase] trace=cli phase=graph_session_run total_alloc=1909798624 heap_alloc=374040496 heap_sys=594706432 heap_idle=199041024 heap_released=138477568 mallocs=7541317 num_gc=20
[graph-profile] graph_session_run                  3.143s  total= 3.481s  trace=cli  repo=/private/tmp/enola-stage16-phase-memory/checkpoint-diagnostic/cli-pairs/correctness-candidate-1/product parsed=11
[memory-phase] trace=cli phase=cli_complete total_alloc=1909822248 heap_alloc=374064120 heap_sys=594706432 heap_idle=199041024 heap_released=138477568 mallocs=7541574 num_gc=20
[graph-profile] cli_complete                       0.000s  total= 3.482s  trace=cli  results=1
