[graph-profile] flags_parsed                       0.000s  total= 0.000s  trace=cli  mode=delta
[graph-profile] config_load                        0.000s  total= 0.000s  trace=graph_engine  config.yaml
[graph-profile] declare_config_deps                0.000s  total= 0.000s  trace=graphinput_build  deps=2
[graph-profile] discover_git                       0.047s  total= 0.047s  trace=graphinput_build  repo=true dirs=2
[graph-profile] declare_git_control                0.010s  total= 0.057s  trace=graphinput_build  deps=10
[graph-profile] git_ls_files                       0.050s  total= 0.108s  trace=graphinput_build  tracked=45453 dirs=5852
[graph-profile] walk_tree                          0.116s  total= 0.223s  trace=graphinput_build  names=14446 ignorefiles=4
[graph-profile] check_ignore_setup                 0.022s  total= 0.245s  trace=graphinput_build
[graph-profile] check_ignore_run                   0.072s  total= 0.317s  trace=graphinput_build  names=14446 ignored=0
[graph-profile] declare_ignore_files               0.000s  total= 0.318s  trace=graphinput_build  deps=13
[graph-profile] compute_identities                 0.031s  total= 0.348s  trace=graphinput_build  deps=13 entries=14446
[graph-profile] graphinput_build                   0.349s  total= 0.349s  trace=graph_engine  configpaths=2
[graph-profile] engine_new                         0.000s  total= 0.349s  trace=graph_engine
[graph-profile] register_plugins                   0.000s  total= 0.349s  trace=graph_engine
[graph-profile] config_recheck                     0.000s  total= 0.349s  trace=graph_engine
[graph-profile] resolve_graph_target               0.350s  total= 0.350s  trace=cli  repos=1
enola graph: config /tmp/enola-proven-inventory/delta-profile/config.yaml
[graph-profile] connect_sink                       0.001s  total= 0.351s  trace=cli  nats=true
[graph-profile] session_options                    0.000s  total= 0.351s  trace=cli  repo=/tmp/enola-proven-inventory/delta-profile/product
[graph-profile] lock                               0.000s  total= 0.000s  trace=open
[graph-profile] bind_identity                      0.000s  total= 0.000s  trace=open
[graph-profile] open_journal                       0.000s  total= 0.000s  trace=open
[graph-profile] replay_unacked                     0.000s  total= 0.000s  trace=open
[graph-profile] state_read_bytes                   0.020s  state.json bytes=90686139
[graph-profile] state_fingerprint                  0.038s  bytes=90686139
[graph-profile] state_json_unmarshal               0.392s  files=7772
[graph-profile] load_state                         0.450s  total= 0.450s  trace=open  files=7772
[graph-profile] transaction_enter                  0.000s  total= 0.000s  trace=reconcile  fast=false failed=false
[graph-profile] effective_config_before            0.000s  total= 0.000s  trace=reconcile  files=2
[graph-profile] graph_inputs_proven                0.178s  total= 0.179s  trace=reconcile
[graph-profile] effective_config                   0.000s  total= 0.179s  trace=reconcile  files=2 fast=false
[graph-profile] reconcile_complete                 0.000s  total= 0.179s  trace=reconcile  reloaded=false
[graph-profile] inventory                          0.000s  total= 0.000s  trace=inputs  files=13764 all_names=13764
[graph-profile] detect_go                          0.000s
[graph-profile] detect_manifests                   0.000s
[graph-profile] detect_mdintent                    0.000s
[graph-profile] detect_dotnet                      0.006s
[graph-profile] detect_cpp                         0.007s
[graph-profile] detect_hcl                         0.001s
[graph-profile] detect_ansible                     0.002s
[graph-profile] detect_java                        0.005s
[graph-profile] detect_kotlin                      0.005s
[graph-profile] detect_php                         0.001s
[graph-profile] detect_python                      0.000s
[graph-profile] detect_typescript                  0.001s
[graph-profile] detect_swift                       0.001s
[graph-profile] detect_ruby                        0.003s
[graph-profile] detect_rust                        0.002s
[graph-profile] detect_scala                       0.006s
[graph-profile] detect_dart                        0.002s
[graph-profile] detect_grpc                        0.067s
[graph-profile] detect_openapi                     0.066s
[graph-profile] detect_asyncapi                    0.120s
[graph-profile] detect_extractors                  0.120s  total= 0.120s  trace=inputs  detected=6
[graph-profile] select_hash_targets                0.023s  total= 0.142s  trace=inputs  targets=7791
[graph-profile] engine_hash_files                  0.289s  n=7791 hashed=7791 bytes=82572462
[graph-profile] hash_content_inputs                0.289s  total= 0.431s  trace=inputs  targets=7791
[graph-profile] capture_contexts                   0.068s  total= 0.499s  trace=inputs  contexts=2
[graph-profile] ts_config_inputs                   0.054s  n=83
[graph-profile] analysis_fingerprint               0.060s  total= 0.559s  trace=inputs  cfg_files=59
[graph-profile] angular_probe                      0.003s  total= 0.562s  trace=inputs  angular=false
[graph-profile] policy_identity                    0.000s  total= 0.562s  trace=inputs
[graph-profile] engine_context_fingerprint         0.000s  total= 0.562s  trace=inputs
[graph-profile] ts_disc_nuxt_packages              0.085s  pkgs=0
[graph-profile] ts_disc_package_gates              0.001s
[graph-profile] ts_disc_package_names              0.000s  names=30
[graph-profile] ts_disc_alias_roots                0.064s  roots=1
[graph-profile] ts_disc_package_exports            0.000s  packages=30
[graph-profile] ts_discovery_build                 0.159s  side_reads=2001 stat_reads=2013 walked_dirs=667 captured=59
[graph-profile] ts_discovery                       0.159s  total= 0.722s  trace=inputs  names=0 bytes=0 dirs=0
[graph-profile] ts_session_context                 0.087s  total= 0.809s  trace=inputs  files=6804
[graph-profile] runtime_inputs_complete            0.000s  total= 0.809s  trace=inputs
[graph-profile] clone_file_state_copy              0.001s  n=7772
[graph-profile] extractor_need                     0.872s  total= 0.872s  trace=session  non_ts_need=false detected=6 neutral=0
[graph-profile] changed_terms                      0.020s  total= 0.892s  trace=session  initial=false force=false non_ts=false scan=true raw_cfg=false policy=false neutral_scan=false neutral_cfg=false
[graph-profile] ts_detect_frameworks               0.000s  total= 0.000s  trace=ts  files=6804 shared_discovery=true
[graph-profile] ts_disc_package_aliases            0.000s  aliases=21
[graph-profile] ts_read_dirty                      0.004s  total= 0.004s  trace=ts  to_read=1 cached=6803
[graph-profile] ts_graphql_grpc_index              0.001s  total= 0.004s  trace=ts  ts_files=6804
[graph-profile] ts_mapfiles_aggregate              0.053s  total= 0.058s  trace=ts  parsed=1 facts=89516 routers=0 scans=0 derived=1
[graph-profile] ts_compose_modules                 0.004s  total= 0.062s  trace=ts  facts=89958 records=6804 unread=0
[graph-profile] ts_detect_frameworks               0.000s  total= 0.000s  trace=ts  files=6804 shared_discovery=true
[graph-profile] ts_disc_package_aliases            0.000s  aliases=21
[graph-profile] ts_read_dirty                      0.004s  total= 0.004s  trace=ts  to_read=20 cached=6784
[graph-profile] ts_graphql_grpc_index              0.003s  total= 0.007s  trace=ts  ts_files=6804
[graph-profile] ts_mapfiles_aggregate              0.353s  total= 0.360s  trace=ts  parsed=20 facts=89516 routers=0 scans=127 derived=15
[graph-profile] ts_compose_modules                 0.004s  total= 0.363s  trace=ts  facts=89958 records=6804 unread=0
[graph-profile] ts_frozen_preview                  0.620s  total= 1.512s  trace=session  dirty=21 err=false
[graph-profile] invalidation_plan                  0.206s  total= 1.718s  trace=session  reason=frozen scope: prior file-to-file dependency closure whole=false extra=0
[graph-profile] begin_publish                      0.000s  total= 1.718s  trace=session  scope=21
[graph-profile] ts_dirty_scope                     0.144s  total= 1.862s  trace=session  dirty=21 scope=21 force=false
[graph-profile] ts_extract_session                 0.000s  total= 1.863s  trace=session  parsed=21 cached=6783 facts=89958 records=6804
[graph-profile] assemble_new_files                 0.221s  total= 2.084s  trace=session  new=7772 ts_noop=false non_ts_need=false skip=false facts=101981
[graph-profile] index_group_owners                 0.157s  total= 2.241s  trace=session  facts=100617 owners=7709
[graph-profile] compare_owner_contributions        0.007s  total= 2.248s  trace=session  scope=0
[graph-profile] revalidate_before_begin            0.002s  n=80 superseded=false
[graph-profile] begin_publish_late                 0.054s  total= 2.301s  trace=session  scope=0
[graph-profile] encode_append_owners               0.001s  total= 2.302s  trace=session  published=0
[graph-profile] publish_resolved                   0.000s  total= 2.302s  trace=session  owners=0
[graph-profile] revalidate_ts_records              0.233s  total= 2.535s  trace=session  n=6804
[graph-profile] ts_config_inputs                   0.055s  n=83
[graph-profile] state_json_encode_write            0.321s  bytes=90686139 files=7772
[graph-profile] write_pending_state                0.473s  total= 3.007s  trace=session
[graph-profile] end_flush_ack                      0.029s  total= 3.037s  trace=session
[graph-profile] promote_compact_state              0.067s  total= 3.103s  trace=session  parsed=21 published=0
[graph-profile] graph_session_run                  3.732s  total= 4.083s  trace=cli  repo=/tmp/enola-proven-inventory/delta-profile/product parsed=21
[graph] /tmp/enola-proven-inventory/delta-profile/product: generation 1→2 parsed=21 cached=6783 early_local=0 fallbacks=1
[graph] fallback graph: changed files and reverse file dependents (frozen scope: prior file-to-file dependency closure)
[graph-profile] cli_complete                       0.000s  total= 4.083s  trace=cli  results=1
