ok  	github.com/enola-labs/enola/cmd/enola	(cached)
ok  	github.com/enola-labs/enola/internal/cachecov	0.502s
ok  	github.com/enola-labs/enola/internal/clientspec	(cached)
ok  	github.com/enola-labs/enola/internal/config	(cached)
ok  	github.com/enola-labs/enola/internal/conformance	(cached)
ok  	github.com/enola-labs/enola/internal/diff	(cached)
ok  	github.com/enola-labs/enola/internal/docslint	1.159s
?   	github.com/enola-labs/enola/internal/drift	[no test files]
ok  	github.com/enola-labs/enola/internal/engine	27.198s
ok  	github.com/enola-labs/enola/internal/eslintscaffold	(cached)
ok  	github.com/enola-labs/enola/internal/estateref	(cached)
ok  	github.com/enola-labs/enola/internal/explainers	(cached)
ok  	github.com/enola-labs/enola/internal/explainers/common	(cached)
ok  	github.com/enola-labs/enola/internal/explainers/complexity	(cached)
ok  	github.com/enola-labs/enola/internal/explainers/constraints	(cached)
ok  	github.com/enola-labs/enola/internal/explainers/coverage	(cached)
ok  	github.com/enola-labs/enola/internal/explainers/crossrepo	(cached)
ok  	github.com/enola-labs/enola/internal/explainers/cycles	(cached)
ok  	github.com/enola-labs/enola/internal/explainers/deadmethods	(cached)
ok  	github.com/enola-labs/enola/internal/explainers/depth	(cached)
ok  	github.com/enola-labs/enola/internal/explainers/domain	(cached)
ok  	github.com/enola-labs/enola/internal/explainers/entrypoints	(cached)
ok  	github.com/enola-labs/enola/internal/explainers/godclass	(cached)
ok  	github.com/enola-labs/enola/internal/explainers/hotspots	(cached)
ok  	github.com/enola-labs/enola/internal/explainers/importclosure	(cached)
ok  	github.com/enola-labs/enola/internal/explainers/intentcheck	(cached)
ok  	github.com/enola-labs/enola/internal/explainers/layers	(cached)
ok  	github.com/enola-labs/enola/internal/explainers/messagingcoverage	(cached)
ok  	github.com/enola-labs/enola/internal/explainers/queryloops	(cached)
ok  	github.com/enola-labs/enola/internal/explainers/surface	(cached)
ok  	github.com/enola-labs/enola/internal/explainers/unusedroutes	(cached)
ok  	github.com/enola-labs/enola/internal/explainers/vendoredcandidates	(cached)
ok  	github.com/enola-labs/enola/internal/extractors	(cached)
ok  	github.com/enola-labs/enola/internal/extractors/ansibleextractor	(cached)
ok  	github.com/enola-labs/enola/internal/extractors/asyncapiextractor	(cached)
ok  	github.com/enola-labs/enola/internal/extractors/cppextractor	(cached)
ok  	github.com/enola-labs/enola/internal/extractors/dartextractor	(cached)
?   	github.com/enola-labs/enola/internal/extractors/dartextractor/grammar	[no test files]
ok  	github.com/enola-labs/enola/internal/extractors/detectnames	(cached)
ok  	github.com/enola-labs/enola/internal/extractors/dotnetextractor	(cached)
?   	github.com/enola-labs/enola/internal/extractors/extcoverage	[no test files]
ok  	github.com/enola-labs/enola/internal/extractors/goextractor	(cached)
ok  	github.com/enola-labs/enola/internal/extractors/grpcextractor	(cached)
ok  	github.com/enola-labs/enola/internal/extractors/hclextractor	(cached)
?   	github.com/enola-labs/enola/internal/extractors/inputscope	[no test files]
ok  	github.com/enola-labs/enola/internal/extractors/javaextractor	(cached)
ok  	github.com/enola-labs/enola/internal/extractors/jvmsrc	(cached)
ok  	github.com/enola-labs/enola/internal/extractors/kotlinextractor	(cached)
ok  	github.com/enola-labs/enola/internal/extractors/manifestextractor	(cached)
ok  	github.com/enola-labs/enola/internal/extractors/mdintent	(cached)
ok  	github.com/enola-labs/enola/internal/extractors/openapiextractor	(cached)
ok  	github.com/enola-labs/enola/internal/extractors/phpextractor	(cached)
ok  	github.com/enola-labs/enola/internal/extractors/pythonextractor	(cached)
ok  	github.com/enola-labs/enola/internal/extractors/rubyextractor	(cached)
ok  	github.com/enola-labs/enola/internal/extractors/rustextractor	(cached)
ok  	github.com/enola-labs/enola/internal/extractors/scalaextractor	(cached)
ok  	github.com/enola-labs/enola/internal/extractors/swiftextractor	(cached)
?   	github.com/enola-labs/enola/internal/extractors/swiftextractor/grammar	[no test files]
ok  	github.com/enola-labs/enola/internal/extractors/tsextractor	(cached)
?   	github.com/enola-labs/enola/internal/extractors/tsutil	[no test files]
ok  	github.com/enola-labs/enola/internal/factpath	(cached)
ok  	github.com/enola-labs/enola/internal/facts	2.841s
ok  	github.com/enola-labs/enola/internal/filelock	(cached)
ok  	github.com/enola-labs/enola/internal/gqlscan	(cached)
ok  	github.com/enola-labs/enola/internal/graphinput	(cached)
?   	github.com/enola-labs/enola/internal/graphprofile	[no test files]
ok  	github.com/enola-labs/enola/internal/graphsession	(cached)
ok  	github.com/enola-labs/enola/internal/graphstream	(cached)
ok  	github.com/enola-labs/enola/internal/history	(cached)
ok  	github.com/enola-labs/enola/internal/hookstate	(cached)
--- FAIL: TestOwnDeclaration_GovernsEveryPackage (0.01s)
    selfdeclaration_test.go:42: package ".bench-efficiency/driver" is in no declared layer — nothing governs it, and no finding would say so
FAIL
FAIL	github.com/enola-labs/enola/internal/intent	1.585s
ok  	github.com/enola-labs/enola/internal/linkers/binders	(cached)
ok  	github.com/enola-labs/enola/internal/linkers/binders/clientseam	(cached)
ok  	github.com/enola-labs/enola/internal/linkers/binders/emberresolver	(cached)
ok  	github.com/enola-labs/enola/internal/linkers/binders/frameworkroots	(cached)
ok  	github.com/enola-labs/enola/internal/linkers/binders/grpcclientfqn	(cached)
ok  	github.com/enola-labs/enola/internal/linkers/binders/grpcimpl	(cached)
ok  	github.com/enola-labs/enola/internal/linkers/binders/httphandler	(cached)
ok  	github.com/enola-labs/enola/internal/linkers/binders/messagingcontract	(cached)
ok  	github.com/enola-labs/enola/internal/linkers/binders/mixinowner	(cached)
ok  	github.com/enola-labs/enola/internal/linkers/binders/moduleedges	(cached)
ok  	github.com/enola-labs/enola/internal/linkers/binders/stimulusresolver	(cached)
ok  	github.com/enola-labs/enola/internal/linkers/binders/unmatchedroutes	(cached)
ok  	github.com/enola-labs/enola/internal/linkers/binders/vendoredspecs	(cached)
ok  	github.com/enola-labs/enola/internal/linkers/crossrepo	(cached)
ok  	github.com/enola-labs/enola/internal/linkers/crossrepo/routeindex	(cached)
?   	github.com/enola-labs/enola/internal/linkers/crossrepo/signals	[no test files]
ok  	github.com/enola-labs/enola/internal/linkers/crossrepo/signals/graphqlsig	(cached)
ok  	github.com/enola-labs/enola/internal/linkers/crossrepo/signals/http	(cached)
?   	github.com/enola-labs/enola/internal/linkers/crossrepo/signals/imports	[no test files]
ok  	github.com/enola-labs/enola/internal/linkers/crossrepo/signals/kafka	(cached)
ok  	github.com/enola-labs/enola/internal/linkers/crossrepo/signals/sharedcode	(cached)
ok  	github.com/enola-labs/enola/internal/linkers/vocab	(cached)
ok  	github.com/enola-labs/enola/internal/litfold	(cached)
ok  	github.com/enola-labs/enola/internal/metrics	(cached)
ok  	github.com/enola-labs/enola/internal/mining	(cached)
ok  	github.com/enola-labs/enola/internal/orphans	(cached)
ok  	github.com/enola-labs/enola/internal/parallel	(cached)
ok  	github.com/enola-labs/enola/internal/perf	(cached)
ok  	github.com/enola-labs/enola/internal/providers	(cached)
ok  	github.com/enola-labs/enola/internal/providers/rubydex	(cached)
ok  	github.com/enola-labs/enola/internal/renderers	(cached)
ok  	github.com/enola-labs/enola/internal/renderers/llmcontext	(cached)
ok  	github.com/enola-labs/enola/internal/server	6.458s
ok  	github.com/enola-labs/enola/internal/updatecheck	(cached)
ok  	github.com/enola-labs/enola/internal/upgrade	(cached)
?   	github.com/enola-labs/enola/internal/version	[no test files]
ok  	github.com/enola-labs/enola/internal/workspace	(cached)
ok  	github.com/enola-labs/enola/pkg/bootstrap	73.452s
ok  	github.com/enola-labs/enola/pkg/check	(cached)
ok  	github.com/enola-labs/enola/pkg/cli	(cached)
ok  	github.com/enola-labs/enola/pkg/command	(cached)
ok  	github.com/enola-labs/enola/pkg/coverage	1.222s
ok  	github.com/enola-labs/enola/pkg/dashboard	(cached)
?   	github.com/enola-labs/enola/pkg/diff	[no test files]
ok  	github.com/enola-labs/enola/pkg/explain	(cached)
?   	github.com/enola-labs/enola/pkg/facts	[no test files]
ok  	github.com/enola-labs/enola/pkg/history	(cached)
ok  	github.com/enola-labs/enola/pkg/install	(cached)
ok  	github.com/enola-labs/enola/pkg/mcputil	(cached)
ok  	github.com/enola-labs/enola/pkg/plan	(cached)
?   	github.com/enola-labs/enola/pkg/plugin	[no test files]
ok  	github.com/enola-labs/enola/pkg/status	(cached)
FAIL
