[graph-profile] flags_parsed                       0.000s  total= 0.000s  trace=cli  mode=analyze
[graph-profile] config_load                        0.000s  total= 0.000s  trace=graph_engine  config.yaml
[graph-profile] declare_config_deps                0.000s  total= 0.000s  trace=graphinput_build  deps=2
[graph-profile] discover_git                       0.045s  total= 0.045s  trace=graphinput_build  repo=true dirs=2
[graph-profile] declare_git_control                0.007s  total= 0.052s  trace=graphinput_build  deps=6
[graph-profile] git_ls_files                       0.063s  total= 0.114s  trace=graphinput_build  tracked=45105 dirs=5818
[graph-profile] walk_tree                          0.127s  total= 0.242s  trace=graphinput_build  names=11635 ignorefiles=4
[graph-profile] check_ignore_setup                 0.031s  total= 0.273s  trace=graphinput_build
[graph-profile] check_ignore_run                   0.064s  total= 0.337s  trace=graphinput_build  names=11635 ignored=0
[graph-profile] declare_ignore_files               0.003s  total= 0.340s  trace=graphinput_build  deps=9
[graph-profile] compute_identities                 0.034s  total= 0.374s  trace=graphinput_build  deps=9 entries=11635
[graph-profile] graphinput_build                   0.375s  total= 0.375s  trace=graph_engine  configpaths=2
[graph-profile] engine_new                         0.000s  total= 0.375s  trace=graph_engine
[graph-profile] register_plugins                   0.000s  total= 0.375s  trace=graph_engine
[graph-profile] config_recheck                     0.004s  total= 0.379s  trace=graph_engine
[graph-profile] resolve_graph_target               0.381s  total= 0.381s  trace=cli  repos=1
[graph-profile] connect_sink                       0.001s  total= 0.382s  trace=cli  nats=true
[graph-profile] session_options                    0.003s  total= 0.385s  trace=cli  repo=/private/tmp/enola-stage16-phase-memory/cli-pairs/correctness-baseline-1/product
[graph-profile] lock                               0.000s  total= 0.000s  trace=open
[graph-profile] bind_identity                      0.000s  total= 0.001s  trace=open
[graph-profile] open_journal                       0.000s  total= 0.001s  trace=open
[graph-profile] replay_unacked                     0.013s  total= 0.014s  trace=open
[memory-phase] trace=open phase=load_state total_alloc=67021040 heap_alloc=20280056 heap_sys=37060608 heap_idle=13852672 heap_released=8945664 mallocs=165981 num_gc=6
[graph-profile] load_state                         0.000s  total= 0.014s  trace=open  files=0
[graph-profile] transaction_enter                  0.000s  total= 0.000s  trace=reconcile  fast=false failed=false
[graph-profile] effective_config_before            0.000s  total= 0.000s  trace=reconcile  files=2
[graph-profile] graph_inputs_proven                0.108s  total= 0.108s  trace=reconcile
[graph-profile] effective_config                   0.001s  total= 0.109s  trace=reconcile  files=2 fast=false
[graph-profile] reconcile_complete                 0.000s  total= 0.109s  trace=reconcile  reloaded=false
[graph-profile] engine_walk_repo                   0.127s  files=10965 tests=0 all_names=10965
[memory-phase] trace=inputs phase=inventory total_alloc=90052104 heap_alloc=34903192 heap_sys=45449216 heap_idle=8331264 heap_released=7356416 mallocs=291208 num_gc=7
[graph-profile] inventory                          0.128s  total= 0.128s  trace=inputs  files=10965 all_names=10965
[graph-profile] detect_typescript                  0.001s
[graph-profile] detect_extractors                  0.003s  total= 0.131s  trace=inputs  detected=1
[graph-profile] select_hash_targets                0.006s  total= 0.137s  trace=inputs  targets=4105
[graph-profile] engine_hash_files                  0.178s  n=4105 hashed=4105 bytes=45822424
[graph-profile] hash_content_inputs                0.178s  total= 0.315s  trace=inputs  targets=4105
[graph-profile] capture_contexts                   0.000s  total= 0.315s  trace=inputs  contexts=0
[memory-phase] trace=since phase=ts_config_inputs total_alloc=155654896 heap_alloc=19465072 heap_sys=45449216 heap_idle=23453696 heap_released=13500416 mallocs=454055 num_gc=12
[graph-profile] ts_config_inputs                   0.165s  n=83
[graph-profile] analysis_fingerprint               0.168s  total= 0.483s  trace=inputs  cfg_files=59
[graph-profile] angular_probe                      0.003s  total= 0.487s  trace=inputs  angular=false
[graph-profile] policy_identity                    0.000s  total= 0.487s  trace=inputs
[graph-profile] engine_context_fingerprint         0.000s  total= 0.487s  trace=inputs
[graph-profile] ts_disc_nuxt_packages              0.143s  pkgs=0
[graph-profile] ts_disc_package_gates              0.001s
[graph-profile] ts_disc_package_names              0.000s  names=30
[graph-profile] ts_disc_alias_roots                0.093s  roots=1
[graph-profile] ts_disc_package_exports            0.000s  packages=30
[graph-profile] ts_discovery_build                 0.248s  side_reads=1965 stat_reads=1977 walked_dirs=655 captured=59
[graph-profile] ts_discovery                       0.248s  total= 0.735s  trace=inputs  names=0 bytes=0 dirs=0
[graph-profile] ts_session_context                 0.056s  total= 0.791s  trace=inputs  files=4086
[graph-profile] runtime_inputs_complete            0.000s  total= 0.791s  trace=inputs
[graph-profile] clone_file_state_copy              0.000s  n=0
[graph-profile] extractor_need                     0.817s  total= 0.817s  trace=session  non_ts_need=false detected=1 neutral=0
[graph-profile] changed_terms                      0.007s  total= 0.824s  trace=session  initial=true force=true non_ts=false scan=false raw_cfg=false policy=true neutral_scan=false neutral_cfg=false
[graph-profile] invalidation_plan                  0.016s  total= 0.840s  trace=session  reason=frozen scope: global name-resolution domain whole=true extra=0
[graph-profile] revalidate_before_begin            0.001s  n=59 superseded=false
[graph-profile] begin_publish                      0.054s  total= 0.894s  trace=session  scope=8483
[graph-profile] ts_dirty_scope                     0.001s  total= 0.894s  trace=session  dirty=0 scope=4086 force=true
[graph-profile] ts_detect_frameworks               0.000s  total= 0.000s  trace=ts  files=4086 shared_discovery=true
[graph-profile] ts_disc_package_aliases            0.000s  aliases=21
[graph-profile] ts_read_dirty                      0.122s  total= 0.122s  trace=ts  to_read=4086 cached=0
[graph-profile] ts_graphql_grpc_index              0.394s  total= 0.516s  trace=ts  ts_files=4086
[graph-profile] ts_mapfiles_aggregate              4.806s  total= 5.322s  trace=ts  parsed=4034 facts=59225 routers=0 scans=1733 derived=2260
[graph-profile] ts_compose_modules                 0.003s  total= 5.325s  trace=ts  facts=59662 records=4086 unread=0
[memory-phase] trace=session phase=ts_extract_session total_alloc=3453732944 heap_alloc=296114128 heap_sys=410025984 heap_idle=57573376 heap_released=11517952 mallocs=52516814 num_gc=50
[graph-profile] ts_extract_session                 5.328s  total= 6.222s  trace=session  parsed=4034 cached=0 facts=59662 records=4086
[memory-phase] trace=session phase=assemble_new_files total_alloc=3553209384 heap_alloc=203291808 heap_sys=464551936 heap_idle=198418432 heap_released=72597504 mallocs=52797221 num_gc=51
[graph-profile] assemble_new_files                 0.156s  total= 6.378s  trace=session  new=4086 ts_noop=false non_ts_need=false skip=false facts=59662
[memory-phase] trace=session phase=index_group_owners total_alloc=3606633016 heap_alloc=256715440 heap_sys=464551936 heap_idle=152076288 heap_released=72597504 mallocs=52932376 num_gc=51
[graph-profile] index_group_owners                 0.021s  total= 6.399s  trace=session  facts=59225 owners=4034
[graph-profile] publish_scope                      0.001s  total= 6.400s  trace=session  scope=8483
[graph-profile] encode_append_owners               4.574s  total=10.974s  trace=session  published=4034
[graph-profile] publish_resolved                   0.114s  total=11.088s  trace=session  owners=4034
[graph-profile] revalidate_ts_records              0.160s  total=11.247s  trace=session  n=4086
[memory-phase] trace=since phase=ts_config_inputs total_alloc=4220427128 heap_alloc=291159160 heap_sys=493617152 heap_idle=99860480 heap_released=4456448 mallocs=54591516 num_gc=56
[graph-profile] ts_config_inputs                   0.165s  n=83
[graph-profile] state_json_marshal                 0.178s  bytes=56634055 files=4086
[graph-profile] state_fingerprint                  0.025s  write bytes=56634055
[memory-phase] trace=session phase=write_pending_state total_alloc=4610158272 heap_alloc=491288152 heap_sys=799965184 heap_idle=204472320 heap_released=24436736 mallocs=55282516 num_gc=57
[graph-profile] write_pending_state                0.420s  total=11.668s  trace=session
[memory-phase] trace=session phase=end_flush_ack total_alloc=4612090648 heap_alloc=493220528 heap_sys=799899648 heap_idle=203849728 heap_released=24436736 mallocs=55299393 num_gc=57
[graph-profile] end_flush_ack                      0.084s  total=11.752s  trace=session
[memory-phase] trace=session phase=promote_compact_state total_alloc=4612981336 heap_alloc=494111216 heap_sys=799866880 heap_idle=203005952 heap_released=24436736 mallocs=55301053 num_gc=57
[graph-profile] promote_compact_state              0.125s  total=11.877s  trace=session  parsed=4034 published=4034
[memory-phase] trace=cli phase=graph_session_run total_alloc=4612981880 heap_alloc=494111760 heap_sys=800063488 heap_idle=203202560 heap_released=24436736 mallocs=55301070 num_gc=57
[graph-profile] graph_session_run                 12.000s  total=12.386s  trace=cli  repo=/private/tmp/enola-stage16-phase-memory/cli-pairs/correctness-baseline-1/product parsed=4034
[memory-phase] trace=cli phase=cli_complete total_alloc=4613004352 heap_alloc=494134232 heap_sys=800063488 heap_idle=203202560 heap_released=24436736 mallocs=55301316 num_gc=57
[graph-profile] cli_complete                       0.000s  total=12.386s  trace=cli  results=1
