[graph-profile] flags_parsed                       0.000s  total= 0.000s  trace=cli  mode=analyze
[graph-profile] config_load                        0.000s  total= 0.000s  trace=graph_engine  config.yaml
[graph-profile] declare_config_deps                0.000s  total= 0.000s  trace=graphinput_build  deps=2
[graph-profile] discover_git                       0.049s  total= 0.049s  trace=graphinput_build  repo=true dirs=2
[graph-profile] declare_git_control                0.006s  total= 0.056s  trace=graphinput_build  deps=6
[graph-profile] git_ls_files                       0.063s  total= 0.119s  trace=graphinput_build  tracked=45105 dirs=5818
[graph-profile] walk_tree                          0.128s  total= 0.247s  trace=graphinput_build  names=11635 ignorefiles=4
[graph-profile] check_ignore_setup                 0.037s  total= 0.284s  trace=graphinput_build
[graph-profile] check_ignore_run                   0.064s  total= 0.348s  trace=graphinput_build  names=11635 ignored=0
[graph-profile] declare_ignore_files               0.002s  total= 0.350s  trace=graphinput_build  deps=9
[graph-profile] compute_identities                 0.036s  total= 0.386s  trace=graphinput_build  deps=9 entries=11635
[graph-profile] graphinput_build                   0.393s  total= 0.393s  trace=graph_engine  configpaths=2
[graph-profile] engine_new                         0.000s  total= 0.393s  trace=graph_engine
[graph-profile] register_plugins                   0.000s  total= 0.393s  trace=graph_engine
[graph-profile] config_recheck                     0.000s  total= 0.393s  trace=graph_engine
[graph-profile] resolve_graph_target               0.394s  total= 0.394s  trace=cli  repos=1
[graph-profile] connect_sink                       0.001s  total= 0.395s  trace=cli  nats=true
[graph-profile] session_options                    0.003s  total= 0.398s  trace=cli  repo=/private/tmp/enola-stage16-phase-memory/cli-pairs/correctness-baseline-1/product
[graph-profile] lock                               0.000s  total= 0.000s  trace=open
[graph-profile] bind_identity                      0.000s  total= 0.001s  trace=open
[graph-profile] open_journal                       0.000s  total= 0.001s  trace=open
[graph-profile] replay_unacked                     0.009s  total= 0.010s  trace=open
[memory-phase] trace=open phase=load_state total_alloc=67025608 heap_alloc=19787288 heap_sys=37027840 heap_idle=14319616 heap_released=8126464 mallocs=165983 num_gc=6
[graph-profile] load_state                         0.000s  total= 0.010s  trace=open  files=0
[graph-profile] transaction_enter                  0.000s  total= 0.000s  trace=reconcile  fast=false failed=false
[graph-profile] effective_config_before            0.000s  total= 0.000s  trace=reconcile  files=2
[graph-profile] graph_inputs_proven                0.108s  total= 0.108s  trace=reconcile
[graph-profile] effective_config                   0.000s  total= 0.108s  trace=reconcile  files=2 fast=false
[graph-profile] reconcile_complete                 0.000s  total= 0.108s  trace=reconcile  reloaded=false
[graph-profile] engine_walk_repo                   0.127s  files=10965 tests=0 all_names=10965
[memory-phase] trace=inputs phase=inventory total_alloc=90058912 heap_alloc=34911048 heap_sys=45416448 heap_idle=8454144 heap_released=7708672 mallocs=291210 num_gc=7
[graph-profile] inventory                          0.128s  total= 0.128s  trace=inputs  files=10965 all_names=10965
[graph-profile] detect_typescript                  0.001s
[graph-profile] detect_extractors                  0.001s  total= 0.129s  trace=inputs  detected=1
[graph-profile] select_hash_targets                0.006s  total= 0.135s  trace=inputs  targets=4105
[graph-profile] engine_hash_files                  0.154s  n=4105 hashed=4105 bytes=45822317
[graph-profile] hash_content_inputs                0.154s  total= 0.289s  trace=inputs  targets=4105
[graph-profile] capture_contexts                   0.000s  total= 0.289s  trace=inputs  contexts=0
[memory-phase] trace=since phase=ts_config_inputs total_alloc=155666768 heap_alloc=24217376 heap_sys=45416448 heap_idle=18972672 heap_released=13598720 mallocs=454076 num_gc=12
[graph-profile] ts_config_inputs                   0.162s  n=83
[graph-profile] analysis_fingerprint               0.166s  total= 0.456s  trace=inputs  cfg_files=59
[graph-profile] angular_probe                      0.006s  total= 0.461s  trace=inputs  angular=false
[graph-profile] policy_identity                    0.000s  total= 0.461s  trace=inputs
[graph-profile] engine_context_fingerprint         0.000s  total= 0.461s  trace=inputs
[graph-profile] ts_disc_nuxt_packages              0.136s  pkgs=0
[graph-profile] ts_disc_package_gates              0.001s
[graph-profile] ts_disc_package_names              0.000s  names=30
[graph-profile] ts_disc_alias_roots                0.095s  roots=1
[graph-profile] ts_disc_package_exports            0.000s  packages=30
[graph-profile] ts_discovery_build                 0.251s  side_reads=1965 stat_reads=1977 walked_dirs=655 captured=59
[graph-profile] ts_discovery                       0.251s  total= 0.713s  trace=inputs  names=0 bytes=0 dirs=0
[graph-profile] ts_session_context                 0.056s  total= 0.769s  trace=inputs  files=4086
[graph-profile] runtime_inputs_complete            0.003s  total= 0.772s  trace=inputs
[graph-profile] clone_file_state_copy              0.000s  n=0
[graph-profile] extractor_need                     0.800s  total= 0.800s  trace=session  non_ts_need=false detected=1 neutral=0
[graph-profile] changed_terms                      0.010s  total= 0.810s  trace=session  initial=true force=true non_ts=false scan=false raw_cfg=false policy=true neutral_scan=false neutral_cfg=false
[graph-profile] invalidation_plan                  0.016s  total= 0.826s  trace=session  reason=frozen scope: global name-resolution domain whole=true extra=0
[graph-profile] revalidate_before_begin            0.001s  n=59 superseded=false
[graph-profile] begin_publish                      0.090s  total= 0.917s  trace=session  scope=8483
[graph-profile] ts_dirty_scope                     0.001s  total= 0.917s  trace=session  dirty=0 scope=4086 force=true
[graph-profile] ts_detect_frameworks               0.000s  total= 0.000s  trace=ts  files=4086 shared_discovery=true
[graph-profile] ts_disc_package_aliases            0.000s  aliases=21
[graph-profile] ts_read_dirty                      0.160s  total= 0.160s  trace=ts  to_read=4086 cached=0
[graph-profile] ts_graphql_grpc_index              0.402s  total= 0.562s  trace=ts  ts_files=4086
[graph-profile] ts_mapfiles_aggregate              4.581s  total= 5.143s  trace=ts  parsed=4034 facts=59224 routers=0 scans=1749 derived=2244
[graph-profile] ts_compose_modules                 0.003s  total= 5.146s  trace=ts  facts=59661 records=4086 unread=0
[memory-phase] trace=session phase=ts_extract_session total_alloc=3451063016 heap_alloc=247766256 heap_sys=405831680 heap_idle=75456512 heap_released=14229504 mallocs=52515489 num_gc=51
[graph-profile] ts_extract_session                 5.153s  total= 6.071s  trace=session  parsed=4034 cached=0 facts=59661 records=4086
[memory-phase] trace=session phase=assemble_new_files total_alloc=3550541456 heap_alloc=185870400 heap_sys=460357632 heap_idle=191528960 heap_released=34701312 mallocs=52795893 num_gc=52
[graph-profile] assemble_new_files                 0.149s  total= 6.220s  trace=session  new=4086 ts_noop=false non_ts_need=false skip=false facts=59661
[memory-phase] trace=session phase=index_group_owners total_alloc=3603964912 heap_alloc=239293856 heap_sys=460357632 heap_idle=145555456 heap_released=32456704 mallocs=52931046 num_gc=52
[graph-profile] index_group_owners                 0.019s  total= 6.239s  trace=session  facts=59224 owners=4034
[graph-profile] publish_scope                      0.001s  total= 6.241s  trace=session  scope=8483
[graph-profile] encode_append_owners               4.465s  total=10.706s  trace=session  published=4034
[graph-profile] publish_resolved                   0.076s  total=10.783s  trace=session  owners=4034
[graph-profile] revalidate_ts_records              0.156s  total=10.939s  trace=session  n=4086
[memory-phase] trace=since phase=ts_config_inputs total_alloc=4216880536 heap_alloc=296242232 heap_sys=510427136 heap_idle=110829568 heap_released=3710976 mallocs=54590205 num_gc=56
[graph-profile] ts_config_inputs                   0.161s  n=83
[graph-profile] state_json_marshal                 0.179s  bytes=56633661 files=4086
[graph-profile] state_fingerprint                  0.025s  write bytes=56633661
[memory-phase] trace=session phase=write_pending_state total_alloc=4606611888 heap_alloc=491984288 heap_sys=816775168 heap_idle=218423296 heap_released=23683072 mallocs=55281183 num_gc=57
[graph-profile] write_pending_state                0.427s  total=11.365s  trace=session
[memory-phase] trace=session phase=end_flush_ack total_alloc=4608543560 heap_alloc=493915960 heap_sys=816709632 heap_idle=217800704 heap_released=23683072 mallocs=55298057 num_gc=57
[graph-profile] end_flush_ack                      0.085s  total=11.451s  trace=session
[memory-phase] trace=session phase=promote_compact_state total_alloc=4609435064 heap_alloc=494807464 heap_sys=816676864 heap_idle=216965120 heap_released=23683072 mallocs=55299722 num_gc=57
[graph-profile] promote_compact_state              0.134s  total=11.585s  trace=session  parsed=4034 published=4034
[memory-phase] trace=cli phase=graph_session_run total_alloc=4609435608 heap_alloc=494808008 heap_sys=816873472 heap_idle=217153536 heap_released=23683072 mallocs=55299739 num_gc=57
[graph-profile] graph_session_run                 11.703s  total=12.102s  trace=cli  repo=/private/tmp/enola-stage16-phase-memory/cli-pairs/correctness-baseline-1/product parsed=4034
[memory-phase] trace=cli phase=cli_complete total_alloc=4609459312 heap_alloc=494831712 heap_sys=816873472 heap_idle=217153536 heap_released=23683072 mallocs=55299995 num_gc=57
[graph-profile] cli_complete                       0.000s  total=12.102s  trace=cli  results=1
