START r1-old-initial
DONE r1-old-initial 9.845 None
START r1-old-noop
DONE r1-old-noop 4.516 None
START r1-new-initial
DONE r1-new-initial 15.424 {'Invalidation': {'RawConfigChanged': False, 'PolicyReconciled': False, 'AddedSources': 0, 'RemovedSources': 0, 'ContextAffectedSources': 0, 'ContextReasons': None, 'ParsedByReason': {'initial': 4144}}, 'RunID': '/tmp/enola-product-benchmark-source-enola-postpush-isolated-cli-main1-1-1789984172859373000', 'BaseGeneration': 0, 'TargetGeneration': 1, 'Stats': {'files_read': 4244, 'files_parsed': 4144, 'cached_files': 0, 'graphql_parsed': 2, 'sfc_parsed': 17, 'summary_scans': 0}, 'Fallbacks': [{'extractor': 'manifests', 'scope': 'all files owned by extractor', 'reason': 'no per-file incremental session; whole-extractor re-run'}, {'extractor': 'mdintent', 'scope': 'all files owned by extractor', 'reason': 'no per-file incremental session; whole-extractor re-run'}, {'extractor': 'hcl', 'scope': 'all files owned by extractor', 'reason': 'no per-file incremental session; whole-extractor re-run'}, {'extractor': 'python', 'scope': 'all files owned by extractor', 'reason': 'no per-file incremental session; whole-extractor re-run'}, {'extractor': 'swift', 'scope': 'all files owned by extractor', 'reason': 'no per-file incremental session; whole-extractor re-run'}], 'Unreadable': None, 'OwnersPublished': 5510, 'ParsedFiles': 4144, 'EarlyLocal': 4144}
START r1-new-noop
DONE r1-new-noop 2.05 {'Invalidation': {'RawConfigChanged': False, 'PolicyReconciled': False, 'AddedSources': 0, 'RemovedSources': 0, 'ContextAffectedSources': 0, 'ContextReasons': None, 'ParsedByReason': {}}, 'RunID': '', 'BaseGeneration': 1, 'TargetGeneration': 1, 'Stats': {'files_read': 0, 'files_parsed': 0, 'cached_files': 4244, 'graphql_parsed': 0, 'sfc_parsed': 0, 'summary_scans': 0}, 'Fallbacks': None, 'Unreadable': None, 'OwnersPublished': 0, 'ParsedFiles': 0, 'EarlyLocal': 0}
START r1-old-body
DONE r1-old-body 10.621 None
START r1-new-body
DONE r1-new-body 2.934 {'Invalidation': {'RawConfigChanged': False, 'PolicyReconciled': False, 'AddedSources': 0, 'RemovedSources': 0, 'ContextAffectedSources': 0, 'ContextReasons': None, 'ParsedByReason': {'source content': 1}}, 'RunID': '/tmp/enola-product-benchmark-source-enola-postpush-isolated-cli-main1-2-1789984206708730000', 'BaseGeneration': 1, 'TargetGeneration': 2, 'Stats': {'files_read': 1, 'files_parsed': 1, 'cached_files': 4243, 'graphql_parsed': 0, 'sfc_parsed': 0, 'summary_scans': 0}, 'Fallbacks': None, 'Unreadable': None, 'OwnersPublished': 86, 'ParsedFiles': 1, 'EarlyLocal': 1}
START r1-old-structural
DONE r1-old-structural 11.521 None
START r1-new-structural
DONE r1-new-structural 3.026 {'Invalidation': {'RawConfigChanged': False, 'PolicyReconciled': False, 'AddedSources': 0, 'RemovedSources': 0, 'ContextAffectedSources': 0, 'ContextReasons': None, 'ParsedByReason': {'resolution': 1, 'source content': 1}}, 'RunID': '/tmp/enola-product-benchmark-source-enola-postpush-isolated-cli-main1-3-1789984227275480000', 'BaseGeneration': 2, 'TargetGeneration': 3, 'Stats': {'files_read': 2, 'files_parsed': 2, 'cached_files': 4243, 'graphql_parsed': 0, 'sfc_parsed': 0, 'summary_scans': 0}, 'Fallbacks': None, 'Unreadable': None, 'OwnersPublished': 87, 'ParsedFiles': 2, 'EarlyLocal': 2}
START r2-old-initial
DONE r2-old-initial 10.105 None
START r2-old-noop
DONE r2-old-noop 4.501 None
START r2-new-initial
DONE r2-new-initial 14.87 {'Invalidation': {'RawConfigChanged': False, 'PolicyReconciled': False, 'AddedSources': 0, 'RemovedSources': 0, 'ContextAffectedSources': 0, 'ContextReasons': None, 'ParsedByReason': {'initial': 4144}}, 'RunID': '/tmp/enola-product-benchmark-source-enola-postpush-isolated-cli-main2-1-1789984251370528000', 'BaseGeneration': 0, 'TargetGeneration': 1, 'Stats': {'files_read': 4244, 'files_parsed': 4144, 'cached_files': 0, 'graphql_parsed': 2, 'sfc_parsed': 17, 'summary_scans': 0}, 'Fallbacks': [{'extractor': 'manifests', 'scope': 'all files owned by extractor', 'reason': 'no per-file incremental session; whole-extractor re-run'}, {'extractor': 'mdintent', 'scope': 'all files owned by extractor', 'reason': 'no per-file incremental session; whole-extractor re-run'}, {'extractor': 'hcl', 'scope': 'all files owned by extractor', 'reason': 'no per-file incremental session; whole-extractor re-run'}, {'extractor': 'python', 'scope': 'all files owned by extractor', 'reason': 'no per-file incremental session; whole-extractor re-run'}, {'extractor': 'swift', 'scope': 'all files owned by extractor', 'reason': 'no per-file incremental session; whole-extractor re-run'}], 'Unreadable': None, 'OwnersPublished': 5510, 'ParsedFiles': 4144, 'EarlyLocal': 4144}
START r2-new-noop
DONE r2-new-noop 2.064 {'Invalidation': {'RawConfigChanged': False, 'PolicyReconciled': False, 'AddedSources': 0, 'RemovedSources': 0, 'ContextAffectedSources': 0, 'ContextReasons': None, 'ParsedByReason': {}}, 'RunID': '', 'BaseGeneration': 1, 'TargetGeneration': 1, 'Stats': {'files_read': 0, 'files_parsed': 0, 'cached_files': 4244, 'graphql_parsed': 0, 'sfc_parsed': 0, 'summary_scans': 0}, 'Fallbacks': None, 'Unreadable': None, 'OwnersPublished': 0, 'ParsedFiles': 0, 'EarlyLocal': 0}
START r2-old-body
DONE r2-old-body 10.633 None
START r2-new-body
DONE r2-new-body 2.957 {'Invalidation': {'RawConfigChanged': False, 'PolicyReconciled': False, 'AddedSources': 0, 'RemovedSources': 0, 'ContextAffectedSources': 0, 'ContextReasons': None, 'ParsedByReason': {'source content': 1}}, 'RunID': '/tmp/enola-product-benchmark-source-enola-postpush-isolated-cli-main2-2-1789984285554852000', 'BaseGeneration': 1, 'TargetGeneration': 2, 'Stats': {'files_read': 1, 'files_parsed': 1, 'cached_files': 4243, 'graphql_parsed': 0, 'sfc_parsed': 0, 'summary_scans': 0}, 'Fallbacks': None, 'Unreadable': None, 'OwnersPublished': 86, 'ParsedFiles': 1, 'EarlyLocal': 1}
START r2-old-structural
DONE r2-old-structural 11.657 None
START r2-new-structural
DONE r2-new-structural 3.064 {'Invalidation': {'RawConfigChanged': False, 'PolicyReconciled': False, 'AddedSources': 0, 'RemovedSources': 0, 'ContextAffectedSources': 0, 'ContextReasons': None, 'ParsedByReason': {'resolution': 1, 'source content': 1}}, 'RunID': '/tmp/enola-product-benchmark-source-enola-postpush-isolated-cli-main2-3-1789984306281162000', 'BaseGeneration': 2, 'TargetGeneration': 3, 'Stats': {'files_read': 2, 'files_parsed': 2, 'cached_files': 4243, 'graphql_parsed': 0, 'sfc_parsed': 0, 'summary_scans': 0}, 'Fallbacks': None, 'Unreadable': None, 'OwnersPublished': 87, 'ParsedFiles': 2, 'EarlyLocal': 2}
START r3-old-initial
DONE r3-old-initial 10.335 None
START r3-old-noop
DONE r3-old-noop 4.557 None
START r3-new-initial
DONE r3-new-initial 14.682 {'Invalidation': {'RawConfigChanged': False, 'PolicyReconciled': False, 'AddedSources': 0, 'RemovedSources': 0, 'ContextAffectedSources': 0, 'ContextReasons': None, 'ParsedByReason': {'initial': 4144}}, 'RunID': '/tmp/enola-product-benchmark-source-enola-postpush-isolated-cli-main3-1-1789984330757511000', 'BaseGeneration': 0, 'TargetGeneration': 1, 'Stats': {'files_read': 4244, 'files_parsed': 4144, 'cached_files': 0, 'graphql_parsed': 2, 'sfc_parsed': 17, 'summary_scans': 0}, 'Fallbacks': [{'extractor': 'manifests', 'scope': 'all files owned by extractor', 'reason': 'no per-file incremental session; whole-extractor re-run'}, {'extractor': 'mdintent', 'scope': 'all files owned by extractor', 'reason': 'no per-file incremental session; whole-extractor re-run'}, {'extractor': 'hcl', 'scope': 'all files owned by extractor', 'reason': 'no per-file incremental session; whole-extractor re-run'}, {'extractor': 'python', 'scope': 'all files owned by extractor', 'reason': 'no per-file incremental session; whole-extractor re-run'}, {'extractor': 'swift', 'scope': 'all files owned by extractor', 'reason': 'no per-file incremental session; whole-extractor re-run'}], 'Unreadable': None, 'OwnersPublished': 5510, 'ParsedFiles': 4144, 'EarlyLocal': 4144}
START r3-new-noop
DONE r3-new-noop 2.087 {'Invalidation': {'RawConfigChanged': False, 'PolicyReconciled': False, 'AddedSources': 0, 'RemovedSources': 0, 'ContextAffectedSources': 0, 'ContextReasons': None, 'ParsedByReason': {}}, 'RunID': '', 'BaseGeneration': 1, 'TargetGeneration': 1, 'Stats': {'files_read': 0, 'files_parsed': 0, 'cached_files': 4244, 'graphql_parsed': 0, 'sfc_parsed': 0, 'summary_scans': 0}, 'Fallbacks': None, 'Unreadable': None, 'OwnersPublished': 0, 'ParsedFiles': 0, 'EarlyLocal': 0}
START r3-old-body
DONE r3-old-body 10.62 None
START r3-new-body
DONE r3-new-body 2.936 {'Invalidation': {'RawConfigChanged': False, 'PolicyReconciled': False, 'AddedSources': 0, 'RemovedSources': 0, 'ContextAffectedSources': 0, 'ContextReasons': None, 'ParsedByReason': {'source content': 1}}, 'RunID': '/tmp/enola-product-benchmark-source-enola-postpush-isolated-cli-main3-2-1789984364778424000', 'BaseGeneration': 1, 'TargetGeneration': 2, 'Stats': {'files_read': 1, 'files_parsed': 1, 'cached_files': 4243, 'graphql_parsed': 0, 'sfc_parsed': 0, 'summary_scans': 0}, 'Fallbacks': None, 'Unreadable': None, 'OwnersPublished': 86, 'ParsedFiles': 1, 'EarlyLocal': 1}
START r3-old-structural
DONE r3-old-structural 11.544 None
START r3-new-structural
DONE r3-new-structural 3.082 {'Invalidation': {'RawConfigChanged': False, 'PolicyReconciled': False, 'AddedSources': 0, 'RemovedSources': 0, 'ContextAffectedSources': 0, 'ContextReasons': None, 'ParsedByReason': {'resolution': 1, 'source content': 1}}, 'RunID': '/tmp/enola-product-benchmark-source-enola-postpush-isolated-cli-main3-3-1789984385663638000', 'BaseGeneration': 2, 'TargetGeneration': 3, 'Stats': {'files_read': 2, 'files_parsed': 2, 'cached_files': 4243, 'graphql_parsed': 0, 'sfc_parsed': 0, 'summary_scans': 0}, 'Fallbacks': None, 'Unreadable': None, 'OwnersPublished': 87, 'ParsedFiles': 2, 'EarlyLocal': 2}
START cold-structural
DONE cold-structural 14.663 {'Invalidation': {'RawConfigChanged': False, 'PolicyReconciled': False, 'AddedSources': 0, 'RemovedSources': 0, 'ContextAffectedSources': 0, 'ContextReasons': None, 'ParsedByReason': {'initial': 4144}}, 'RunID': '/tmp/enola-product-benchmark-source-enola-postpush-isolated-cli-cold-structural-1-1789984388800424000', 'BaseGeneration': 0, 'TargetGeneration': 1, 'Stats': {'files_read': 4244, 'files_parsed': 4144, 'cached_files': 0, 'graphql_parsed': 2, 'sfc_parsed': 17, 'summary_scans': 0}, 'Fallbacks': [{'extractor': 'manifests', 'scope': 'all files owned by extractor', 'reason': 'no per-file incremental session; whole-extractor re-run'}, {'extractor': 'mdintent', 'scope': 'all files owned by extractor', 'reason': 'no per-file incremental session; whole-extractor re-run'}, {'extractor': 'hcl', 'scope': 'all files owned by extractor', 'reason': 'no per-file incremental session; whole-extractor re-run'}, {'extractor': 'python', 'scope': 'all files owned by extractor', 'reason': 'no per-file incremental session; whole-extractor re-run'}, {'extractor': 'swift', 'scope': 'all files owned by extractor', 'reason': 'no per-file incremental session; whole-extractor re-run'}], 'Unreadable': None, 'OwnersPublished': 5510, 'ParsedFiles': 4144, 'EarlyLocal': 4144}
START cold-body
DONE cold-body 14.546 {'Invalidation': {'RawConfigChanged': False, 'PolicyReconciled': False, 'AddedSources': 0, 'RemovedSources': 0, 'ContextAffectedSources': 0, 'ContextReasons': None, 'ParsedByReason': {'initial': 4144}}, 'RunID': '/tmp/enola-product-benchmark-source-enola-postpush-isolated-cli-cold-body-1-1789984403983707000', 'BaseGeneration': 0, 'TargetGeneration': 1, 'Stats': {'files_read': 4244, 'files_parsed': 4144, 'cached_files': 0, 'graphql_parsed': 2, 'sfc_parsed': 17, 'summary_scans': 0}, 'Fallbacks': [{'extractor': 'manifests', 'scope': 'all files owned by extractor', 'reason': 'no per-file incremental session; whole-extractor re-run'}, {'extractor': 'mdintent', 'scope': 'all files owned by extractor', 'reason': 'no per-file incremental session; whole-extractor re-run'}, {'extractor': 'hcl', 'scope': 'all files owned by extractor', 'reason': 'no per-file incremental session; whole-extractor re-run'}, {'extractor': 'python', 'scope': 'all files owned by extractor', 'reason': 'no per-file incremental session; whole-extractor re-run'}, {'extractor': 'swift', 'scope': 'all files owned by extractor', 'reason': 'no per-file incremental session; whole-extractor re-run'}], 'Unreadable': None, 'OwnersPublished': 5510, 'ParsedFiles': 4144, 'EarlyLocal': 4144}
START cold-original
DONE cold-original 14.615 {'Invalidation': {'RawConfigChanged': False, 'PolicyReconciled': False, 'AddedSources': 0, 'RemovedSources': 0, 'ContextAffectedSources': 0, 'ContextReasons': None, 'ParsedByReason': {'initial': 4144}}, 'RunID': '/tmp/enola-product-benchmark-source-enola-postpush-isolated-cli-cold-original-1-1789984419063825000', 'BaseGeneration': 0, 'TargetGeneration': 1, 'Stats': {'files_read': 4244, 'files_parsed': 4144, 'cached_files': 0, 'graphql_parsed': 2, 'sfc_parsed': 17, 'summary_scans': 0}, 'Fallbacks': [{'extractor': 'manifests', 'scope': 'all files owned by extractor', 'reason': 'no per-file incremental session; whole-extractor re-run'}, {'extractor': 'mdintent', 'scope': 'all files owned by extractor', 'reason': 'no per-file incremental session; whole-extractor re-run'}, {'extractor': 'hcl', 'scope': 'all files owned by extractor', 'reason': 'no per-file incremental session; whole-extractor re-run'}, {'extractor': 'python', 'scope': 'all files owned by extractor', 'reason': 'no per-file incremental session; whole-extractor re-run'}, {'extractor': 'swift', 'scope': 'all files owned by extractor', 'reason': 'no per-file incremental session; whole-extractor re-run'}], 'Unreadable': None, 'OwnersPublished': 5510, 'ParsedFiles': 4144, 'EarlyLocal': 4144}
CHECKS [{'check': 'r1-new-noop no-op', 'pass': True}, {'check': 'r2-new-noop no-op', 'pass': True}, {'check': 'r3-new-noop no-op', 'pass': True}, {'check': 'r1-new-initial cold graph equality', 'pass': True}, {'check': 'r2-new-initial cold graph equality', 'pass': True}, {'check': 'r3-new-initial cold graph equality', 'pass': True}, {'check': 'r1-new-body cold graph equality', 'pass': True}, {'check': 'r2-new-body cold graph equality', 'pass': True}, {'check': 'r3-new-body cold graph equality', 'pass': True}, {'check': 'r1-new-structural cold graph equality', 'pass': True}, {'check': 'r2-new-structural cold graph equality', 'pass': True}, {'check': 'r3-new-structural cold graph equality', 'pass': True}]
