=== TRUE NOOP CLI Mon Sep 21 09:16:21 EEST 2026 events_before= 23030768 ===
enola: using config /tmp/enola-delta-profile/config.yaml
enola graph: config /tmp/enola-delta-profile/config.yaml
[graph-profile] lock                               0.000s  total= 0.000s
[graph-profile] bind_identity                      0.000s  total= 0.000s
[graph-profile] open_journal                       0.000s  total= 0.000s
[graph-profile] replay_unacked                     0.000s  total= 0.000s
[graph-profile] state_read_bytes                   0.008s  state.json bytes=58200851
[graph-profile] state_json_unmarshal               0.468s  files=6476
[graph-profile] load_state                         0.476s  total= 0.476s  files=6476
[graph-profile] engine_walk_repo                   3.495s  files=42583 tests=2522 all_names=45105
[graph-profile] inventory                          3.495s  total= 3.972s  files=42583 tests=2522 all_names=45105
[graph-profile] engine_hash_files                  2.875s  n=45105 hashed=45105 bytes=1357597803
[graph-profile] hash_files_tests                   2.875s  total= 6.847s  n=45105 hashed=45105
[graph-profile] hash_extra_all_names               0.005s  total= 6.852s  n=0 total_hashes=45105
[graph-profile] scan_digest                        0.013s  total= 6.866s
[graph-profile] ts_config_inputs                   0.196s  n=77
[graph-profile] analysis_fingerprint               0.198s  total= 7.063s  cfg_files=60
[graph-profile] clone_file_state                   0.002s  total= 7.066s  n=6476
[graph-profile] detect_extractors                  1.092s  total= 8.158s  non_ts_need=false detected=5
[graph-profile] ts_reuse_cache                     0.034s  total= 8.192s  owned=4281 facts=82466
[graph-profile] assemble_new_files                 0.008s  total= 8.201s  new=6476 ts_noop=true non_ts_need=false skip=true facts=82493
[graph-profile] skip_publish_return                0.000s  total= 8.201s
[graph] /tmp/enola-delta-profile/source: generation 4→4 parsed=0 cached=4281 early_local=0 fallbacks=0
        8.22 real         5.74 user         2.63 sys
           620609536  maximum resident set size
                   0  average shared memory size
                   0  average unshared data size
                   0  average unshared stack size
               37956  page reclaims
                 172  page faults
                   0  swaps
                   0  block input operations
                   0  block output operations
                   0  messages sent
                   0  messages received
                 607  signals received
               20679  voluntary context switches
               12816  involuntary context switches
         95179110282  instructions retired
         26404268759  cycles elapsed
           485706560  peak memory footprint
=== events after= 23030768 delta_bytes=0 ===
b'{"schema":"enola.graphstate.v1","extractor_version":"v272","repo_id":"/tmp/enola-product-benchmark-source","context_id":"enola-product-candidate3-results-main1","checkout":"/tmp/enola-delta-profile/so'
