=== TRUE NOOP Mon Sep 21 09:32:09 EEST 2026 events_before= 163743454 ===
enola: using config /tmp/enola-delta-profile/config.yaml
enola graph: config /tmp/enola-delta-profile/config.yaml
[graph-profile] lock                               0.000s  total= 0.000s
[graph-profile] bind_identity                      0.000s  total= 0.000s
[graph-profile] open_journal                       0.000s  total= 0.000s
[graph-profile] replay_unacked                     0.000s  total= 0.000s
[graph-profile] state_read_bytes                   0.008s  state.json bytes=58200919
[graph-profile] state_json_unmarshal               0.471s  files=6476
[graph-profile] load_state                         0.479s  total= 0.480s  files=6476
[graph-profile] engine_walk_repo                   0.429s  files=42583 tests=2522 all_names=45105
[graph-profile] inventory                          0.430s  total= 0.909s  files=42583 tests=2522 all_names=45105
[graph-profile] detect_extractors                  0.587s  total= 1.496s  detected=6
[graph-profile] engine_hash_files                  0.280s  n=9058 hashed=9058 bytes=90350216
[graph-profile] hash_content_inputs                0.311s  total= 1.808s  n=9058 hashed=9058 of_files=42583
[graph-profile] scan_digest                        0.011s  total= 1.819s
[graph-profile] ts_config_inputs                   0.002s  n=78
[graph-profile] analysis_fingerprint               0.003s  total= 1.822s  cfg_files=61
[graph-profile] clone_file_state                   0.002s  total= 1.824s  n=6476
[graph-profile] extractor_need                     0.040s  total= 1.864s  non_ts_need=false detected=6
[graph-profile] ts_reuse_cache                     0.047s  total= 1.911s  owned=4281 facts=82466
[graph-profile] assemble_new_files                 0.008s  total= 1.918s  new=6476 ts_noop=true non_ts_need=false skip=true facts=82493
[graph-profile] skip_publish_return                0.000s  total= 1.918s
[graph] /tmp/enola-delta-profile/source: generation 1→1 parsed=0 cached=4281 early_local=0 fallbacks=0
        1.93 real         1.32 user         0.81 sys
           387825664  maximum resident set size
                   0  average shared memory size
                   0  average unshared data size
                   0  average unshared stack size
               23741  page reclaims
                 172  page faults
                   0  swaps
                   0  block input operations
                   0  block output operations
                   0  messages sent
                   0  messages received
                 181  signals received
                  35  voluntary context switches
                3025  involuntary context switches
         26020077149  instructions retired
          6760218015  cycles elapsed
           372165120  peak memory footprint
=== noop events after= 163743454 delta=0 ===
body edited
=== BODY DELTA Mon Sep 21 09:32:11 EEST 2026 ===
enola: using config /tmp/enola-delta-profile/config.yaml
enola graph: config /tmp/enola-delta-profile/config.yaml
[graph-profile] lock                               0.000s  total= 0.000s
[graph-profile] bind_identity                      0.000s  total= 0.000s
[graph-profile] open_journal                       0.000s  total= 0.000s
[graph-profile] replay_unacked                     0.000s  total= 0.000s
[graph-profile] state_read_bytes                   0.009s  state.json bytes=58200919
[graph-profile] state_json_unmarshal               0.466s  files=6476
[graph-profile] load_state                         0.475s  total= 0.475s  files=6476
[graph-profile] engine_walk_repo                   0.415s  files=42583 tests=2522 all_names=45105
[graph-profile] inventory                          0.415s  total= 0.890s  files=42583 tests=2522 all_names=45105
[graph-profile] detect_extractors                  0.536s  total= 1.426s  detected=6
[graph-profile] engine_hash_files                  0.270s  n=9058 hashed=9058 bytes=90350234
[graph-profile] hash_content_inputs                0.300s  total= 1.726s  n=9058 hashed=9058 of_files=42583
[graph-profile] scan_digest                        0.011s  total= 1.738s
[graph-profile] ts_config_inputs                   0.002s  n=78
[graph-profile] analysis_fingerprint               0.003s  total= 1.741s  cfg_files=61
[graph-profile] clone_file_state                   0.002s  total= 1.743s  n=6476
[graph-profile] extractor_need                     0.040s  total= 1.783s  non_ts_need=false detected=6
[graph-profile] ts_dirty_scope                     0.039s  total= 1.823s  dirty=1 scope=1 force=false
[graph-profile] ts_detect_frameworks               0.013s  total= 0.013s  files=4281
[graph-profile] ts_read_dirty                      0.001s  total= 0.014s  to_read=1 cached=4280
[graph-profile] ts_graphql_grpc_index              0.000s  total= 0.014s  ts_files=4281
[graph-profile] ts_mapfiles_aggregate              0.039s  total= 0.053s  parsed=1 facts=60174 routers=0
[graph-profile] ts_compose_modules                 0.187s  total= 0.240s  facts=60626 records=4281 unread=0
[graph-profile] ts_config_inputs                   0.192s  n=77
[graph-profile] ts_extract_session                 0.524s  total= 2.347s  parsed=1 cached=4280 facts=60626 records=4281
[graph-profile] assemble_new_files                 0.085s  total= 2.431s  new=6476 ts_noop=false non_ts_need=false skip=false facts=82493
[graph-profile] index_group_owners                 0.023s  total= 2.455s  facts=82493 owners=6812
[graph-profile] publish_resolved                   0.360s  total= 2.815s  owners=88
[graph-profile] revalidate_ts_records              0.158s  total= 2.973s  n=4281
[graph-profile] ts_config_inputs                   0.002s  n=78
[graph-profile] state_json_marshal                 0.138s  bytes=58200919 files=6476
[graph-profile] write_pending_state                0.164s  total= 3.137s
[graph-profile] end_flush_promote                  0.108s  total= 3.245s  parsed=1 published=88
[graph] /tmp/enola-delta-profile/source: generation 1→2 parsed=1 cached=4280 early_local=1 fallbacks=0
        3.26 real         2.09 user         1.19 sys
           553517056  maximum resident set size
                   0  average shared memory size
                   0  average unshared data size
                   0  average unshared stack size
               33860  page reclaims
                 172  page faults
                   0  swaps
                   0  block input operations
                   0  block output operations
                   0  messages sent
                   0  messages received
                 314  signals received
                 965  voluntary context switches
                6772  involuntary context switches
         37290776464  instructions retired
         10201282531  cycles elapsed
           529894336  peak memory footprint
=== body events after= 165531381 delta=1787927 ===
product NFKC False
fixture mtime 1789969876.411785
