gc 1 @0.026s 1%: 0.026+0.82+0.28 ms clock, 0.26+0.040/0.94/0.048+2.8 ms cpu, 3->4->1 MB, 4 MB goal, 0 MB stacks, 0 MB globals, 10 P
[graph-memstats] phase=trace_start trace=cli total_alloc=3687264 mallocs=32141 frees=13476 heap_alloc=2322752 heap_inuse=4554752 heap_sys=12091392 heap_released=7249920 next_gc=4194304 num_gc=1 stack_inuse=491520
[graph-memstats] phase=flags_parsed trace=cli total_alloc=3689560 mallocs=32159 frees=13480 heap_alloc=2325048 heap_inuse=4554752 heap_sys=12091392 heap_released=7249920 next_gc=4194304 num_gc=1 stack_inuse=491520
[graph-profile] flags_parsed                       0.000s  total= 0.000s  trace=cli  mode=delta
[graph-memstats] phase=trace_start trace=graph_engine total_alloc=3722528 mallocs=32389 frees=13496 heap_alloc=2358016 heap_inuse=4562944 heap_sys=12091392 heap_released=7241728 next_gc=4194304 num_gc=1 stack_inuse=491520
[graph-memstats] phase=config_load trace=graph_engine total_alloc=3752168 mallocs=32587 frees=13511 heap_alloc=2387656 heap_inuse=4562944 heap_sys=12091392 heap_released=7241728 next_gc=4194304 num_gc=1 stack_inuse=491520
[graph-profile] config_load                        0.000s  total= 0.000s  trace=graph_engine  config.yaml
[graph-memstats] phase=trace_start trace=graphinput_build total_alloc=3754480 mallocs=32608 frees=13516 heap_alloc=2389968 heap_inuse=4562944 heap_sys=12091392 heap_released=7241728 next_gc=4194304 num_gc=1 stack_inuse=491520
[graph-memstats] phase=declare_config_deps trace=graphinput_build total_alloc=3768576 mallocs=32659 frees=13521 heap_alloc=2404064 heap_inuse=4587520 heap_sys=12091392 heap_released=7217152 next_gc=4194304 num_gc=1 stack_inuse=491520
[graph-profile] declare_config_deps                0.000s  total= 0.000s  trace=graphinput_build  deps=2
[graph-memstats] phase=discover_git trace=graphinput_build total_alloc=3935512 mallocs=33057 frees=13527 heap_alloc=2571000 heap_inuse=4931584 heap_sys=12058624 heap_released=7004160 next_gc=4194304 num_gc=1 stack_inuse=524288
[graph-profile] discover_git                       0.044s  total= 0.044s  trace=graphinput_build  repo=true dirs=2
gc 2 @0.078s 0%: 0.039+0.91+0.006 ms clock, 0.39+0/2.0/1.2+0.069 ms cpu, 9->10->9 MB, 10 MB goal, 0 MB stacks, 0 MB globals, 10 P
[graph-memstats] phase=declare_git_control trace=graphinput_build total_alloc=19428144 mallocs=33161 frees=17841 heap_alloc=17551160 heap_inuse=19939328 heap_sys=28737536 heap_released=8142848 next_gc=20021914 num_gc=2 stack_inuse=622592
[graph-profile] declare_git_control                0.009s  total= 0.054s  trace=graphinput_build  deps=10
gc 3 @0.105s 0%: 0.12+0.72+0.009 ms clock, 1.2+0/1.5/0.79+0.097 ms cpu, 18->18->3 MB, 19 MB goal, 0 MB stacks, 0 MB globals, 10 P
gc 4 @0.108s 0%: 0.019+1.0+0.008 ms clock, 0.19+0/1.5/0.51+0.085 ms cpu, 9->9->8 MB, 9 MB goal, 0 MB stacks, 0 MB globals, 10 P
gc 5 @0.112s 1%: 0.030+1.6+0.004 ms clock, 0.30+0/2.1/0.32+0.043 ms cpu, 16->16->14 MB, 16 MB goal, 0 MB stacks, 0 MB globals, 10 P
[graph-memstats] phase=git_ls_files trace=graphinput_build total_alloc=45414056 mallocs=33663 frees=18017 heap_alloc=23849952 heap_inuse=26263552 heap_sys=37027840 heap_released=10354688 next_gc=29818362 num_gc=5 stack_inuse=720896
[graph-profile] git_ls_files                       0.058s  total= 0.112s  trace=graphinput_build  tracked=45105 dirs=5818
gc 6 @0.201s 0%: 0.071+0.68+0.004 ms clock, 0.71+0.027/1.3/1.1+0.043 ms cpu, 27->27->9 MB, 28 MB goal, 0 MB stacks, 0 MB globals, 10 P
[graph-memstats] phase=walk_tree trace=graphinput_build total_alloc=55976696 mallocs=126648 frees=55183 heap_alloc=15302416 heap_inuse=17489920 heap_sys=37027840 heap_released=6160384 next_gc=19457082 num_gc=6 stack_inuse=720896
[graph-profile] walk_tree                          0.124s  total= 0.236s  trace=graphinput_build  names=11635 ignorefiles=4
[graph-memstats] phase=check_ignore_setup trace=graphinput_build total_alloc=56030864 mallocs=126788 frees=55188 heap_alloc=15356584 heap_inuse=17530880 heap_sys=37060608 heap_released=6160384 next_gc=19457082 num_gc=6 stack_inuse=688128
[graph-profile] check_ignore_setup                 0.017s  total= 0.253s  trace=graphinput_build
[graph-memstats] phase=check_ignore_run trace=graphinput_build total_alloc=57806808 mallocs=126942 frees=55194 heap_alloc=17132528 heap_inuse=19292160 heap_sys=37060608 heap_released=6160384 next_gc=19457082 num_gc=6 stack_inuse=688128
[graph-profile] check_ignore_run                   0.046s  total= 0.300s  trace=graphinput_build  names=11635 ignored=0
[graph-memstats] phase=declare_ignore_files trace=graphinput_build total_alloc=57811000 mallocs=126991 frees=55200 heap_alloc=17136720 heap_inuse=19292160 heap_sys=37060608 heap_released=6160384 next_gc=19457082 num_gc=6 stack_inuse=688128
[graph-profile] declare_ignore_files               0.000s  total= 0.300s  trace=graphinput_build  deps=13
gc 7 @0.335s 0%: 0.12+1.1+0.012 ms clock, 1.2+0/2.0/1.0+0.12 ms cpu, 17->17->10 MB, 18 MB goal, 0 MB stacks, 0 MB globals, 10 P
gc 8 @0.358s 0%: 0.052+0.82+0.023 ms clock, 0.52+0.16/1.9/1.3+0.23 ms cpu, 20->21->14 MB, 21 MB goal, 0 MB stacks, 0 MB globals, 10 P
[graph-memstats] phase=compute_identities trace=graphinput_build total_alloc=74062448 mallocs=164576 frees=137033 heap_alloc=18825464 heap_inuse=21405696 heap_sys=37060608 heap_released=8691712 next_gc=30162858 num_gc=8 stack_inuse=688128
[graph-profile] compute_identities                 0.038s  total= 0.338s  trace=graphinput_build  deps=13 entries=11635
[graph-memstats] phase=graphinput_build trace=graph_engine total_alloc=74072872 mallocs=164675 frees=137057 heap_alloc=18835888 heap_inuse=21413888 heap_sys=37060608 heap_released=8691712 next_gc=30162858 num_gc=8 stack_inuse=688128
[graph-profile] graphinput_build                   0.338s  total= 0.339s  trace=graph_engine  configpaths=2
[graph-memstats] phase=engine_new trace=graph_engine total_alloc=74073744 mallocs=164705 frees=137062 heap_alloc=18836760 heap_inuse=21413888 heap_sys=37060608 heap_released=8691712 next_gc=30162858 num_gc=8 stack_inuse=688128
[graph-profile] engine_new                         0.000s  total= 0.339s  trace=graph_engine
[graph-memstats] phase=register_plugins trace=graph_engine total_alloc=74083864 mallocs=164795 frees=137068 heap_alloc=18846880 heap_inuse=21413888 heap_sys=37060608 heap_released=8691712 next_gc=30162858 num_gc=8 stack_inuse=688128
[graph-profile] register_plugins                   0.000s  total= 0.339s  trace=graph_engine
[graph-memstats] phase=config_recheck trace=graph_engine total_alloc=74084976 mallocs=164816 frees=137073 heap_alloc=18847992 heap_inuse=21413888 heap_sys=37060608 heap_released=8691712 next_gc=30162858 num_gc=8 stack_inuse=688128
[graph-profile] config_recheck                     0.000s  total= 0.339s  trace=graph_engine
[graph-memstats] phase=resolve_graph_target trace=cli total_alloc=74085224 mallocs=164835 frees=137079 heap_alloc=18848240 heap_inuse=21413888 heap_sys=37060608 heap_released=8691712 next_gc=30162858 num_gc=8 stack_inuse=688128
[graph-profile] resolve_graph_target               0.340s  total= 0.340s  trace=cli  repos=1
enola graph: config /tmp/enola-stage19-root-review/rss-run2/config.yaml
[graph-memstats] phase=connect_sink trace=cli total_alloc=74240752 mallocs=165934 frees=137204 heap_alloc=19003768 heap_inuse=21585920 heap_sys=37027840 heap_released=8691712 next_gc=30162858 num_gc=8 stack_inuse=720896
[graph-profile] connect_sink                       0.005s  total= 0.345s  trace=cli  nats=true
[graph-memstats] phase=session_options trace=cli total_alloc=74241280 mallocs=165953 frees=137209 heap_alloc=19004296 heap_inuse=21594112 heap_sys=37027840 heap_released=8691712 next_gc=30162858 num_gc=8 stack_inuse=720896
[graph-profile] session_options                    0.000s  total= 0.345s  trace=cli  repo=/tmp/enola-stage19-root-review/rss-run1/product
[graph-memstats] phase=trace_start trace=open total_alloc=74241456 mallocs=165969 frees=137214 heap_alloc=19004472 heap_inuse=21594112 heap_sys=37027840 heap_released=8691712 next_gc=30162858 num_gc=8 stack_inuse=720896
[graph-memstats] phase=lock trace=open total_alloc=74242208 mallocs=165989 frees=137218 heap_alloc=19005224 heap_inuse=21594112 heap_sys=37027840 heap_released=8691712 next_gc=30162858 num_gc=8 stack_inuse=720896
[graph-profile] lock                               0.000s  total= 0.000s  trace=open
[graph-memstats] phase=bind_identity trace=open total_alloc=74246104 mallocs=166055 frees=137228 heap_alloc=19009120 heap_inuse=21594112 heap_sys=37027840 heap_released=8691712 next_gc=30162858 num_gc=8 stack_inuse=720896
[graph-profile] bind_identity                      0.000s  total= 0.000s  trace=open
[graph-memstats] phase=open_journal trace=open total_alloc=74258016 mallocs=166210 frees=137244 heap_alloc=19021032 heap_inuse=21594112 heap_sys=37027840 heap_released=8691712 next_gc=30162858 num_gc=8 stack_inuse=720896
[graph-profile] open_journal                       0.000s  total= 0.001s  trace=open
[graph-memstats] phase=replay_unacked trace=open total_alloc=74259128 mallocs=166231 frees=137249 heap_alloc=19022144 heap_inuse=21594112 heap_sys=37027840 heap_released=8691712 next_gc=30162858 num_gc=8 stack_inuse=720896
[graph-profile] replay_unacked                     0.000s  total= 0.001s  trace=open
gc 9 @0.379s 0%: 0.041+1.0+0.004 ms clock, 0.41+0/2.0/0.99+0.047 ms cpu, 77->77->70 MB, 77 MB goal, 0 MB stacks, 0 MB globals, 10 P
[graph-profile] state_read_bytes                   0.009s  state.json bytes=61917814
[graph-profile] state_fingerprint                  0.026s  bytes=61917814
gc 10 @0.581s 0%: 0.046+3.2+0.012 ms clock, 0.46+0.022/9.0/13+0.12 ms cpu, 137->138->116 MB, 140 MB goal, 0 MB stacks, 0 MB globals, 10 P
[graph-profile] state_json_unmarshal               0.266s  files=5032
[graph-memstats] phase=load_state trace=open total_alloc=260558840 mallocs=1955950 frees=648528 heap_alloc=177561456 heap_inuse=183181312 heap_sys=188022784 heap_released=4825088 next_gc=245513098 num_gc=10 stack_inuse=720896
[graph-profile] load_state                         0.301s  total= 0.301s  trace=open  files=5032
[graph-memstats] phase=trace_start trace=reconcile total_alloc=260560488 mallocs=1955969 frees=648533 heap_alloc=177563104 heap_inuse=183181312 heap_sys=188022784 heap_released=4825088 next_gc=245513098 num_gc=10 stack_inuse=720896
[graph-memstats] phase=transaction_enter trace=reconcile total_alloc=260560704 mallocs=1955982 frees=648537 heap_alloc=177563320 heap_inuse=183181312 heap_sys=188022784 heap_released=4825088 next_gc=245513098 num_gc=10 stack_inuse=720896
[graph-profile] transaction_enter                  0.000s  total= 0.000s  trace=reconcile  fast=false failed=false
[graph-memstats] phase=effective_config_before trace=reconcile total_alloc=260562568 mallocs=1956011 frees=648544 heap_alloc=177565184 heap_inuse=183181312 heap_sys=188022784 heap_released=4825088 next_gc=245513098 num_gc=10 stack_inuse=720896
[graph-profile] effective_config_before            0.000s  total= 0.000s  trace=reconcile  files=2
[graph-memstats] phase=graph_inputs_proven trace=reconcile total_alloc=282353264 mallocs=2011536 frees=649193 heap_alloc=199355880 heap_inuse=204693504 heap_sys=208961536 heap_released=4218880 next_gc=245513098 num_gc=10 stack_inuse=753664
[graph-profile] graph_inputs_proven                0.096s  total= 0.096s  trace=reconcile
[graph-memstats] phase=effective_config trace=reconcile total_alloc=282355136 mallocs=2011564 frees=649199 heap_alloc=199357752 heap_inuse=204693504 heap_sys=208961536 heap_released=4218880 next_gc=245513098 num_gc=10 stack_inuse=753664
[graph-profile] effective_config                   0.000s  total= 0.096s  trace=reconcile  files=2 fast=false
[graph-memstats] phase=reconcile_complete trace=reconcile total_alloc=282355328 mallocs=2011581 frees=649204 heap_alloc=199357944 heap_inuse=204693504 heap_sys=208961536 heap_released=4218880 next_gc=245513098 num_gc=10 stack_inuse=753664
[graph-profile] reconcile_complete                 0.000s  total= 0.096s  trace=reconcile  reloaded=false
[graph-memstats] phase=trace_start trace=session total_alloc=282355504 mallocs=2011597 frees=649209 heap_alloc=199358120 heap_inuse=204693504 heap_sys=208961536 heap_released=4218880 next_gc=245513098 num_gc=10 stack_inuse=753664
[graph-memstats] phase=trace_start trace=inputs total_alloc=282357008 mallocs=2011611 frees=649213 heap_alloc=199359624 heap_inuse=204693504 heap_sys=208961536 heap_released=4218880 next_gc=245513098 num_gc=10 stack_inuse=753664
[graph-profile] engine_walk_repo                   0.110s  files=10965 tests=0 all_names=10965
[graph-memstats] phase=inventory trace=inputs total_alloc=290338000 mallocs=2081292 frees=649865 heap_alloc=207340616 heap_inuse=212320256 heap_sys=217350144 heap_released=5013504 next_gc=245513098 num_gc=10 stack_inuse=753664
[graph-profile] inventory                          0.110s  total= 0.110s  trace=inputs  files=10965 all_names=10965
[graph-profile] detect_go                          0.000s
[graph-profile] detect_manifests                   0.000s
[graph-profile] detect_mdintent                    0.000s
[graph-profile] detect_dotnet                      0.005s
[graph-profile] detect_cpp                         0.005s
[graph-profile] detect_hcl                         0.001s
[graph-profile] detect_ansible                     0.001s
[graph-profile] detect_java                        0.003s
[graph-profile] detect_kotlin                      0.004s
[graph-profile] detect_php                         0.000s
[graph-profile] detect_python                      0.000s
[graph-profile] detect_typescript                  0.001s
[graph-profile] detect_swift                       0.001s
[graph-profile] detect_ruby                        0.003s
[graph-profile] detect_rust                        0.001s
[graph-profile] detect_scala                       0.006s
[graph-profile] detect_dart                        0.002s
gc 11 @0.906s 0%: 0.17+11+0.004 ms clock, 1.7+0.36/31/28+0.049 ms cpu, 223->229->101 MB, 234 MB goal, 0 MB stacks, 0 MB globals, 10 P
[graph-profile] detect_grpc                        0.068s
[graph-profile] detect_openapi                     0.068s
[graph-profile] detect_asyncapi                    0.121s
[graph-memstats] phase=detect_extractors trace=inputs total_alloc=333960080 mallocs=2477100 frees=1232117 heap_alloc=123660808 heap_inuse=144269312 heap_sys=250871808 heap_released=7544832 next_gc=214101162 num_gc=11 stack_inuse=786432
[graph-profile] detect_extractors                  0.121s  total= 0.231s  trace=inputs  detected=6
[graph-memstats] phase=select_hash_targets trace=inputs total_alloc=335711400 mallocs=2490501 frees=1232123 heap_alloc=125412128 heap_inuse=145473536 heap_sys=250871808 heap_released=7544832 next_gc=214101162 num_gc=11 stack_inuse=786432
[graph-profile] select_hash_targets                0.016s  total= 0.247s  trace=inputs  targets=5051
[graph-profile] engine_hash_files                  0.168s  n=5051 hashed=5051 bytes=56129351
[graph-memstats] phase=hash_content_inputs trace=inputs total_alloc=398175296 mallocs=2530953 frees=1232130 heap_alloc=187876024 heap_inuse=207962112 heap_sys=250871808 heap_released=7544832 next_gc=214101162 num_gc=11 stack_inuse=786432
[graph-profile] hash_content_inputs                0.168s  total= 0.415s  trace=inputs  targets=5051
gc 12 @1.241s 0%: 0.048+5.9+0.004 ms clock, 0.48+0.023/17/29+0.043 ms cpu, 185->185->99 MB, 204 MB goal, 0 MB stacks, 0 MB globals, 10 P
[graph-memstats] phase=capture_contexts trace=inputs total_alloc=404650288 mallocs=2591562 frees=1491065 heap_alloc=105009760 heap_inuse=127361024 heap_sys=250871808 heap_released=7544832 next_gc=208555882 num_gc=12 stack_inuse=786432
[graph-profile] capture_contexts                   0.068s  total= 0.483s  trace=inputs  contexts=2
[graph-profile] ts_config_inputs                   0.130s  n=83
[graph-memstats] phase=analysis_fingerprint trace=inputs total_alloc=417448472 mallocs=2724016 frees=1492526 heap_alloc=117807944 heap_inuse=136249344 heap_sys=250871808 heap_released=22618112 next_gc=208555882 num_gc=12 stack_inuse=786432
[graph-profile] analysis_fingerprint               0.136s  total= 0.619s  trace=inputs  cfg_files=59
[graph-memstats] phase=angular_probe trace=inputs total_alloc=418150416 mallocs=2732382 frees=1492841 heap_alloc=118509888 heap_inuse=136527872 heap_sys=250871808 heap_released=22618112 next_gc=208555882 num_gc=12 stack_inuse=786432
[graph-profile] angular_probe                      0.003s  total= 0.622s  trace=inputs  angular=false
[graph-memstats] phase=policy_identity trace=inputs total_alloc=418150880 mallocs=2732399 frees=1492846 heap_alloc=118510352 heap_inuse=136527872 heap_sys=250871808 heap_released=22618112 next_gc=208555882 num_gc=12 stack_inuse=786432
[graph-profile] policy_identity                    0.000s  total= 0.622s  trace=inputs
[graph-memstats] phase=engine_context_fingerprint trace=inputs total_alloc=418151376 mallocs=2732420 frees=1492851 heap_alloc=118510848 heap_inuse=136527872 heap_sys=250871808 heap_released=22618112 next_gc=208555882 num_gc=12 stack_inuse=786432
[graph-profile] engine_context_fingerprint         0.000s  total= 0.622s  trace=inputs
[graph-profile] ts_disc_nuxt_packages              0.113s  pkgs=0
[graph-profile] ts_disc_package_gates              0.000s
[graph-profile] ts_disc_package_names              0.000s  names=30
[graph-profile] ts_disc_alias_roots                0.076s  roots=1
[graph-profile] ts_disc_package_exports            0.000s  packages=30
[graph-profile] ts_discovery_build                 0.200s  side_reads=1965 stat_reads=1977 walked_dirs=655 captured=59
[graph-memstats] phase=ts_discovery trace=inputs total_alloc=443114000 mallocs=2934248 frees=1495594 heap_alloc=143473472 heap_inuse=157859840 heap_sys=250871808 heap_released=22618112 next_gc=208555882 num_gc=12 stack_inuse=786432
[graph-profile] ts_discovery                       0.200s  total= 0.822s  trace=inputs  names=0 bytes=0 dirs=0
gc 13 @1.636s 0%: 0.059+5.7+0.014 ms clock, 0.59+0.016/15/28+0.14 ms cpu, 179->183->102 MB, 198 MB goal, 0 MB stacks, 0 MB globals, 10 P
[graph-memstats] phase=ts_session_context trace=inputs total_alloc=495752680 mallocs=3215060 frees=2062651 heap_alloc=115392152 heap_inuse=140312576 heap_sys=250871808 heap_released=22618112 next_gc=216120042 num_gc=13 stack_inuse=786432
[graph-profile] ts_session_context                 0.052s  total= 0.874s  trace=inputs  files=4086
[graph-memstats] phase=runtime_inputs_complete trace=inputs total_alloc=495753336 mallocs=3215080 frees=2062656 heap_alloc=115392808 heap_inuse=140312576 heap_sys=250871808 heap_released=22618112 next_gc=216120042 num_gc=13 stack_inuse=786432
[graph-profile] runtime_inputs_complete            0.000s  total= 0.874s  trace=inputs
[graph-profile] clone_file_state_copy              0.000s  n=5032
[graph-memstats] phase=extractor_need trace=session total_alloc=512827528 mallocs=3310077 frees=2062666 heap_alloc=132467000 heap_inuse=153264128 heap_sys=250839040 heap_released=22618112 next_gc=216120042 num_gc=13 stack_inuse=819200
[graph-profile] extractor_need                     0.921s  total= 0.921s  trace=session  non_ts_need=false detected=6 neutral=0
[graph-memstats] phase=changed_terms trace=session total_alloc=516470400 mallocs=3320289 frees=2062671 heap_alloc=136109872 heap_inuse=156917760 heap_sys=250839040 heap_released=22618112 next_gc=216120042 num_gc=13 stack_inuse=819200
[graph-profile] changed_terms                      0.016s  total= 0.936s  trace=session  initial=false force=false non_ts=false scan=true raw_cfg=false policy=false neutral_scan=false neutral_cfg=false
[graph-memstats] phase=trace_start trace=ts total_alloc=538111608 mallocs=3413398 frees=2063689 heap_alloc=157751080 heap_inuse=174252032 heap_sys=250806272 heap_released=22618112 next_gc=216120042 num_gc=13 stack_inuse=851968
[graph-memstats] phase=ts_detect_frameworks trace=ts total_alloc=538143424 mallocs=3413829 frees=2063694 heap_alloc=157782896 heap_inuse=174268416 heap_sys=250806272 heap_released=22618112 next_gc=216120042 num_gc=13 stack_inuse=851968
[graph-profile] ts_detect_frameworks               0.000s  total= 0.000s  trace=ts  files=4086 shared_discovery=true
[graph-profile] ts_disc_package_aliases            0.000s  aliases=21
[graph-memstats] phase=ts_read_dirty trace=ts total_alloc=551563864 mallocs=3422621 frees=2063702 heap_alloc=171203336 heap_inuse=188121088 heap_sys=250707968 heap_released=22536192 next_gc=216120042 num_gc=13 stack_inuse=950272
[graph-profile] ts_read_dirty                      0.005s  total= 0.005s  trace=ts  to_read=53 cached=4033
[graph-memstats] phase=ts_graphql_grpc_index trace=ts total_alloc=551574200 mallocs=3422710 frees=2063708 heap_alloc=171213672 heap_inuse=188137472 heap_sys=250707968 heap_released=22536192 next_gc=216120042 num_gc=13 stack_inuse=950272
[graph-profile] ts_graphql_grpc_index              0.095s  total= 0.100s  trace=ts  ts_files=4086
2026/09/25 04:10:55 [ts-extractor] skipping minified/bundled file apps/mobile/storybook-static/assets/DeepScan-DHvM5dCJ.js
2026/09/25 04:10:55 [ts-extractor] skipping minified/bundled file apps/mobile/storybook-static/assets/GetStartedScreen-DiHBSXQR.js
2026/09/25 04:10:55 [ts-extractor] skipping minified/bundled file apps/mobile/storybook-static/assets/PointsCard-UPQ-OhXY.js
2026/09/25 04:10:55 [ts-extractor] skipping minified/bundled file apps/mobile/storybook-static/assets/MainAppShell-DykjRsCQ.js
2026/09/25 04:10:55 [ts-extractor] skipping minified/bundled file apps/mobile/storybook-static/assets/Color-23OOGO2C-CFyZFonx.js
2026/09/25 04:10:55 [ts-extractor] skipping minified/bundled file apps/mobile/storybook-static/assets/PricingContentContext-ENjeFjYN.js
2026/09/25 04:10:55 [ts-extractor] skipping minified/bundled file apps/mobile/storybook-static/assets/ProfileScreen-aoCBlYSa.js
2026/09/25 04:10:55 [ts-extractor] skipping minified/bundled file apps/mobile/storybook-static/assets/OnboardingFirstSessionScreen-Ccla2iGl.js
2026/09/25 04:10:55 [ts-extractor] skipping minified/bundled file apps/mobile/storybook-static/assets/GetStartedFreeScreen-BnD4gdvs.js
2026/09/25 04:10:55 [ts-extractor] skipping minified/bundled file apps/mobile/storybook-static/assets/LeakedLogo-DG0KS9dA.js
2026/09/25 04:10:55 [ts-extractor] skipping minified/bundled file apps/mobile/storybook-static/assets/DocsRenderer-LL677BLK-BuIR6bZY.js
2026/09/25 04:10:55 [ts-extractor] skipping minified/bundled file apps/mobile/storybook-static/assets/ProtectFreeScreen-4DLtefNg.js
2026/09/25 04:10:55 [ts-extractor] skipping minified/bundled file apps/mobile/storybook-static/assets/RiskIndicatorDropMessage-f1IgdUCx.js
2026/09/25 04:10:55 [ts-extractor] skipping minified/bundled file apps/mobile/storybook-static/assets/ScreenContentTransition-Bs4S8klL.js
2026/09/25 04:10:55 [ts-extractor] skipping minified/bundled file apps/mobile/storybook-static/assets/SubscriptionInfoCard-CX9utM5L.js
2026/09/25 04:10:55 [ts-extractor] skipping minified/bundled file apps/mobile/storybook-static/assets/ScreenFigmaComparisonPanel-CvcgEIaM.js
2026/09/25 04:10:55 [ts-extractor] skipping minified/bundled file apps/mobile/storybook-static/assets/ProjectedFigmaScreen-B-0ULYBe.js
2026/09/25 04:10:55 [ts-extractor] skipping minified/bundled file apps/mobile/storybook-static/assets/chunk-3LY4VQVK-DCoUZ6n4.js
2026/09/25 04:10:55 [ts-extractor] skipping minified/bundled file apps/mobile/storybook-static/assets/TabBar-vMBrgBKe.js
2026/09/25 04:10:55 [ts-extractor] skipping minified/bundled file apps/mobile/storybook-static/assets/chunk-LITCR56V-JVUNf0OC.js
2026/09/25 04:10:55 [ts-extractor] skipping minified/bundled file apps/mobile/storybook-static/assets/ScreenCompositionHost-WK6OxeVJ.js
2026/09/25 04:10:55 [ts-extractor] skipping minified/bundled file apps/mobile/storybook-static/assets/StatusBadge-DGggXXdu.js
2026/09/25 04:10:55 [ts-extractor] skipping minified/bundled file apps/mobile/storybook-static/assets/deepscan-components.stories-DuUlNjuO.js
2026/09/25 04:10:55 [ts-extractor] skipping minified/bundled file apps/mobile/storybook-static/assets/WithTooltip-65CFNBJE-B3RsNAAg.js
2026/09/25 04:10:55 [ts-extractor] skipping minified/bundled file apps/mobile/storybook-static/assets/ProtectSurface-CtgJS1RL.js
2026/09/25 04:10:55 [ts-extractor] skipping minified/bundled file apps/mobile/storybook-static/assets/getStartedDataSlotSource-Rr5d3rz_.js
2026/09/25 04:10:55 [ts-extractor] skipping minified/bundled file apps/mobile/storybook-static/assets/legalLinks-CB7C40_C.js
2026/09/25 04:10:55 [ts-extractor] skipping minified/bundled file apps/mobile/storybook-static/assets/onboardingDataSlotSource-qPx6fUNU.js
2026/09/25 04:10:55 [ts-extractor] skipping minified/bundled file apps/mobile/storybook-static/assets/Toast-DoOWktSp.js
2026/09/25 04:10:55 [ts-extractor] skipping minified/bundled file apps/mobile/storybook-static/assets/profile.stories-DlPoX8YC.js
2026/09/25 04:10:55 [ts-extractor] skipping minified/bundled file apps/mobile/storybook-static/assets/pricingFixtures.generated-CEiD1ca2.js
2026/09/25 04:10:55 [ts-extractor] skipping minified/bundled file apps/mobile/storybook-static/assets/figma-components.stories-LvwegD9L.js
2026/09/25 04:10:55 [ts-extractor] skipping minified/bundled file apps/mobile/storybook-static/assets/protect-task.stories-dOTaLEMy.js
2026/09/25 04:10:55 [ts-extractor] skipping minified/bundled file apps/mobile/storybook-static/assets/components-BtTjbzAC.js
2026/09/25 04:10:55 [ts-extractor] skipping minified/bundled file apps/mobile/storybook-static/assets/generatedFigmaComponents-DmjMpYnh.js
2026/09/25 04:10:55 [ts-extractor] skipping minified/bundled file apps/mobile/storybook-static/assets/react-18-BfUV1oqG.js
2026/09/25 04:10:55 [ts-extractor] skipping minified/bundled file apps/mobile/storybook-static/assets/screenReviewStoryKit-Dt_Rkzsv.js
2026/09/25 04:10:55 [ts-extractor] skipping minified/bundled file apps/mobile/storybook-static/assets/screenBackgroundMorph-RdKWbQdJ.js
2026/09/25 04:10:55 [ts-extractor] skipping minified/bundled file apps/mobile/storybook-static/assets/syntaxhighlighter-W7WJGI2T-BKWqXrBS.js
2026/09/25 04:10:55 [ts-extractor] skipping minified/bundled file apps/mobile/storybook-static/assets/onyxStoryMetadata-Bq_5Th--.js
2026/09/25 04:10:55 [ts-extractor] skipping minified/bundled file apps/mobile/storybook-static/sb-addons/docs-1/manager-bundle.js
2026/09/25 04:10:55 [ts-extractor] skipping minified/bundled file apps/mobile/storybook-static/assets/train.stories-Dz3ntN8J.js
2026/09/25 04:10:55 [ts-extractor] skipping minified/bundled file apps/mobile/storybook-static/assets/theming-BRkukHDK.js
2026/09/25 04:10:55 [ts-extractor] skipping minified/bundled file apps/mobile/storybook-static/vite-inject-mocker-entry.js
2026/09/25 04:10:55 [ts-extractor] skipping minified/bundled file apps/mobile/storybook-static/assets/figmaScreenStructures.generated-JjgbhcQt.js
2026/09/25 04:10:55 [ts-extractor] skipping minified/bundled file apps/mobile/storybook-static/assets/screenStructureStoryKit-ComKfaDB.js
2026/09/25 04:10:55 [ts-extractor] skipping minified/bundled file apps/mobile/storybook-static/assets/ScreenBackgroundBlur-DBMfPfhN.js
2026/09/25 04:10:55 [ts-extractor] skipping minified/bundled file apps/mobile/storybook-static/sb-addons/storybook-core-server-presets-0/common-manager-bundle.js
2026/09/25 04:10:55 [ts-extractor] skipping minified/bundled file apps/mobile/storybook-static/assets/iframe-D-RxKruK.js
2026/09/25 04:10:55 [ts-extractor] skipping minified/bundled file scripts/deploy/t013-pulumi-role-handoff.mjs
2026/09/25 04:10:55 [ts-extractor] skipping minified/bundled file apps/mobile/storybook-static/sb-manager/runtime.js
2026/09/25 04:10:55 [ts-extractor] skipping minified/bundled file apps/mobile/storybook-static/sb-manager/globals-runtime.js
gc 14 @1.936s 0%: 0.057+6.0+0.015 ms clock, 0.57+0.12/17/28+0.15 ms cpu, 186->187->124 MB, 206 MB goal, 0 MB stacks, 0 MB globals, 10 P
[graph-memstats] phase=ts_mapfiles_aggregate trace=ts total_alloc=632653264 mallocs=3641377 frees=2349302 heap_alloc=188367944 heap_inuse=211959808 heap_sys=280068096 heap_released=19202048 next_gc=260880010 num_gc=14 stack_inuse=950272
[graph-profile] ts_mapfiles_aggregate              0.044s  total= 0.144s  trace=ts  parsed=1 facts=59224 routers=0 scans=0 derived=1
[graph-memstats] phase=ts_compose_modules trace=ts total_alloc=632807328 mallocs=3642707 frees=2349308 heap_alloc=188522008 heap_inuse=212115456 heap_sys=280068096 heap_released=19202048 next_gc=260880010 num_gc=14 stack_inuse=950272
[graph-profile] ts_compose_modules                 0.003s  total= 0.147s  trace=ts  facts=59661 records=4086 unread=0
[graph-memstats] phase=trace_start trace=ts total_alloc=644793184 mallocs=3667289 frees=2349313 heap_alloc=200507864 heap_inuse=221872128 heap_sys=280068096 heap_released=19202048 next_gc=260880010 num_gc=14 stack_inuse=950272
[graph-memstats] phase=ts_detect_frameworks trace=ts total_alloc=644824080 mallocs=3667714 frees=2349318 heap_alloc=200538760 heap_inuse=221872128 heap_sys=280068096 heap_released=19202048 next_gc=260880010 num_gc=14 stack_inuse=950272
[graph-profile] ts_detect_frameworks               0.000s  total= 0.000s  trace=ts  files=4086 shared_discovery=true
[graph-profile] ts_disc_package_aliases            0.000s  aliases=21
[graph-memstats] phase=ts_read_dirty trace=ts total_alloc=658254864 mallocs=3676531 frees=2349330 heap_alloc=213969544 heap_inuse=234037248 heap_sys=280002560 heap_released=16605184 next_gc=260880010 num_gc=14 stack_inuse=1015808
[graph-profile] ts_read_dirty                      0.005s  total= 0.006s  trace=ts  to_read=62 cached=4024
[graph-memstats] phase=ts_graphql_grpc_index trace=ts total_alloc=658270640 mallocs=3676627 frees=2349336 heap_alloc=213985320 heap_inuse=234061824 heap_sys=280002560 heap_released=16605184 next_gc=260880010 num_gc=14 stack_inuse=1015808
[graph-profile] ts_graphql_grpc_index              0.102s  total= 0.108s  trace=ts  ts_files=4086
2026/09/25 04:10:55 [ts-extractor] skipping minified/bundled file apps/mobile/storybook-static/assets/DeepScan-DHvM5dCJ.js
2026/09/25 04:10:55 [ts-extractor] skipping minified/bundled file apps/mobile/storybook-static/assets/PricingContentContext-ENjeFjYN.js
2026/09/25 04:10:55 [ts-extractor] skipping minified/bundled file apps/mobile/storybook-static/assets/Color-23OOGO2C-CFyZFonx.js
2026/09/25 04:10:55 [ts-extractor] skipping minified/bundled file apps/mobile/storybook-static/assets/ProfileScreen-aoCBlYSa.js
2026/09/25 04:10:55 [ts-extractor] skipping minified/bundled file apps/mobile/storybook-static/assets/DocsRenderer-LL677BLK-BuIR6bZY.js
2026/09/25 04:10:55 [ts-extractor] skipping minified/bundled file apps/mobile/storybook-static/assets/LeakedLogo-DG0KS9dA.js
2026/09/25 04:10:55 [ts-extractor] skipping minified/bundled file apps/mobile/storybook-static/assets/MainAppShell-DykjRsCQ.js
2026/09/25 04:10:55 [ts-extractor] skipping minified/bundled file apps/mobile/storybook-static/assets/GetStartedFreeScreen-BnD4gdvs.js
2026/09/25 04:10:55 [ts-extractor] skipping minified/bundled file apps/mobile/storybook-static/assets/PointsCard-UPQ-OhXY.js
2026/09/25 04:10:55 [ts-extractor] skipping minified/bundled file apps/mobile/storybook-static/assets/OnboardingFirstSessionScreen-Ccla2iGl.js
2026/09/25 04:10:55 [ts-extractor] skipping minified/bundled file apps/mobile/storybook-static/assets/ProtectFreeScreen-4DLtefNg.js
2026/09/25 04:10:55 [ts-extractor] skipping minified/bundled file apps/mobile/storybook-static/assets/ScreenContentTransition-Bs4S8klL.js
2026/09/25 04:10:55 [ts-extractor] skipping minified/bundled file apps/mobile/storybook-static/assets/ScreenFigmaComparisonPanel-CvcgEIaM.js
2026/09/25 04:10:55 [ts-extractor] skipping minified/bundled file apps/mobile/storybook-static/assets/GetStartedScreen-DiHBSXQR.js
2026/09/25 04:10:55 [ts-extractor] skipping minified/bundled file apps/mobile/storybook-static/assets/ProjectedFigmaScreen-B-0ULYBe.js
2026/09/25 04:10:55 [ts-extractor] skipping minified/bundled file apps/mobile/storybook-static/assets/RiskIndicatorDropMessage-f1IgdUCx.js
2026/09/25 04:10:55 [ts-extractor] skipping minified/bundled file apps/mobile/storybook-static/assets/ScreenCompositionHost-WK6OxeVJ.js
2026/09/25 04:10:55 [ts-extractor] skipping minified/bundled file apps/mobile/storybook-static/assets/SubscriptionInfoCard-CX9utM5L.js
2026/09/25 04:10:55 [ts-extractor] skipping minified/bundled file apps/mobile/storybook-static/assets/chunk-3LY4VQVK-DCoUZ6n4.js
2026/09/25 04:10:55 [ts-extractor] skipping minified/bundled file apps/mobile/storybook-static/assets/StatusBadge-DGggXXdu.js
2026/09/25 04:10:55 [ts-extractor] skipping minified/bundled file apps/mobile/storybook-static/assets/WithTooltip-65CFNBJE-B3RsNAAg.js
2026/09/25 04:10:55 [ts-extractor] skipping minified/bundled file apps/mobile/storybook-static/assets/TabBar-vMBrgBKe.js
2026/09/25 04:10:55 [ts-extractor] skipping minified/bundled file apps/mobile/storybook-static/assets/ProtectSurface-CtgJS1RL.js
2026/09/25 04:10:55 [ts-extractor] skipping minified/bundled file apps/mobile/storybook-static/assets/deepscan-components.stories-DuUlNjuO.js
2026/09/25 04:10:55 [ts-extractor] skipping minified/bundled file apps/mobile/storybook-static/assets/chunk-LITCR56V-JVUNf0OC.js
2026/09/25 04:10:55 [ts-extractor] skipping minified/bundled file apps/mobile/storybook-static/assets/Toast-DoOWktSp.js
2026/09/25 04:10:55 [ts-extractor] skipping minified/bundled file apps/mobile/storybook-static/assets/getStartedDataSlotSource-Rr5d3rz_.js
2026/09/25 04:10:55 [ts-extractor] skipping minified/bundled file apps/mobile/storybook-static/assets/legalLinks-CB7C40_C.js
2026/09/25 04:10:55 [ts-extractor] skipping minified/bundled file apps/mobile/storybook-static/assets/pricingFixtures.generated-CEiD1ca2.js
2026/09/25 04:10:55 [ts-extractor] skipping minified/bundled file apps/mobile/storybook-static/assets/profile.stories-DlPoX8YC.js
2026/09/25 04:10:55 [ts-extractor] skipping minified/bundled file apps/mobile/storybook-static/assets/figma-components.stories-LvwegD9L.js
2026/09/25 04:10:55 [ts-extractor] skipping minified/bundled file apps/mobile/storybook-static/assets/protect-task.stories-dOTaLEMy.js
2026/09/25 04:10:55 [ts-extractor] skipping minified/bundled file apps/mobile/storybook-static/assets/components-BtTjbzAC.js
2026/09/25 04:10:55 [ts-extractor] skipping minified/bundled file apps/mobile/storybook-static/assets/screenBackgroundMorph-RdKWbQdJ.js
2026/09/25 04:10:55 [ts-extractor] skipping minified/bundled file apps/mobile/storybook-static/assets/react-18-BfUV1oqG.js
2026/09/25 04:10:55 [ts-extractor] skipping minified/bundled file apps/mobile/storybook-static/assets/onboardingDataSlotSource-qPx6fUNU.js
2026/09/25 04:10:55 [ts-extractor] skipping minified/bundled file apps/mobile/storybook-static/assets/generatedFigmaComponents-DmjMpYnh.js
2026/09/25 04:10:55 [ts-extractor] skipping minified/bundled file apps/mobile/storybook-static/assets/screenReviewStoryKit-Dt_Rkzsv.js
2026/09/25 04:10:55 [ts-extractor] skipping minified/bundled file apps/mobile/storybook-static/assets/syntaxhighlighter-W7WJGI2T-BKWqXrBS.js
2026/09/25 04:10:55 [ts-extractor] skipping minified/bundled file apps/mobile/storybook-static/assets/theming-BRkukHDK.js
2026/09/25 04:10:55 [ts-extractor] skipping minified/bundled file apps/mobile/storybook-static/assets/train.stories-Dz3ntN8J.js
2026/09/25 04:10:55 [ts-extractor] skipping minified/bundled file apps/mobile/storybook-static/assets/onyxStoryMetadata-Bq_5Th--.js
2026/09/25 04:10:55 [ts-extractor] skipping minified/bundled file apps/mobile/storybook-static/sb-addons/docs-1/manager-bundle.js
2026/09/25 04:10:55 [ts-extractor] skipping minified/bundled file apps/mobile/storybook-static/assets/screenStructureStoryKit-ComKfaDB.js
2026/09/25 04:10:55 [ts-extractor] skipping minified/bundled file apps/mobile/storybook-static/assets/figmaScreenStructures.generated-JjgbhcQt.js
2026/09/25 04:10:55 [ts-extractor] skipping minified/bundled file apps/mobile/storybook-static/vite-inject-mocker-entry.js
2026/09/25 04:10:55 [ts-extractor] skipping minified/bundled file apps/mobile/storybook-static/assets/ScreenBackgroundBlur-DBMfPfhN.js
2026/09/25 04:10:55 [ts-extractor] skipping minified/bundled file apps/mobile/storybook-static/sb-addons/storybook-core-server-presets-0/common-manager-bundle.js
2026/09/25 04:10:55 [ts-extractor] skipping minified/bundled file apps/mobile/storybook-static/assets/iframe-D-RxKruK.js
2026/09/25 04:10:55 [ts-extractor] skipping minified/bundled file scripts/deploy/t013-pulumi-role-handoff.mjs
2026/09/25 04:10:55 [ts-extractor] skipping minified/bundled file apps/mobile/storybook-static/sb-manager/runtime.js
2026/09/25 04:10:55 [ts-extractor] skipping minified/bundled file apps/mobile/storybook-static/sb-manager/globals-runtime.js
gc 15 @2.131s 0%: 0.10+8.8+0.032 ms clock, 1.0+2.1/24/19+0.32 ms cpu, 235->240->122 MB, 248 MB goal, 0 MB stacks, 0 MB globals, 10 P
gc 16 @2.375s 0%: 0.071+8.0+0.016 ms clock, 0.71+0/18/34+0.16 ms cpu, 235->240->141 MB, 244 MB goal, 0 MB stacks, 0 MB globals, 10 P
[graph-memstats] phase=ts_mapfiles_aggregate trace=ts total_alloc=836358776 mallocs=4940553 frees=3640429 heap_alloc=174378320 heap_inuse=201375744 heap_sys=279969792 heap_released=4931584 next_gc=296433146 num_gc=16 stack_inuse=1048576
[graph-profile] ts_mapfiles_aggregate              0.298s  total= 0.406s  trace=ts  parsed=10 facts=59224 routers=0 scans=117 derived=7
[graph-memstats] phase=ts_compose_modules trace=ts total_alloc=836513224 mallocs=4941885 frees=3640435 heap_alloc=174532768 heap_inuse=201531392 heap_sys=279969792 heap_released=4931584 next_gc=296433146 num_gc=16 stack_inuse=1048576
[graph-profile] ts_compose_modules                 0.002s  total= 0.408s  trace=ts  facts=59661 records=4086 unread=0
[graph-memstats] phase=ts_frozen_preview trace=session total_alloc=851680936 mallocs=4979377 frees=3640440 heap_alloc=189700480 heap_inuse=213368832 heap_sys=279969792 heap_released=4931584 next_gc=296433146 num_gc=16 stack_inuse=1048576
[graph-profile] ts_frozen_preview                  0.703s  total= 1.639s  trace=session  dirty=11 err=false
gc 17 @2.436s 0%: 0.065+9.5+0.013 ms clock, 0.65+4.3/25/46+0.13 ms cpu, 270->276->178 MB, 282 MB goal, 0 MB stacks, 0 MB globals, 10 P
[graph-memstats] phase=invalidation_plan trace=session total_alloc=1047922728 mallocs=5466879 frees=3695715 heap_alloc=286020480 heap_inuse=303800320 heap_sys=334495744 heap_released=7806976 next_gc=374784282 num_gc=17 stack_inuse=1048576
[graph-profile] invalidation_plan                  0.154s  total= 1.794s  trace=session  reason=frozen scope: prior file-to-file dependency closure whole=false extra=0
[graph-profile] revalidate_before_begin            0.001s  n=70 superseded=false
[graph-memstats] phase=begin_publish trace=session total_alloc=1049139224 mallocs=5467804 frees=3695766 heap_alloc=287236976 heap_inuse=304881664 heap_sys=334430208 heap_released=7806976 next_gc=374784282 num_gc=17 stack_inuse=1114112
[graph-profile] begin_publish                      0.040s  total= 1.834s  trace=session  scope=11
[graph-memstats] phase=ts_dirty_scope trace=session total_alloc=1090918752 mallocs=5618566 frees=3696798 heap_alloc=329016504 heap_inuse=341991424 heap_sys=347013120 heap_released=4997120 next_gc=374784282 num_gc=17 stack_inuse=1114112
[graph-profile] ts_dirty_scope                     0.126s  total= 1.959s  trace=session  dirty=11 scope=11 force=false
[graph-memstats] phase=ts_extract_session trace=session total_alloc=1091359000 mallocs=5618665 frees=3696805 heap_alloc=329456752 heap_inuse=342409216 heap_sys=347013120 heap_released=4579328 next_gc=374784282 num_gc=17 stack_inuse=1114112
[graph-profile] ts_extract_session                 0.000s  total= 1.960s  trace=session  parsed=11 cached=4023 facts=59661 records=4086
gc 18 @2.760s 0%: 0.059+8.5+0.017 ms clock, 0.59+0.031/21/40+0.17 ms cpu, 336->349->159 MB, 357 MB goal, 0 MB stacks, 0 MB globals, 10 P
gc 19 @2.797s 0%: 0.062+10+0.014 ms clock, 0.62+0.023/29/55+0.14 ms cpu, 281->287->211 MB, 318 MB goal, 0 MB stacks, 0 MB globals, 10 P
[graph-memstats] phase=assemble_new_files trace=session total_alloc=1281605536 mallocs=6121602 frees=4349323 heap_alloc=246858608 heap_inuse=267468800 heap_sys=388988928 heap_released=4481024 next_gc=444472938 num_gc=19 stack_inuse=1081344
[graph-profile] assemble_new_files                 0.178s  total= 2.137s  trace=session  new=5032 ts_noop=false non_ts_need=false skip=false facts=71448
gc 20 @2.946s 0%: 0.060+9.5+0.027 ms clock, 0.60+0.079/28/53+0.27 ms cpu, 366->375->194 MB, 423 MB goal, 0 MB stacks, 0 MB globals, 10 P
gc 21 @3.075s 0%: 0.053+11+0.010 ms clock, 0.53+0.024/32/62+0.10 ms cpu, 337->344->197 MB, 388 MB goal, 0 MB stacks, 0 MB globals, 10 P
[graph-memstats] phase=index_group_owners trace=session total_alloc=1580540296 mallocs=7896454 frees=5841953 heap_alloc=296601944 heap_inuse=316932096 heap_sys=422510592 heap_released=14417920 next_gc=415002090 num_gc=21 stack_inuse=1048576
[graph-profile] index_group_owners                 0.176s  total= 2.313s  trace=session  facts=70110 owners=4969
[graph-memstats] phase=publish_scope trace=session total_alloc=1580705840 mallocs=7896489 frees=5871359 heap_alloc=293950560 heap_inuse=314859520 heap_sys=422510592 heap_released=14417920 next_gc=415002090 num_gc=21 stack_inuse=1048576
[graph-profile] publish_scope                      0.000s  total= 2.314s  trace=session  scope=11
[graph-memstats] phase=encode_append_owners trace=session total_alloc=1586612296 mallocs=7917082 frees=6305983 heap_alloc=232210232 heap_inuse=254869504 heap_sys=422477824 heap_released=14417920 next_gc=415002090 num_gc=21 stack_inuse=1081344
[graph-profile] encode_append_owners               0.010s  total= 2.324s  trace=session  published=11
[graph-memstats] phase=publish_resolved trace=session total_alloc=1587834096 mallocs=7918108 frees=6334202 heap_alloc=215995776 heap_inuse=243417088 heap_sys=422281216 heap_released=14417920 next_gc=415002090 num_gc=21 stack_inuse=1343488
[graph-profile] publish_resolved                   0.045s  total= 2.369s  trace=session  owners=11
[graph-memstats] phase=revalidate_ts_records trace=session total_alloc=1636219296 mallocs=7950824 frees=6334208 heap_alloc=264380976 heap_inuse=290234368 heap_sys=422281216 heap_released=14417920 next_gc=415002090 num_gc=21 stack_inuse=1343488
[graph-profile] revalidate_ts_records              0.109s  total= 2.478s  trace=session  n=4086
[graph-profile] ts_config_inputs                   0.131s  n=83
gc 22 @3.490s 0%: 0.063+9.4+0.020 ms clock, 0.63+0/25/44+0.20 ms cpu, 351->352->176 MB, 395 MB goal, 0 MB stacks, 0 MB globals, 10 P
gc 23 @3.569s 1%: 0.067+13+0.017 ms clock, 0.67+6.1/28/43+0.17 ms cpu, 358->358->239 MB, 358 MB goal, 0 MB stacks, 0 MB globals, 10 P
[graph-profile] state_json_marshal                 0.184s  bytes=61917814 files=5032
[graph-profile] state_fingerprint                  0.027s  write bytes=61917814
[graph-memstats] phase=write_pending_state trace=session total_alloc=2059613784 mallocs=8919949 frees=7254131 heap_alloc=381664784 heap_inuse=403939328 heap_sys=644743168 heap_released=60071936 next_gc=503682986 num_gc=23 stack_inuse=1179648
[graph-profile] write_pending_state                0.452s  total= 2.931s  trace=session
[graph-memstats] phase=end_flush_ack trace=session total_alloc=2059646904 mallocs=8920270 frees=7254154 heap_alloc=381697904 heap_inuse=403947520 heap_sys=644677632 heap_released=60071936 next_gc=503682986 num_gc=23 stack_inuse=1245184
[graph-profile] end_flush_ack                      0.031s  total= 2.962s  trace=session
[graph-memstats] phase=promote_compact_state trace=session total_alloc=2060459864 mallocs=8920563 frees=7254160 heap_alloc=382510864 heap_inuse=404742144 heap_sys=644677632 heap_released=60071936 next_gc=503682986 num_gc=23 stack_inuse=1245184
[graph-profile] promote_compact_state              0.064s  total= 3.026s  trace=session  parsed=11 published=11
[graph-memstats] phase=graph_session_run trace=cli total_alloc=2060460408 mallocs=8920583 frees=7254165 heap_alloc=382511408 heap_inuse=404742144 heap_sys=644874240 heap_released=60071936 next_gc=503682986 num_gc=23 stack_inuse=1048576
[graph-profile] graph_session_run                  3.424s  total= 3.768s  trace=cli  repo=/tmp/enola-stage19-root-review/rss-run1/product parsed=11 entry=run_summary
[graph] /tmp/enola-stage19-root-review/rss-run1/product: generation 1→2 parsed=11 cached=4023 early_local=0 fallbacks=1
[graph] fallback graph: changed files and reverse file dependents (frozen scope: prior file-to-file dependency closure)
[graph-memstats] phase=cli_complete trace=cli total_alloc=2060483328 mallocs=8920834 frees=7254191 heap_alloc=382534328 heap_inuse=404742144 heap_sys=644874240 heap_released=60071936 next_gc=503682986 num_gc=23 stack_inuse=1048576
[graph-profile] cli_complete                       0.000s  total= 3.768s  trace=cli  results=1
        3.84 real         4.34 user         1.12 sys
           678330368  maximum resident set size
                   0  average shared memory size
                   0  average unshared data size
                   0  average unshared stack size
               67345  page reclaims
                 976  page faults
                   0  swaps
                   0  block input operations
                   0  block output operations
                  33  messages sent
                  18  messages received
                 757  signals received
                 376  voluntary context switches
               12893  involuntary context switches
         54574013545  instructions retired
         16390551712  cycles elapsed
           619629824  peak memory footprint
