enola: using config /private/tmp/enola-product-history27-check/config.yaml
enola graph: config /private/tmp/enola-product-history27-check/config.yaml
[graph] /tmp/enola-product-history-source: generation 1→1 parsed=0 cached=4273 early_local=0 fallbacks=0
        2.66 real         1.78 user         1.98 sys
           386433024  maximum resident set size
                   0  average shared memory size
                   0  average unshared data size
                   0  average unshared stack size
               23666  page reclaims
                 174  page faults
                   0  swaps
                   0  block input operations
                   0  block output operations
                   5  messages sent
                   4  messages received
                 209  signals received
               11691  voluntary context switches
               23698  involuntary context switches
         38712852023  instructions retired
         11692002726  cycles elapsed
           369478080  peak memory footprint
