DONE r1-resident-initial 16.971577 parsed 4144 reconciliations 2 fallbacks ['benchmark bootstrap', 'external config watch registered; reconcile registration gap']
DONE r1-resident-noop0 0.000146 parsed 0 reconciliations 0 fallbacks []
DONE r1-resident-noop1 0.000108 parsed 0 reconciliations 0 fallbacks []
DONE r1-resident-noop2 0.000112 parsed 0 reconciliations 0 fallbacks []
DONE r1-resident-noop3 0.00012 parsed 0 reconciliations 0 fallbacks []
DONE r1-resident-noop4 0.000145 parsed 0 reconciliations 0 fallbacks []
DONE r1-resident-noop5 0.000134 parsed 0 reconciliations 0 fallbacks []
DONE r1-resident-noop6 0.000123 parsed 0 reconciliations 0 fallbacks []
DONE r1-resident-noop7 0.000125 parsed 0 reconciliations 0 fallbacks []
DONE r1-resident-noop8 0.000132 parsed 0 reconciliations 0 fallbacks []
DONE r1-resident-noop9 0.000141 parsed 0 reconciliations 0 fallbacks []
DONE r1-resident-noop-native-quiet-before 0.000165 parsed 0 reconciliations 0 fallbacks []
DONE r1-resident-noop-native-quiet-after 0.000435 parsed 0 reconciliations 0 fallbacks []
DONE r1-resident-noop-ignored-.yaml 0.000324 parsed 0 reconciliations 0 fallbacks []
DONE r1-resident-noop-ignored-.png 0.000148 parsed 0 reconciliations 0 fallbacks []
DONE r1-resident-body 0.720647 parsed 1 reconciliations 0 fallbacks []
DONE r1-resident-structural 0.776302 parsed 2 reconciliations 0 fallbacks []
START cold-body
DONE cold-body 14.642 {'Invalidation': {'RawConfigChanged': False, 'PolicyReconciled': False, 'AddedSources': 0, 'RemovedSources': 0, 'ContextAffectedSources': 0, 'ContextReasons': None, 'ParsedByReason': {'initial': 4144}}, 'RunID': '/tmp/enola-product-benchmark-source-enola-postpush-isolated-resident-cold-body-1-1789984455124888000', 'BaseGeneration': 0, 'TargetGeneration': 1, 'Stats': {'files_read': 4244, 'files_parsed': 4144, 'cached_files': 0, 'graphql_parsed': 2, 'sfc_parsed': 17, 'summary_scans': 0}, 'Fallbacks': [{'extractor': 'manifests', 'scope': 'all files owned by extractor', 'reason': 'no per-file incremental session; whole-extractor re-run'}, {'extractor': 'mdintent', 'scope': 'all files owned by extractor', 'reason': 'no per-file incremental session; whole-extractor re-run'}, {'extractor': 'hcl', 'scope': 'all files owned by extractor', 'reason': 'no per-file incremental session; whole-extractor re-run'}, {'extractor': 'python', 'scope': 'all files owned by extractor', 'reason': 'no per-file incremental session; whole-extractor re-run'}, {'extractor': 'swift', 'scope': 'all files owned by extractor', 'reason': 'no per-file incremental session; whole-extractor re-run'}], 'Unreadable': None, 'OwnersPublished': 5510, 'ParsedFiles': 4144, 'EarlyLocal': 4144}
DONE r2-resident-initial 16.234515 parsed 4144 reconciliations 2 fallbacks ['benchmark bootstrap', 'external config watch registered; reconcile registration gap']
DONE r2-resident-noop0 0.000139 parsed 0 reconciliations 0 fallbacks []
DONE r2-resident-noop1 0.000121 parsed 0 reconciliations 0 fallbacks []
DONE r2-resident-noop2 0.000102 parsed 0 reconciliations 0 fallbacks []
DONE r2-resident-noop3 0.000135 parsed 0 reconciliations 0 fallbacks []
DONE r2-resident-noop4 0.000122 parsed 0 reconciliations 0 fallbacks []
DONE r2-resident-noop5 0.000145 parsed 0 reconciliations 0 fallbacks []
DONE r2-resident-noop6 0.000111 parsed 0 reconciliations 0 fallbacks []
DONE r2-resident-noop7 0.000124 parsed 0 reconciliations 0 fallbacks []
DONE r2-resident-noop8 0.000125 parsed 0 reconciliations 0 fallbacks []
DONE r2-resident-noop9 0.000133 parsed 0 reconciliations 0 fallbacks []
DONE r2-resident-noop-native-quiet-before 0.000174 parsed 0 reconciliations 0 fallbacks []
DONE r2-resident-noop-native-quiet-after 0.000406 parsed 0 reconciliations 0 fallbacks []
DONE r2-resident-noop-ignored-.yaml 0.000169 parsed 0 reconciliations 0 fallbacks []
DONE r2-resident-noop-ignored-.png 0.000126 parsed 0 reconciliations 0 fallbacks []
DONE r2-resident-body 0.762491 parsed 1 reconciliations 0 fallbacks []
DONE r2-resident-structural 0.813009 parsed 2 reconciliations 0 fallbacks []
DONE r3-resident-initial 16.497809 parsed 4144 reconciliations 2 fallbacks ['benchmark bootstrap', 'external config watch registered; reconcile registration gap']
DONE r3-resident-noop0 0.000135 parsed 0 reconciliations 0 fallbacks []
DONE r3-resident-noop1 0.00014 parsed 0 reconciliations 0 fallbacks []
DONE r3-resident-noop2 0.000137 parsed 0 reconciliations 0 fallbacks []
DONE r3-resident-noop3 0.000136 parsed 0 reconciliations 0 fallbacks []
DONE r3-resident-noop4 0.000127 parsed 0 reconciliations 0 fallbacks []
DONE r3-resident-noop5 0.000136 parsed 0 reconciliations 0 fallbacks []
DONE r3-resident-noop6 0.000133 parsed 0 reconciliations 0 fallbacks []
DONE r3-resident-noop7 0.000141 parsed 0 reconciliations 0 fallbacks []
DONE r3-resident-noop8 0.00013 parsed 0 reconciliations 0 fallbacks []
DONE r3-resident-noop9 0.000129 parsed 0 reconciliations 0 fallbacks []
DONE r3-resident-noop-native-quiet-before 0.000172 parsed 0 reconciliations 0 fallbacks []
DONE r3-resident-noop-native-quiet-after 0.000326 parsed 0 reconciliations 0 fallbacks []
DONE r3-resident-noop-ignored-.yaml 0.00014 parsed 0 reconciliations 0 fallbacks []
DONE r3-resident-noop-ignored-.png 0.000152 parsed 0 reconciliations 0 fallbacks []
DONE r3-resident-body 0.74504 parsed 1 reconciliations 0 fallbacks []
DONE r3-resident-structural 0.800015 parsed 2 reconciliations 0 fallbacks []
START cold-structural
DONE cold-structural 14.619 {'Invalidation': {'RawConfigChanged': False, 'PolicyReconciled': False, 'AddedSources': 0, 'RemovedSources': 0, 'ContextAffectedSources': 0, 'ContextReasons': None, 'ParsedByReason': {'initial': 4144}}, 'RunID': '/tmp/enola-product-benchmark-source-enola-postpush-isolated-resident-cold-structural-1-1789984510057465000', 'BaseGeneration': 0, 'TargetGeneration': 1, 'Stats': {'files_read': 4244, 'files_parsed': 4144, 'cached_files': 0, 'graphql_parsed': 2, 'sfc_parsed': 17, 'summary_scans': 0}, 'Fallbacks': [{'extractor': 'manifests', 'scope': 'all files owned by extractor', 'reason': 'no per-file incremental session; whole-extractor re-run'}, {'extractor': 'mdintent', 'scope': 'all files owned by extractor', 'reason': 'no per-file incremental session; whole-extractor re-run'}, {'extractor': 'hcl', 'scope': 'all files owned by extractor', 'reason': 'no per-file incremental session; whole-extractor re-run'}, {'extractor': 'python', 'scope': 'all files owned by extractor', 'reason': 'no per-file incremental session; whole-extractor re-run'}, {'extractor': 'swift', 'scope': 'all files owned by extractor', 'reason': 'no per-file incremental session; whole-extractor re-run'}], 'Unreadable': None, 'OwnersPublished': 5510, 'ParsedFiles': 4144, 'EarlyLocal': 4144}
START cold-original
DONE cold-original 14.593 {'Invalidation': {'RawConfigChanged': False, 'PolicyReconciled': False, 'AddedSources': 0, 'RemovedSources': 0, 'ContextAffectedSources': 0, 'ContextReasons': None, 'ParsedByReason': {'initial': 4144}}, 'RunID': '/tmp/enola-product-benchmark-source-enola-postpush-isolated-resident-cold-original-1-1789984525199559000', 'BaseGeneration': 0, 'TargetGeneration': 1, 'Stats': {'files_read': 4244, 'files_parsed': 4144, 'cached_files': 0, 'graphql_parsed': 2, 'sfc_parsed': 17, 'summary_scans': 0}, 'Fallbacks': [{'extractor': 'manifests', 'scope': 'all files owned by extractor', 'reason': 'no per-file incremental session; whole-extractor re-run'}, {'extractor': 'mdintent', 'scope': 'all files owned by extractor', 'reason': 'no per-file incremental session; whole-extractor re-run'}, {'extractor': 'hcl', 'scope': 'all files owned by extractor', 'reason': 'no per-file incremental session; whole-extractor re-run'}, {'extractor': 'python', 'scope': 'all files owned by extractor', 'reason': 'no per-file incremental session; whole-extractor re-run'}, {'extractor': 'swift', 'scope': 'all files owned by extractor', 'reason': 'no per-file incremental session; whole-extractor re-run'}], 'Unreadable': None, 'OwnersPublished': 5510, 'ParsedFiles': 4144, 'EarlyLocal': 4144}
CHECKS [{'check': 'r1-resident-noop0 zero work/no events', 'pass': True}, {'check': 'r1-resident-noop1 zero work/no events', 'pass': True}, {'check': 'r1-resident-noop2 zero work/no events', 'pass': True}, {'check': 'r1-resident-noop3 zero work/no events', 'pass': True}, {'check': 'r1-resident-noop4 zero work/no events', 'pass': True}, {'check': 'r1-resident-noop5 zero work/no events', 'pass': True}, {'check': 'r1-resident-noop6 zero work/no events', 'pass': True}, {'check': 'r1-resident-noop7 zero work/no events', 'pass': True}, {'check': 'r1-resident-noop8 zero work/no events', 'pass': True}, {'check': 'r1-resident-noop9 zero work/no events', 'pass': True}, {'check': 'r1-resident-noop-native-quiet-before zero work/no events', 'pass': True}, {'check': 'r1-resident-noop-native-quiet-after zero work/no events', 'pass': True}, {'check': 'r1 native backend quiet over 300ms', 'pass': False}, {'check': 'r1-resident-noop-ignored-.yaml zero work/no events', 'pass': True}, {'check': 'r1-resident-noop-ignored-.yaml native event delivered', 'pass': True}, {'check': 'r1-resident-noop-ignored-.png zero work/no events', 'pass': True}, {'check': 'r1-resident-noop-ignored-.png native event delivered', 'pass': True}, {'check': 'r1-resident-body real observed input and fast path', 'pass': True}, {'check': 'r1-resident-structural real observed input and fast path', 'pass': True}, {'check': 'r2-resident-noop0 zero work/no events', 'pass': True}, {'check': 'r2-resident-noop1 zero work/no events', 'pass': True}, {'check': 'r2-resident-noop2 zero work/no events', 'pass': True}, {'check': 'r2-resident-noop3 zero work/no events', 'pass': True}, {'check': 'r2-resident-noop4 zero work/no events', 'pass': True}, {'check': 'r2-resident-noop5 zero work/no events', 'pass': True}, {'check': 'r2-resident-noop6 zero work/no events', 'pass': True}, {'check': 'r2-resident-noop7 zero work/no events', 'pass': True}, {'check': 'r2-resident-noop8 zero work/no events', 'pass': True}, {'check': 'r2-resident-noop9 zero work/no events', 'pass': True}, {'check': 'r2-resident-noop-native-quiet-before zero work/no events', 'pass': True}, {'check': 'r2-resident-noop-native-quiet-after zero work/no events', 'pass': True}, {'check': 'r2 native backend quiet over 300ms', 'pass': False}, {'check': 'r2-resident-noop-ignored-.yaml zero work/no events', 'pass': True}, {'check': 'r2-resident-noop-ignored-.yaml native event delivered', 'pass': True}, {'check': 'r2-resident-noop-ignored-.png zero work/no events', 'pass': True}, {'check': 'r2-resident-noop-ignored-.png native event delivered', 'pass': True}, {'check': 'r2-resident-body real observed input and fast path', 'pass': True}, {'check': 'r2-resident-structural real observed input and fast path', 'pass': True}, {'check': 'r3-resident-noop0 zero work/no events', 'pass': True}, {'check': 'r3-resident-noop1 zero work/no events', 'pass': True}, {'check': 'r3-resident-noop2 zero work/no events', 'pass': True}, {'check': 'r3-resident-noop3 zero work/no events', 'pass': True}, {'check': 'r3-resident-noop4 zero work/no events', 'pass': True}, {'check': 'r3-resident-noop5 zero work/no events', 'pass': True}, {'check': 'r3-resident-noop6 zero work/no events', 'pass': True}, {'check': 'r3-resident-noop7 zero work/no events', 'pass': True}, {'check': 'r3-resident-noop8 zero work/no events', 'pass': True}, {'check': 'r3-resident-noop9 zero work/no events', 'pass': True}, {'check': 'r3-resident-noop-native-quiet-before zero work/no events', 'pass': True}, {'check': 'r3-resident-noop-native-quiet-after zero work/no events', 'pass': True}, {'check': 'r3 native backend quiet over 300ms', 'pass': False}, {'check': 'r3-resident-noop-ignored-.yaml zero work/no events', 'pass': True}, {'check': 'r3-resident-noop-ignored-.yaml native event delivered', 'pass': True}, {'check': 'r3-resident-noop-ignored-.png zero work/no events', 'pass': True}, {'check': 'r3-resident-noop-ignored-.png native event delivered', 'pass': True}, {'check': 'r3-resident-body real observed input and fast path', 'pass': True}, {'check': 'r3-resident-structural real observed input and fast path', 'pass': True}, {'check': 'r1-resident-initial cold equality', 'pass': True}, {'check': 'r2-resident-initial cold equality', 'pass': True}, {'check': 'r3-resident-initial cold equality', 'pass': True}, {'check': 'r1-resident-body cold equality', 'pass': True}, {'check': 'r2-resident-body cold equality', 'pass': True}, {'check': 'r3-resident-body cold equality', 'pass': True}, {'check': 'r1-resident-structural cold equality', 'pass': True}, {'check': 'r2-resident-structural cold equality', 'pass': True}, {'check': 'r3-resident-structural cold equality', 'pass': True}]
Traceback (most recent call last):
  File "/Users/oleksandr.mykulych/orca/enola_graph/docs/benchmarks/product-delta-2026-09-21/resident.py", line 197, in <module>
    if any(not c['pass'] for c in checks):raise RuntimeError('resident acceptance failed')
RuntimeError: resident acceptance failed
