[graph-profile] flags_parsed                       0.000s  total= 0.000s  trace=cli  mode=delta
[graph-profile] config_load                        0.000s  total= 0.000s  trace=graph_engine  config.yaml
[graph-profile] declare_config_deps                0.000s  total= 0.000s  trace=graphinput_build  deps=2
[graph-profile] discover_git                       0.054s  total= 0.054s  trace=graphinput_build  repo=true dirs=2
[graph-profile] declare_git_control                0.010s  total= 0.064s  trace=graphinput_build  deps=6
[graph-profile] git_ls_files                       0.041s  total= 0.106s  trace=graphinput_build  tracked=45466 dirs=5853
[graph-profile] walk_tree                          0.129s  total= 0.235s  trace=graphinput_build  names=14460 ignorefiles=4
[graph-profile] check_ignore_setup                 0.032s  total= 0.267s  trace=graphinput_build
[graph-profile] check_ignore_run                   0.089s  total= 0.356s  trace=graphinput_build  names=14460 ignored=0
[graph-profile] declare_ignore_files               0.001s  total= 0.357s  trace=graphinput_build  deps=9
[graph-profile] compute_identities                 0.032s  total= 0.390s  trace=graphinput_build  deps=9 entries=14460
[graph-profile] graphinput_build                   0.397s  total= 0.397s  trace=graph_engine  configpaths=2
[graph-profile] engine_new                         0.000s  total= 0.397s  trace=graph_engine
[graph-profile] register_plugins                   0.000s  total= 0.397s  trace=graph_engine
[graph-profile] config_recheck                     0.000s  total= 0.397s  trace=graph_engine
[graph-profile] resolve_graph_target               0.398s  total= 0.398s  trace=cli  repos=1
enola graph: config /private/tmp/enola-alias-observation/final/cli-pairs/correctness-candidate-1/config.yaml
[graph-profile] connect_sink                       0.001s  total= 0.399s  trace=cli  nats=true
[graph-profile] session_options                    0.001s  total= 0.401s  trace=cli  repo=/private/tmp/enola-alias-observation/final/cli-pairs/correctness-candidate-1/product
[graph-profile] lock                               0.000s  total= 0.000s  trace=open
[graph-profile] bind_identity                      0.000s  total= 0.000s  trace=open
[graph-profile] open_journal                       0.001s  total= 0.001s  trace=open
[graph-profile] replay_unacked                     0.000s  total= 0.001s  trace=open
[graph-profile] state_read_bytes                   0.013s  state.json bytes=90887625
[graph-profile] state_fingerprint                  0.039s  bytes=90887625
[graph-profile] state_json_unmarshal               0.407s  files=7779
[graph-profile] load_state                         0.467s  total= 0.469s  trace=open  files=7779
[graph-profile] transaction_enter                  0.000s  total= 0.000s  trace=reconcile  fast=false failed=false
[graph-profile] effective_config_before            0.000s  total= 0.000s  trace=reconcile  files=2
[graph-profile] graph_inputs_proven                0.103s  total= 0.103s  trace=reconcile
[graph-profile] effective_config                   0.000s  total= 0.103s  trace=reconcile  files=2 fast=false
[graph-profile] reconcile_complete                 0.000s  total= 0.103s  trace=reconcile  reloaded=false
[graph-profile] engine_walk_repo                   0.124s  files=13777 tests=0 all_names=13777
[graph-profile] inventory                          0.126s  total= 0.126s  trace=inputs  files=13777 all_names=13777
[graph-profile] detect_go                          0.000s
[graph-profile] detect_manifests                   0.000s
[graph-profile] detect_mdintent                    0.000s
[graph-profile] detect_dotnet                      0.006s
[graph-profile] detect_cpp                         0.007s
[graph-profile] detect_hcl                         0.001s
[graph-profile] detect_ansible                     0.002s
[graph-profile] detect_java                        0.005s
[graph-profile] detect_kotlin                      0.005s
[graph-profile] detect_php                         0.001s
[graph-profile] detect_python                      0.000s
[graph-profile] detect_typescript                  0.001s
[graph-profile] detect_swift                       0.001s
[graph-profile] detect_ruby                        0.006s
[graph-profile] detect_rust                        0.002s
[graph-profile] detect_scala                       0.006s
[graph-profile] detect_dart                        0.002s
[graph-profile] detect_grpc                        0.072s
[graph-profile] detect_openapi                     0.073s
[graph-profile] detect_asyncapi                    0.203s
[graph-profile] detect_extractors                  0.204s  total= 0.330s  trace=inputs  detected=6
[graph-profile] select_hash_targets                0.026s  total= 0.356s  trace=inputs  targets=7798
[graph-profile] engine_hash_files                  0.312s  n=7798 hashed=7798 bytes=82212679
[graph-profile] hash_content_inputs                0.315s  total= 0.670s  trace=inputs  targets=7798
[graph-profile] capture_contexts                   0.085s  total= 0.755s  trace=inputs  contexts=2
[graph-profile] ts_config_inputs                   0.071s  n=83
[graph-profile] analysis_fingerprint               0.082s  total= 0.837s  trace=inputs  cfg_files=59
[graph-profile] angular_probe                      0.006s  total= 0.843s  trace=inputs  angular=false
[graph-profile] policy_identity                    0.000s  total= 0.843s  trace=inputs
[graph-profile] engine_context_fingerprint         0.000s  total= 0.843s  trace=inputs
[graph-profile] ts_disc_nuxt_packages              0.107s  pkgs=0
[graph-profile] ts_disc_package_gates              0.001s
[graph-profile] ts_disc_package_names              0.000s  names=30
[graph-profile] ts_disc_alias_roots                0.016s  roots=1
[graph-profile] ts_disc_package_exports            0.000s  packages=30
[graph-profile] ts_discovery_build                 0.136s  side_reads=2004 stat_reads=2016 walked_dirs=668 captured=59
[graph-profile] ts_discovery                       0.137s  total= 0.979s  trace=inputs  names=0 bytes=0 dirs=0
[graph-profile] ts_session_context                 0.084s  total= 1.064s  trace=inputs  files=6801
[graph-profile] runtime_inputs_complete            0.001s  total= 1.065s  trace=inputs
[graph-profile] clone_file_state_copy              0.001s  n=7779
[graph-profile] extractor_need                     1.135s  total= 1.135s  trace=session  non_ts_need=false detected=6 neutral=0
[graph-profile] changed_terms                      0.010s  total= 1.145s  trace=session  initial=false force=false non_ts=false scan=false raw_cfg=false policy=false neutral_scan=false neutral_cfg=false
[graph-profile] ts_reuse_cache                     0.044s  total= 1.189s  trace=session  owned=6801 facts=12109
[graph-profile] assemble_new_files                 0.013s  total= 1.202s  trace=session  new=7779 ts_noop=true non_ts_need=false skip=true facts=12128
[graph-profile] ts_config_inputs                   0.072s  n=83
[graph-profile] skip_publish_return                0.076s  total= 1.278s  trace=session
[graph-profile] graph_session_run                  1.856s  total= 2.256s  trace=cli  repo=/private/tmp/enola-alias-observation/final/cli-pairs/correctness-candidate-1/product parsed=0
[graph] /private/tmp/enola-alias-observation/final/cli-pairs/correctness-candidate-1/product: generation 1→1 parsed=0 cached=6801 early_local=0 fallbacks=0
[graph-profile] cli_complete                       0.000s  total= 2.257s  trace=cli  results=1
