enola: using config /private/tmp/enola-product-history100-check/config.yaml
enola graph: config /private/tmp/enola-product-history100-check/config.yaml
2026/09/21 10:34:58 [mdintent] 2131 document(s), 19343 section(s), 6623 link(s) resolved on disk, 12128 not
2026/09/21 10:34:58 [ts-extractor] skipping minified/bundled file apps/architect-console/src/data/mobileAppMachineGraph.generated.ts
2026/09/21 10:34:58 [ts-extractor] skipping minified/bundled file apps/architect-console/src/data/onboardingProtectBehaviorGraphs.generated.ts
2026/09/21 10:34:58 [ts-extractor] skipping minified/bundled file apps/mobile/scripts/benchmark-affected-scenario-journeys-phase7.ts
2026/09/21 10:34:59 [ts-extractor] skipping minified/bundled file apps/mobile/scripts/generate-projected-screen-structures.mjs
2026/09/21 10:34:59 [ts-extractor] skipping minified/bundled file apps/mobile/src/components/figma/FigmaIcon.tsx
2026/09/21 10:34:59 [ts-extractor] skipping minified/bundled file apps/mobile/src/components/figma/cards/CourseCardCertificatePreview.tsx
2026/09/21 10:34:59 [ts-extractor] skipping minified/bundled file apps/mobile/src/components/figma/cards/assets/stampFakeSealPaths.ts
2026/09/21 10:34:59 [ts-extractor] skipping minified/bundled file apps/mobile/src/components/figma/cards/assets/browserProtectionGlobe.ts
2026/09/21 10:34:59 [ts-extractor] skipping minified/bundled file apps/mobile/src/components/figma/cards/assets/browserProtectionIllustrationGeometry.generated.ts
2026/09/21 10:34:59 [ts-extractor] skipping minified/bundled file apps/mobile/src/components/figma/cards/certificateBadgeSealPaint.ts
2026/09/21 10:34:59 [ts-extractor] skipping minified/bundled file apps/mobile/src/components/figma/cards/certificateWatermarkGeometry.ts
2026/09/21 10:34:59 [ts-extractor] skipping minified/bundled file apps/mobile/src/components/figma/cards/planDiscountTagExactSvg.ts
2026/09/21 10:34:59 [ts-extractor] skipping minified/bundled file apps/mobile/src/components/figma/generated/promotedFigmaComponentData.generated.ts
2026/09/21 10:34:59 [ts-extractor] skipping minified/bundled file apps/mobile/src/components/figma/icons/glass/glassIconGeometry.generated.ts
2026/09/21 10:34:59 [ts-extractor] skipping minified/bundled file apps/mobile/src/components/figma/icons/glass/glassIconSourceAuthority.generated.ts
2026/09/21 10:34:59 [ts-extractor] skipping minified/bundled file apps/mobile/src/components/figma/icons/glassIconLiveGeometry.ts
2026/09/21 10:34:59 [ts-extractor] skipping minified/bundled file apps/mobile/src/components/figma/vectorGeometry/exactSvg/badge-banner-3699-24547.ts
2026/09/21 10:34:59 [ts-extractor] skipping minified/bundled file apps/mobile/src/components/figma/vectorGeometry/exactSvg/certificate-badge-symbol-3699-10136.ts
2026/09/21 10:34:59 [ts-extractor] skipping minified/bundled file apps/mobile/src/components/figma/vectorGeometry/exactSvg/certificate-badge-3699-10124.ts
2026/09/21 10:34:59 [ts-extractor] skipping minified/bundled file apps/mobile/src/components/figma/vectorGeometry/exactSvg/certificate-badge-symbol-3699-10128.ts
2026/09/21 10:34:59 [ts-extractor] skipping minified/bundled file apps/mobile/src/components/figma/vectorGeometry/exactSvg/glass-icon-check-circle-success-3482-28947.ts
2026/09/21 10:34:59 [ts-extractor] skipping minified/bundled file apps/mobile/src/components/figma/vectorGeometry/exactSvg/glass-icon-check-circle.ts
2026/09/21 10:34:59 [ts-extractor] skipping minified/bundled file apps/mobile/src/components/figma/vectorGeometry/exactSvg/glass-icon-lock.ts
2026/09/21 10:34:59 [ts-extractor] skipping minified/bundled file apps/mobile/src/components/figma/vectorGeometry/exactSvg/glass-icon-pointer.ts
2026/09/21 10:34:59 [ts-extractor] skipping minified/bundled file apps/mobile/src/components/figma/vectorGeometry/exactSvg/glass-icon-shield-check.ts
2026/09/21 10:34:59 [ts-extractor] skipping minified/bundled file apps/mobile/src/components/figma/vectorGeometry/exactSvg/glass-icon-warning.ts
2026/09/21 10:34:59 [ts-extractor] skipping minified/bundled file apps/mobile/src/components/figma/vectorGeometry/exactSvg/proof-stat-leaves-left-2467-13111.ts
2026/09/21 10:34:59 [ts-extractor] skipping minified/bundled file apps/mobile/src/components/figma/vectorGeometry/exactSvg/proof-stat-leaves-right-2467-13112.ts
2026/09/21 10:34:59 [ts-extractor] skipping minified/bundled file apps/mobile/src/components/figma/vectorGeometry/pinnedDirectVectorGeometry.generated.ts
2026/09/21 10:34:59 [ts-extractor] skipping minified/bundled file apps/mobile/src/components/figma/vectorGeometry/pinnedDirectVectorLeaves/proof-stat-leaves-left-2467-13111.generated.ts
2026/09/21 10:34:59 [ts-extractor] skipping minified/bundled file apps/mobile/src/components/figma/vectorGeometry/pinnedDirectVectorLeaves/proof-stat-leaves-right-2467-13112.generated.ts
2026/09/21 10:34:59 [ts-extractor] skipping minified/bundled file apps/mobile/src/components/figma/vectorGeometry/pinnedDomainVectorGeometry.generated.ts
2026/09/21 10:34:59 [ts-extractor] skipping minified/bundled file apps/mobile/src/components/figma/vectorGeometry/pinnedExactFigmaSvgs.generated.ts
2026/09/21 10:34:59 [ts-extractor] skipping minified/bundled file apps/mobile/src/components/figma/vectorGeometry/pinnedGenericIconGeometry.generated.ts
2026/09/21 10:34:59 [ts-extractor] skipping minified/bundled file apps/mobile/src/components/figma/vectorGeometry/pinnedInlineExactFigmaSvgs.ts
2026/09/21 10:34:59 [ts-extractor] skipping minified/bundled file apps/mobile/src/components/figma/vectorGeometry/pinnedVectorPathConstants.ts
2026/09/21 10:35:00 [ts-extractor] skipping minified/bundled file apps/mobile/src/visual-diff/affectedGateBenchmarkStatusContract.ts
2026/09/21 10:35:00 [ts-extractor] skipping minified/bundled file apps/mobile/storybook-static/assets/Color-23OOGO2C-CFyZFonx.js
2026/09/21 10:35:00 [ts-extractor] skipping minified/bundled file apps/mobile/storybook-static/assets/ForgotPasswordReviewScreen-DrvQnIcW.js
2026/09/21 10:35:00 [ts-extractor] skipping minified/bundled file apps/mobile/storybook-static/assets/DocsRenderer-LL677BLK-BuIR6bZY.js
2026/09/21 10:35:00 [ts-extractor] skipping minified/bundled file apps/mobile/storybook-static/assets/DeepScan-DHvM5dCJ.js
2026/09/21 10:35:00 [ts-extractor] skipping minified/bundled file apps/mobile/storybook-static/assets/GetStartedFreeScreen-BnD4gdvs.js
2026/09/21 10:35:00 [ts-extractor] skipping minified/bundled file apps/mobile/storybook-static/assets/LeakedLogo-DG0KS9dA.js
2026/09/21 10:35:00 [ts-extractor] skipping minified/bundled file apps/mobile/storybook-static/assets/GetStartedScreen-DiHBSXQR.js
2026/09/21 10:35:00 [ts-extractor] skipping minified/bundled file apps/mobile/storybook-static/assets/MainAppShell-DykjRsCQ.js
2026/09/21 10:35:00 [ts-extractor] skipping minified/bundled file apps/mobile/storybook-static/assets/OnboardingFirstSessionScreen-Ccla2iGl.js
2026/09/21 10:35:00 [ts-extractor] skipping minified/bundled file apps/mobile/storybook-static/assets/PricingContentContext-ENjeFjYN.js
2026/09/21 10:35:00 [ts-extractor] skipping minified/bundled file apps/mobile/storybook-static/assets/PointsCard-UPQ-OhXY.js
2026/09/21 10:35:00 [ts-extractor] skipping minified/bundled file apps/mobile/storybook-static/assets/ProfileScreen-aoCBlYSa.js
2026/09/21 10:35:00 [ts-extractor] skipping minified/bundled file apps/mobile/storybook-static/assets/ProtectFreeScreen-4DLtefNg.js
2026/09/21 10:35:00 [ts-extractor] skipping minified/bundled file apps/mobile/storybook-static/assets/ProjectedFigmaScreen-B-0ULYBe.js
2026/09/21 10:35:00 [ts-extractor] skipping minified/bundled file apps/mobile/storybook-static/assets/RiskIndicatorDropMessage-f1IgdUCx.js
2026/09/21 10:35:00 [ts-extractor] skipping minified/bundled file apps/mobile/storybook-static/assets/ScreenBackgroundBlur-DBMfPfhN.js
2026/09/21 10:35:00 [ts-extractor] skipping minified/bundled file apps/mobile/storybook-static/assets/ScreenCompositionHost-WK6OxeVJ.js
2026/09/21 10:35:00 [ts-extractor] skipping minified/bundled file apps/mobile/storybook-static/assets/ScreenContentTransition-Bs4S8klL.js
2026/09/21 10:35:00 [ts-extractor] skipping minified/bundled file apps/mobile/storybook-static/assets/ScreenFigmaComparisonPanel-CvcgEIaM.js
2026/09/21 10:35:00 [ts-extractor] skipping minified/bundled file apps/mobile/storybook-static/assets/StatusBadge-DGggXXdu.js
2026/09/21 10:35:00 [ts-extractor] skipping minified/bundled file apps/mobile/storybook-static/assets/SubscriptionInfoCard-CX9utM5L.js
2026/09/21 10:35:00 [ts-extractor] skipping minified/bundled file apps/mobile/storybook-static/assets/TabBar-vMBrgBKe.js
2026/09/21 10:35:00 [ts-extractor] skipping minified/bundled file apps/mobile/storybook-static/assets/Toast-DoOWktSp.js
2026/09/21 10:35:00 [ts-extractor] skipping minified/bundled file apps/mobile/storybook-static/assets/WithTooltip-65CFNBJE-B3RsNAAg.js
2026/09/21 10:35:00 [ts-extractor] skipping minified/bundled file apps/mobile/storybook-static/assets/ProtectSurface-CtgJS1RL.js
2026/09/21 10:35:00 [ts-extractor] skipping minified/bundled file apps/mobile/storybook-static/assets/chunk-3LY4VQVK-DCoUZ6n4.js
2026/09/21 10:35:00 [ts-extractor] skipping minified/bundled file apps/mobile/storybook-static/assets/chunk-LITCR56V-JVUNf0OC.js
2026/09/21 10:35:00 [ts-extractor] skipping minified/bundled file apps/mobile/storybook-static/assets/components-BtTjbzAC.js
2026/09/21 10:35:00 [ts-extractor] skipping minified/bundled file apps/mobile/storybook-static/assets/deepscan-components.stories-DuUlNjuO.js
2026/09/21 10:35:00 [ts-extractor] skipping minified/bundled file apps/mobile/storybook-static/assets/figma-components.stories-LvwegD9L.js
2026/09/21 10:35:00 [ts-extractor] skipping minified/bundled file apps/mobile/storybook-static/assets/forgot-password.stories-BIhZW3ml.js
2026/09/21 10:35:00 [ts-extractor] skipping minified/bundled file apps/mobile/storybook-static/assets/generatedFigmaComponents-DmjMpYnh.js
2026/09/21 10:35:00 [ts-extractor] skipping minified/bundled file apps/mobile/storybook-static/assets/get-started-free.stories-BDbRpoO2.js
2026/09/21 10:35:00 [ts-extractor] skipping minified/bundled file apps/mobile/storybook-static/assets/get-started.stories-CvUR968C.js
2026/09/21 10:35:00 [ts-extractor] skipping minified/bundled file apps/mobile/storybook-static/assets/getStartedDataSlotSource-Rr5d3rz_.js
2026/09/21 10:35:00 [ts-extractor] skipping minified/bundled file apps/mobile/storybook-static/assets/figmaScreenStructures.generated-JjgbhcQt.js
2026/09/21 10:35:00 [ts-extractor] skipping minified/bundled file apps/mobile/storybook-static/assets/iframe-D-RxKruK.js
2026/09/21 10:35:00 [ts-extractor] skipping minified/bundled file apps/mobile/storybook-static/assets/legalLinks-CB7C40_C.js
2026/09/21 10:35:00 [ts-extractor] skipping minified/bundled file apps/mobile/storybook-static/assets/onyxStoryMetadata-Bq_5Th--.js
2026/09/21 10:35:00 [ts-extractor] skipping minified/bundled file apps/mobile/storybook-static/assets/onboardingBackgroundMorph-CeKD0Tk0.js
2026/09/21 10:35:00 [ts-extractor] skipping minified/bundled file apps/mobile/storybook-static/assets/onboardingDataSlotSource-qPx6fUNU.js
2026/09/21 10:35:00 [ts-extractor] skipping minified/bundled file apps/mobile/storybook-static/assets/pricingFixtures.generated-CEiD1ca2.js
2026/09/21 10:35:00 [ts-extractor] skipping minified/bundled file apps/mobile/storybook-static/assets/profile.stories-DlPoX8YC.js
2026/09/21 10:35:00 [ts-extractor] skipping minified/bundled file apps/mobile/storybook-static/assets/protectSteadyStateStoryKit-BPtgP0dI.js
2026/09/21 10:35:00 [ts-extractor] skipping minified/bundled file apps/mobile/storybook-static/assets/quiz-flow.stories-NeKa839I.js
2026/09/21 10:35:00 [ts-extractor] skipping minified/bundled file apps/mobile/storybook-static/assets/react-18-BfUV1oqG.js
2026/09/21 10:35:00 [ts-extractor] skipping minified/bundled file apps/mobile/storybook-static/assets/quiz-flow.stories-NppO7NZx.js
2026/09/21 10:35:00 [ts-extractor] skipping minified/bundled file apps/mobile/storybook-static/assets/protect-task.stories-dOTaLEMy.js
2026/09/21 10:35:00 [ts-extractor] skipping minified/bundled file apps/mobile/storybook-static/assets/screenReviewStoryKit-Dt_Rkzsv.js
2026/09/21 10:35:00 [ts-extractor] skipping minified/bundled file apps/mobile/storybook-static/assets/screenStructureStoryKit-ComKfaDB.js
2026/09/21 10:35:00 [ts-extractor] skipping minified/bundled file apps/mobile/storybook-static/assets/screen-structure-components.stories-BrmjAFna.js
2026/09/21 10:35:00 [ts-extractor] skipping minified/bundled file apps/mobile/storybook-static/assets/screenBackgroundMorph-RdKWbQdJ.js
2026/09/21 10:35:00 [ts-extractor] skipping minified/bundled file apps/mobile/storybook-static/assets/syntaxhighlighter-W7WJGI2T-BKWqXrBS.js
2026/09/21 10:35:00 [ts-extractor] skipping minified/bundled file apps/mobile/storybook-static/assets/theming-BRkukHDK.js
2026/09/21 10:35:00 [ts-extractor] skipping minified/bundled file apps/mobile/storybook-static/assets/train.stories-Dz3ntN8J.js
2026/09/21 10:35:00 [ts-extractor] skipping minified/bundled file apps/mobile/storybook-static/sb-addons/docs-1/manager-bundle.js
2026/09/21 10:35:00 [ts-extractor] skipping minified/bundled file apps/mobile/storybook-static/sb-addons/storybook-core-server-presets-0/common-manager-bundle.js
2026/09/21 10:35:00 [ts-extractor] skipping minified/bundled file apps/mobile/storybook-static/vite-inject-mocker-entry.js
2026/09/21 10:35:00 [ts-extractor] skipping minified/bundled file apps/mobile/storybook-static/sb-manager/runtime.js
2026/09/21 10:35:00 [ts-extractor] skipping minified/bundled file apps/mobile/storybook-static/sb-manager/globals-runtime.js
2026/09/21 10:35:01 [ts-extractor] skipping minified/bundled file scripts/deploy/t013-build-service-release.mjs
2026/09/21 10:35:01 [ts-extractor] skipping minified/bundled file scripts/deploy/t013-pulumi-role-handoff.mjs
2026/09/21 10:35:01 [ts-extractor] skipping minified/bundled file scripts/deploy/t013-q006-transaction-core.test.mjs
[graph] /tmp/enola-product-history-source: generation 0→1 parsed=4165 cached=0 early_local=4165 fallbacks=5
[graph] fallback manifests: all files owned by extractor (no per-file incremental session; whole-extractor re-run)
[graph] fallback mdintent: all files owned by extractor (no per-file incremental session; whole-extractor re-run)
[graph] fallback hcl: all files owned by extractor (no per-file incremental session; whole-extractor re-run)
[graph] fallback python: all files owned by extractor (no per-file incremental session; whole-extractor re-run)
[graph] fallback swift: all files owned by extractor (no per-file incremental session; whole-extractor re-run)
       10.79 real        23.74 user         4.54 sys
          1008680960  maximum resident set size
                   0  average shared memory size
                   0  average unshared data size
                   0  average unshared stack size
               63979  page reclaims
                 178  page faults
                   0  swaps
                   0  block input operations
                   0  block output operations
                5462  messages sent
                3014  messages received
                2153  signals received
                4181  voluntary context switches
               98395  involuntary context switches
        310749892244  instructions retired
         84959495153  cycles elapsed
           967724736  peak memory footprint
