[graph-profile] flags_parsed                       0.000s  total= 0.000s  trace=cli  mode=watch
[graph-profile] config_load                        0.000s  total= 0.000s  trace=graph_engine  config.yaml
[graph-profile] declare_config_deps                0.000s  total= 0.000s  trace=graphinput_build  deps=2
[graph-profile] discover_git                       0.036s  total= 0.036s  trace=graphinput_build  repo=true dirs=2
[graph-profile] declare_git_control                0.012s  total= 0.048s  trace=graphinput_build  deps=10
[graph-profile] git_ls_files                       0.052s  total= 0.101s  trace=graphinput_build  tracked=45105 dirs=5818
[graph-profile] walk_tree                          0.117s  total= 0.218s  trace=graphinput_build  names=11637 ignorefiles=4
[graph-profile] check_ignore_setup                 0.014s  total= 0.232s  trace=graphinput_build
[graph-profile] check_ignore_run                   0.056s  total= 0.288s  trace=graphinput_build  names=11637 ignored=0
[graph-profile] declare_ignore_files               0.000s  total= 0.288s  trace=graphinput_build  deps=13
[graph-profile] compute_identities                 0.033s  total= 0.321s  trace=graphinput_build  deps=13 entries=11637
[graph-profile] graphinput_build                   0.322s  total= 0.322s  trace=graph_engine  configpaths=2
[graph-profile] engine_new                         0.000s  total= 0.322s  trace=graph_engine
[graph-profile] register_plugins                   0.000s  total= 0.322s  trace=graph_engine
[graph-profile] config_recheck                     0.000s  total= 0.323s  trace=graph_engine
[graph-profile] resolve_graph_target               0.323s  total= 0.323s  trace=cli  repos=1
enola graph: config /tmp/enola-stage12-watch-probe-review/diagnostic-watch/config.yaml
[graph-profile] connect_sink                       0.002s  total= 0.325s  trace=cli  nats=true
[graph-profile] lock                               0.000s  total= 0.000s  trace=open
[graph-profile] bind_identity                      0.000s  total= 0.001s  trace=open
[graph-profile] open_journal                       0.000s  total= 0.001s  trace=open
[graph-profile] replay_unacked                     0.006s  total= 0.006s  trace=open
[graph-profile] load_state                         0.000s  total= 0.006s  trace=open  files=0
[graph-profile] transaction_enter                  0.000s  total= 0.000s  trace=reconcile  fast=false failed=false
[graph-profile] effective_config_before            0.000s  total= 0.000s  trace=reconcile  files=2
[graph-profile] graph_inputs_proven                0.090s  total= 0.090s  trace=reconcile
[graph-profile] effective_config                   0.000s  total= 0.090s  trace=reconcile  files=2 fast=false
[graph-profile] reconcile_complete                 0.000s  total= 0.090s  trace=reconcile  reloaded=false
[graph-profile] engine_walk_repo                   0.113s  files=10967 tests=0 all_names=10967
[graph-profile] inventory                          0.113s  total= 0.113s  trace=inputs  files=10967 all_names=10967
[graph-profile] detect_typescript                  0.002s
[graph-profile] detect_extractors                  0.002s  total= 0.115s  trace=inputs  detected=1
[graph-profile] select_hash_targets                0.006s  total= 0.121s  trace=inputs  targets=4106
[graph-profile] engine_hash_files                  0.365s  n=4106 hashed=4106 bytes=45822355
[graph-profile] hash_content_inputs                0.365s  total= 0.486s  trace=inputs  targets=4106
[graph-profile] capture_contexts                   0.000s  total= 0.486s  trace=inputs  contexts=0
[graph-profile] ts_config_inputs                   0.147s  n=83
[graph-profile] analysis_fingerprint               0.154s  total= 0.640s  trace=inputs  cfg_files=59
[graph-profile] angular_probe                      0.003s  total= 0.644s  trace=inputs  angular=false
[graph-profile] policy_identity                    0.000s  total= 0.644s  trace=inputs
[graph-profile] engine_context_fingerprint         0.000s  total= 0.644s  trace=inputs
[graph-profile] ts_disc_nuxt_packages              0.127s  pkgs=0
[graph-profile] ts_disc_package_gates              0.000s
[graph-profile] ts_disc_package_names              0.000s  names=30
[graph-profile] ts_disc_alias_roots                0.082s  roots=1
[graph-profile] ts_disc_package_exports            0.000s  packages=30
[graph-profile] ts_discovery_build                 0.220s  side_reads=1965 stat_reads=1977 walked_dirs=655 captured=59
[graph-profile] ts_discovery                       0.220s  total= 0.863s  trace=inputs  names=0 bytes=0 dirs=0
[graph-profile] ts_session_context                 0.053s  total= 0.917s  trace=inputs  files=4087
[graph-profile] runtime_inputs_complete            0.000s  total= 0.917s  trace=inputs
[graph-profile] clone_file_state_copy              0.000s  n=0
[graph-profile] extractor_need                     0.939s  total= 0.939s  trace=session  non_ts_need=false detected=1 neutral=0
[graph-profile] changed_terms                      0.007s  total= 0.946s  trace=session  initial=true force=true non_ts=false scan=false raw_cfg=false policy=true neutral_scan=false neutral_cfg=false
[graph-profile] invalidation_plan                  0.015s  total= 0.961s  trace=session  reason=frozen scope: global name-resolution domain whole=true extra=0
[graph-profile] revalidate_before_begin            0.002s  n=59 superseded=false
[graph-profile] begin_publish                      0.059s  total= 1.020s  trace=session  scope=8485
[graph-profile] ts_dirty_scope                     0.001s  total= 1.020s  trace=session  dirty=0 scope=4087 force=true
[graph-profile] ts_detect_frameworks               0.000s  total= 0.000s  trace=ts  files=4087 shared_discovery=true
[graph-profile] ts_disc_package_aliases            0.000s  aliases=21
[graph-profile] ts_read_dirty                      0.051s  total= 0.051s  trace=ts  to_read=4087 cached=0
[graph-profile] ts_graphql_grpc_index              0.374s  total= 0.425s  trace=ts  ts_files=4087
2026/09/24 10:13:40 [ts-extractor] skipping minified/bundled file apps/mobile/storybook-static/assets/Color-23OOGO2C-CFyZFonx.js
2026/09/24 10:13:40 [ts-extractor] skipping minified/bundled file apps/mobile/storybook-static/assets/DeepScan-DHvM5dCJ.js
2026/09/24 10:13:40 [ts-extractor] skipping minified/bundled file apps/mobile/storybook-static/assets/DocsRenderer-LL677BLK-BuIR6bZY.js
2026/09/24 10:13:40 [ts-extractor] skipping minified/bundled file apps/mobile/storybook-static/assets/GetStartedFreeScreen-BnD4gdvs.js
2026/09/24 10:13:40 [ts-extractor] skipping minified/bundled file apps/mobile/storybook-static/assets/GetStartedScreen-DiHBSXQR.js
2026/09/24 10:13:40 [ts-extractor] skipping minified/bundled file apps/mobile/storybook-static/assets/LeakedLogo-DG0KS9dA.js
2026/09/24 10:13:40 [ts-extractor] skipping minified/bundled file apps/mobile/storybook-static/assets/MainAppShell-DykjRsCQ.js
2026/09/24 10:13:40 [ts-extractor] skipping minified/bundled file apps/mobile/storybook-static/assets/OnboardingFirstSessionScreen-Ccla2iGl.js
2026/09/24 10:13:40 [ts-extractor] skipping minified/bundled file apps/mobile/storybook-static/assets/PointsCard-UPQ-OhXY.js
2026/09/24 10:13:40 [ts-extractor] skipping minified/bundled file apps/mobile/storybook-static/assets/PricingContentContext-ENjeFjYN.js
2026/09/24 10:13:40 [ts-extractor] skipping minified/bundled file apps/mobile/storybook-static/assets/ProfileScreen-aoCBlYSa.js
2026/09/24 10:13:40 [ts-extractor] skipping minified/bundled file apps/mobile/storybook-static/assets/ProjectedFigmaScreen-B-0ULYBe.js
2026/09/24 10:13:40 [ts-extractor] skipping minified/bundled file apps/mobile/storybook-static/assets/ProtectFreeScreen-4DLtefNg.js
2026/09/24 10:13:40 [ts-extractor] skipping minified/bundled file apps/mobile/storybook-static/assets/ProtectSurface-CtgJS1RL.js
2026/09/24 10:13:40 [ts-extractor] skipping minified/bundled file apps/mobile/storybook-static/assets/RiskIndicatorDropMessage-f1IgdUCx.js
2026/09/24 10:13:40 [ts-extractor] skipping minified/bundled file apps/mobile/storybook-static/assets/ScreenBackgroundBlur-DBMfPfhN.js
2026/09/24 10:13:40 [ts-extractor] skipping minified/bundled file apps/mobile/storybook-static/assets/ScreenCompositionHost-WK6OxeVJ.js
2026/09/24 10:13:40 [ts-extractor] skipping minified/bundled file apps/mobile/storybook-static/assets/ScreenContentTransition-Bs4S8klL.js
2026/09/24 10:13:40 [ts-extractor] skipping minified/bundled file apps/mobile/storybook-static/assets/ScreenFigmaComparisonPanel-CvcgEIaM.js
2026/09/24 10:13:40 [ts-extractor] skipping minified/bundled file apps/mobile/storybook-static/assets/StatusBadge-DGggXXdu.js
2026/09/24 10:13:40 [ts-extractor] skipping minified/bundled file apps/mobile/storybook-static/assets/SubscriptionInfoCard-CX9utM5L.js
2026/09/24 10:13:40 [ts-extractor] skipping minified/bundled file apps/mobile/storybook-static/assets/TabBar-vMBrgBKe.js
2026/09/24 10:13:40 [ts-extractor] skipping minified/bundled file apps/mobile/storybook-static/assets/WithTooltip-65CFNBJE-B3RsNAAg.js
2026/09/24 10:13:40 [ts-extractor] skipping minified/bundled file apps/mobile/storybook-static/assets/Toast-DoOWktSp.js
2026/09/24 10:13:40 [ts-extractor] skipping minified/bundled file apps/mobile/storybook-static/assets/chunk-3LY4VQVK-DCoUZ6n4.js
2026/09/24 10:13:40 [ts-extractor] skipping minified/bundled file apps/mobile/storybook-static/assets/chunk-LITCR56V-JVUNf0OC.js
2026/09/24 10:13:40 [ts-extractor] skipping minified/bundled file apps/mobile/storybook-static/assets/components-BtTjbzAC.js
2026/09/24 10:13:40 [ts-extractor] skipping minified/bundled file apps/mobile/storybook-static/assets/deepscan-components.stories-DuUlNjuO.js
2026/09/24 10:13:40 [ts-extractor] skipping minified/bundled file apps/mobile/storybook-static/assets/figma-components.stories-LvwegD9L.js
2026/09/24 10:13:40 [ts-extractor] skipping minified/bundled file apps/mobile/storybook-static/assets/figmaScreenStructures.generated-JjgbhcQt.js
2026/09/24 10:13:41 [ts-extractor] skipping minified/bundled file apps/mobile/storybook-static/assets/generatedFigmaComponents-DmjMpYnh.js
2026/09/24 10:13:41 [ts-extractor] skipping minified/bundled file apps/mobile/storybook-static/assets/getStartedDataSlotSource-Rr5d3rz_.js
2026/09/24 10:13:41 [ts-extractor] skipping minified/bundled file apps/mobile/storybook-static/assets/iframe-D-RxKruK.js
2026/09/24 10:13:41 [ts-extractor] skipping minified/bundled file apps/mobile/storybook-static/assets/legalLinks-CB7C40_C.js
2026/09/24 10:13:41 [ts-extractor] skipping minified/bundled file apps/mobile/storybook-static/assets/onboardingDataSlotSource-qPx6fUNU.js
2026/09/24 10:13:41 [ts-extractor] skipping minified/bundled file apps/mobile/storybook-static/assets/onyxStoryMetadata-Bq_5Th--.js
2026/09/24 10:13:41 [ts-extractor] skipping minified/bundled file apps/mobile/storybook-static/assets/pricingFixtures.generated-CEiD1ca2.js
2026/09/24 10:13:41 [ts-extractor] skipping minified/bundled file apps/mobile/storybook-static/assets/profile.stories-DlPoX8YC.js
2026/09/24 10:13:41 [ts-extractor] skipping minified/bundled file apps/mobile/storybook-static/assets/protect-task.stories-dOTaLEMy.js
2026/09/24 10:13:41 [ts-extractor] skipping minified/bundled file apps/mobile/storybook-static/assets/react-18-BfUV1oqG.js
2026/09/24 10:13:41 [ts-extractor] skipping minified/bundled file apps/mobile/storybook-static/assets/screenBackgroundMorph-RdKWbQdJ.js
2026/09/24 10:13:41 [ts-extractor] skipping minified/bundled file apps/mobile/storybook-static/assets/screenReviewStoryKit-Dt_Rkzsv.js
2026/09/24 10:13:41 [ts-extractor] skipping minified/bundled file apps/mobile/storybook-static/assets/screenStructureStoryKit-ComKfaDB.js
2026/09/24 10:13:41 [ts-extractor] skipping minified/bundled file apps/mobile/storybook-static/assets/syntaxhighlighter-W7WJGI2T-BKWqXrBS.js
2026/09/24 10:13:41 [ts-extractor] skipping minified/bundled file apps/mobile/storybook-static/assets/theming-BRkukHDK.js
2026/09/24 10:13:41 [ts-extractor] skipping minified/bundled file apps/mobile/storybook-static/assets/train.stories-Dz3ntN8J.js
2026/09/24 10:13:41 [ts-extractor] skipping minified/bundled file apps/mobile/storybook-static/sb-addons/docs-1/manager-bundle.js
2026/09/24 10:13:41 [ts-extractor] skipping minified/bundled file apps/mobile/storybook-static/sb-addons/storybook-core-server-presets-0/common-manager-bundle.js
2026/09/24 10:13:41 [ts-extractor] skipping minified/bundled file apps/mobile/storybook-static/vite-inject-mocker-entry.js
2026/09/24 10:13:41 [ts-extractor] skipping minified/bundled file apps/mobile/storybook-static/sb-manager/runtime.js
2026/09/24 10:13:41 [ts-extractor] skipping minified/bundled file apps/mobile/storybook-static/sb-manager/globals-runtime.js
2026/09/24 10:13:41 [ts-extractor] skipping minified/bundled file scripts/deploy/t013-pulumi-role-handoff.mjs
[graph-profile] ts_mapfiles_aggregate              3.874s  total= 4.299s  trace=ts  parsed=4035 facts=58910 routers=0 scans=1689 derived=2305
[graph-profile] ts_compose_modules                 0.002s  total= 4.302s  trace=ts  facts=59347 records=4087 unread=0
[graph-profile] ts_extract_session                 4.304s  total= 5.325s  trace=session  parsed=4035 cached=0 facts=59347 records=4087
[graph-profile] assemble_new_files                 0.236s  total= 5.561s  trace=session  new=4087 ts_noop=false non_ts_need=false skip=false facts=59347
[graph-profile] index_group_owners                 0.016s  total= 5.577s  trace=session  facts=58910 owners=4035
[graph-profile] publish_scope                      0.001s  total= 5.578s  trace=session  scope=8485
[graph-profile] encode_append_owners               1.858s  total= 7.436s  trace=session  published=4035
[graph-profile] publish_resolved                   0.045s  total= 7.481s  trace=session  owners=4035
[graph-profile] revalidate_ts_records              0.119s  total= 7.600s  trace=session  n=4087
[graph-profile] ts_config_inputs                   0.141s  n=83
[graph-profile] state_json_marshal                 0.166s  bytes=55503976 files=4087
[graph-profile] state_fingerprint                  0.024s  write bytes=55503976
[graph-profile] write_pending_state                0.376s  total= 7.976s  trace=session
[graph-profile] end_flush_ack                      0.063s  total= 8.039s  trace=session
[graph-profile] promote_compact_state              0.069s  total= 8.107s  trace=session  parsed=4035 published=4035
[graph-profile] watch_unchanged_probe              0.000s  elapsed_ns=1833 discarded=false reads=0 bytes=0
[graph-profile] transaction_enter                  0.000s  total= 0.000s  trace=reconcile  fast=false failed=false
[graph-profile] effective_config_before            0.000s  total= 0.000s  trace=reconcile  files=2
[graph-profile] config_load                        0.000s  total= 0.000s  trace=graph_engine  config.yaml
[graph-profile] declare_config_deps                0.000s  total= 0.000s  trace=graphinput_build  deps=2
[graph-profile] discover_git                       0.064s  total= 0.065s  trace=graphinput_build  repo=true dirs=2
[graph-profile] declare_git_control                0.010s  total= 0.075s  trace=graphinput_build  deps=10
[graph-profile] git_ls_files                       0.057s  total= 0.132s  trace=graphinput_build  tracked=45105 dirs=5818
[graph-profile] walk_tree                          0.116s  total= 0.248s  trace=graphinput_build  names=11637 ignorefiles=4
[graph-profile] check_ignore_setup                 0.018s  total= 0.266s  trace=graphinput_build
[graph-profile] check_ignore_run                   0.059s  total= 0.325s  trace=graphinput_build  names=11637 ignored=0
[graph-profile] declare_ignore_files               0.000s  total= 0.325s  trace=graphinput_build  deps=13
[graph-profile] compute_identities                 0.032s  total= 0.357s  trace=graphinput_build  deps=13 entries=11637
[graph-profile] graphinput_build                   0.358s  total= 0.358s  trace=graph_engine  configpaths=2
[graph-profile] engine_new                         0.000s  total= 0.358s  trace=graph_engine
[graph-profile] register_plugins                   0.000s  total= 0.358s  trace=graph_engine
[graph-profile] config_recheck                     0.000s  total= 0.358s  trace=graph_engine
[graph-profile] rebuild_graph_inputs               0.358s  total= 0.359s  trace=reconcile  engine already used
[graph-profile] effective_config                   0.000s  total= 0.359s  trace=reconcile  files=2 fast=false
[graph-profile] reconcile_complete                 0.000s  total= 0.359s  trace=reconcile  reloaded=false
[graph-profile] engine_walk_repo                   0.120s  files=10967 tests=0 all_names=10967
[graph-profile] inventory                          0.120s  total= 0.120s  trace=inputs  files=10967 all_names=10967
[graph-profile] detect_typescript                  0.001s
[graph-profile] detect_extractors                  0.001s  total= 0.122s  trace=inputs  detected=1
[graph-profile] select_hash_targets                0.009s  total= 0.130s  trace=inputs  targets=4106
[graph-profile] engine_hash_files                  0.149s  n=4106 hashed=4106 bytes=45822355
[graph-profile] hash_content_inputs                0.149s  total= 0.279s  trace=inputs  targets=4106
[graph-profile] capture_contexts                   0.000s  total= 0.279s  trace=inputs  contexts=0
[graph-profile] ts_config_inputs                   0.141s  n=83
[graph-profile] analysis_fingerprint               0.143s  total= 0.422s  trace=inputs  cfg_files=59
[graph-profile] angular_probe                      0.003s  total= 0.425s  trace=inputs  angular=false
[graph-profile] policy_identity                    0.000s  total= 0.425s  trace=inputs
[graph-profile] engine_context_fingerprint         0.000s  total= 0.425s  trace=inputs
[graph-profile] ts_disc_nuxt_packages              0.120s  pkgs=0
[graph-profile] ts_disc_package_gates              0.001s
[graph-profile] ts_disc_package_names              0.000s  names=30
[graph-profile] ts_disc_alias_roots                0.081s  roots=1
[graph-profile] ts_disc_package_exports            0.000s  packages=30
[graph-profile] ts_discovery_build                 0.212s  side_reads=1965 stat_reads=1977 walked_dirs=655 captured=59
[graph-profile] ts_discovery                       0.213s  total= 0.638s  trace=inputs  names=0 bytes=0 dirs=0
[graph-profile] ts_session_context                 0.058s  total= 0.696s  trace=inputs  files=4087
[graph-profile] runtime_inputs_complete            0.000s  total= 0.696s  trace=inputs
[graph-profile] clone_file_state_copy              0.000s  n=4087
[graph-profile] extractor_need                     0.729s  total= 0.729s  trace=session  non_ts_need=false detected=1 neutral=0
[graph-profile] changed_terms                      0.007s  total= 0.737s  trace=session  initial=false force=false non_ts=false scan=false raw_cfg=false policy=false neutral_scan=false neutral_cfg=false
[graph-profile] ts_reuse_cache                     0.041s  total= 0.778s  trace=session  owned=4087 facts=59347
[graph-profile] assemble_new_files                 0.001s  total= 0.779s  trace=session  new=4087 ts_noop=true non_ts_need=false skip=true facts=59347
[graph-profile] ts_config_inputs                   0.136s  n=83
[graph-profile] skip_publish_return                0.138s  total= 0.918s  trace=session
[graph-profile] watch_unchanged_probe              0.000s  elapsed_ns=53792 discarded=true reads=1 bytes=6872
[graph-profile] watch_unchanged_probe              0.001s  elapsed_ns=560208 discarded=false reads=1 bytes=6899
[graph-profile] transaction_enter                  0.000s  total= 0.000s  trace=reconcile  fast=true failed=false
[graph-profile] effective_config                   0.000s  total= 0.000s  trace=reconcile  files=2 fast=true
[graph-profile] reconcile_complete                 0.000s  total= 0.000s  trace=reconcile  reloaded=false
[graph-profile] clone_file_state_copy              0.000s  n=4087
[graph-profile] extractor_need                     0.137s  total= 0.137s  trace=session  non_ts_need=false detected=1 neutral=0
[graph-profile] changed_terms                      0.018s  total= 0.155s  trace=session  initial=false force=false non_ts=false scan=true raw_cfg=false policy=false neutral_scan=false neutral_cfg=false
[graph-profile] ts_detect_frameworks               0.000s  total= 0.000s  trace=ts  files=4087 shared_discovery=true
[graph-profile] ts_disc_package_aliases            0.000s  aliases=21
[graph-profile] ts_read_dirty                      0.005s  total= 0.005s  trace=ts  to_read=53 cached=4034
[graph-profile] ts_graphql_grpc_index              0.095s  total= 0.101s  trace=ts  ts_files=4087
2026/09/24 10:13:48 [ts-extractor] skipping minified/bundled file apps/mobile/storybook-static/assets/Color-23OOGO2C-CFyZFonx.js
2026/09/24 10:13:48 [ts-extractor] skipping minified/bundled file apps/mobile/storybook-static/assets/PricingContentContext-ENjeFjYN.js
2026/09/24 10:13:48 [ts-extractor] skipping minified/bundled file apps/mobile/storybook-static/assets/DeepScan-DHvM5dCJ.js
2026/09/24 10:13:48 [ts-extractor] skipping minified/bundled file apps/mobile/storybook-static/assets/GetStartedFreeScreen-BnD4gdvs.js
2026/09/24 10:13:48 [ts-extractor] skipping minified/bundled file apps/mobile/storybook-static/assets/GetStartedScreen-DiHBSXQR.js
2026/09/24 10:13:48 [ts-extractor] skipping minified/bundled file apps/mobile/storybook-static/assets/MainAppShell-DykjRsCQ.js
2026/09/24 10:13:48 [ts-extractor] skipping minified/bundled file apps/mobile/storybook-static/assets/ProfileScreen-aoCBlYSa.js
2026/09/24 10:13:48 [ts-extractor] skipping minified/bundled file apps/mobile/storybook-static/assets/PointsCard-UPQ-OhXY.js
2026/09/24 10:13:48 [ts-extractor] skipping minified/bundled file apps/mobile/storybook-static/assets/LeakedLogo-DG0KS9dA.js
2026/09/24 10:13:48 [ts-extractor] skipping minified/bundled file apps/mobile/storybook-static/assets/ScreenContentTransition-Bs4S8klL.js
2026/09/24 10:13:48 [ts-extractor] skipping minified/bundled file apps/mobile/storybook-static/assets/OnboardingFirstSessionScreen-Ccla2iGl.js
2026/09/24 10:13:48 [ts-extractor] skipping minified/bundled file apps/mobile/storybook-static/assets/ProtectFreeScreen-4DLtefNg.js
2026/09/24 10:13:48 [ts-extractor] skipping minified/bundled file apps/mobile/storybook-static/assets/DocsRenderer-LL677BLK-BuIR6bZY.js
2026/09/24 10:13:48 [ts-extractor] skipping minified/bundled file apps/mobile/storybook-static/assets/ScreenFigmaComparisonPanel-CvcgEIaM.js
2026/09/24 10:13:48 [ts-extractor] skipping minified/bundled file apps/mobile/storybook-static/assets/ProjectedFigmaScreen-B-0ULYBe.js
2026/09/24 10:13:48 [ts-extractor] skipping minified/bundled file apps/mobile/storybook-static/assets/RiskIndicatorDropMessage-f1IgdUCx.js
2026/09/24 10:13:48 [ts-extractor] skipping minified/bundled file apps/mobile/storybook-static/assets/chunk-3LY4VQVK-DCoUZ6n4.js
2026/09/24 10:13:48 [ts-extractor] skipping minified/bundled file apps/mobile/storybook-static/assets/ScreenCompositionHost-WK6OxeVJ.js
2026/09/24 10:13:48 [ts-extractor] skipping minified/bundled file apps/mobile/storybook-static/assets/SubscriptionInfoCard-CX9utM5L.js
2026/09/24 10:13:48 [ts-extractor] skipping minified/bundled file apps/mobile/storybook-static/assets/StatusBadge-DGggXXdu.js
2026/09/24 10:13:48 [ts-extractor] skipping minified/bundled file apps/mobile/storybook-static/assets/chunk-LITCR56V-JVUNf0OC.js
2026/09/24 10:13:48 [ts-extractor] skipping minified/bundled file apps/mobile/storybook-static/assets/WithTooltip-65CFNBJE-B3RsNAAg.js
2026/09/24 10:13:48 [ts-extractor] skipping minified/bundled file apps/mobile/storybook-static/assets/TabBar-vMBrgBKe.js
2026/09/24 10:13:48 [ts-extractor] skipping minified/bundled file apps/mobile/storybook-static/assets/deepscan-components.stories-DuUlNjuO.js
2026/09/24 10:13:48 [ts-extractor] skipping minified/bundled file apps/mobile/storybook-static/assets/ProtectSurface-CtgJS1RL.js
2026/09/24 10:13:48 [ts-extractor] skipping minified/bundled file apps/mobile/storybook-static/assets/legalLinks-CB7C40_C.js
2026/09/24 10:13:48 [ts-extractor] skipping minified/bundled file apps/mobile/storybook-static/assets/getStartedDataSlotSource-Rr5d3rz_.js
2026/09/24 10:13:48 [ts-extractor] skipping minified/bundled file apps/mobile/storybook-static/assets/figma-components.stories-LvwegD9L.js
2026/09/24 10:13:48 [ts-extractor] skipping minified/bundled file apps/mobile/storybook-static/assets/onboardingDataSlotSource-qPx6fUNU.js
2026/09/24 10:13:48 [ts-extractor] skipping minified/bundled file apps/mobile/storybook-static/assets/pricingFixtures.generated-CEiD1ca2.js
2026/09/24 10:13:48 [ts-extractor] skipping minified/bundled file apps/mobile/storybook-static/assets/profile.stories-DlPoX8YC.js
2026/09/24 10:13:48 [ts-extractor] skipping minified/bundled file apps/mobile/storybook-static/assets/Toast-DoOWktSp.js
2026/09/24 10:13:48 [ts-extractor] skipping minified/bundled file apps/mobile/storybook-static/assets/protect-task.stories-dOTaLEMy.js
2026/09/24 10:13:48 [ts-extractor] skipping minified/bundled file apps/mobile/storybook-static/assets/screenBackgroundMorph-RdKWbQdJ.js
2026/09/24 10:13:48 [ts-extractor] skipping minified/bundled file apps/mobile/storybook-static/assets/components-BtTjbzAC.js
2026/09/24 10:13:48 [ts-extractor] skipping minified/bundled file apps/mobile/storybook-static/assets/react-18-BfUV1oqG.js
2026/09/24 10:13:48 [ts-extractor] skipping minified/bundled file apps/mobile/storybook-static/assets/syntaxhighlighter-W7WJGI2T-BKWqXrBS.js
2026/09/24 10:13:48 [ts-extractor] skipping minified/bundled file apps/mobile/storybook-static/assets/screenReviewStoryKit-Dt_Rkzsv.js
2026/09/24 10:13:48 [ts-extractor] skipping minified/bundled file apps/mobile/storybook-static/assets/generatedFigmaComponents-DmjMpYnh.js
2026/09/24 10:13:48 [ts-extractor] skipping minified/bundled file apps/mobile/storybook-static/sb-addons/docs-1/manager-bundle.js
2026/09/24 10:13:48 [ts-extractor] skipping minified/bundled file apps/mobile/storybook-static/assets/theming-BRkukHDK.js
2026/09/24 10:13:48 [ts-extractor] skipping minified/bundled file apps/mobile/storybook-static/assets/onyxStoryMetadata-Bq_5Th--.js
2026/09/24 10:13:48 [ts-extractor] skipping minified/bundled file apps/mobile/storybook-static/assets/train.stories-Dz3ntN8J.js
2026/09/24 10:13:48 [ts-extractor] skipping minified/bundled file apps/mobile/storybook-static/vite-inject-mocker-entry.js
2026/09/24 10:13:48 [ts-extractor] skipping minified/bundled file apps/mobile/storybook-static/assets/screenStructureStoryKit-ComKfaDB.js
2026/09/24 10:13:48 [ts-extractor] skipping minified/bundled file apps/mobile/storybook-static/assets/figmaScreenStructures.generated-JjgbhcQt.js
2026/09/24 10:13:48 [ts-extractor] skipping minified/bundled file apps/mobile/storybook-static/sb-addons/storybook-core-server-presets-0/common-manager-bundle.js
2026/09/24 10:13:48 [ts-extractor] skipping minified/bundled file apps/mobile/storybook-static/assets/ScreenBackgroundBlur-DBMfPfhN.js
2026/09/24 10:13:48 [ts-extractor] skipping minified/bundled file apps/mobile/storybook-static/assets/iframe-D-RxKruK.js
2026/09/24 10:13:48 [ts-extractor] skipping minified/bundled file apps/mobile/storybook-static/sb-manager/runtime.js
2026/09/24 10:13:48 [ts-extractor] skipping minified/bundled file scripts/deploy/t013-pulumi-role-handoff.mjs
2026/09/24 10:13:48 [ts-extractor] skipping minified/bundled file apps/mobile/storybook-static/sb-manager/globals-runtime.js
[graph-profile] ts_mapfiles_aggregate              0.042s  total= 0.142s  trace=ts  parsed=1 facts=58910 routers=0 scans=0 derived=1
[graph-profile] ts_compose_modules                 0.003s  total= 0.145s  trace=ts  facts=59347 records=4087 unread=0
[graph-profile] ts_detect_frameworks               0.000s  total= 0.000s  trace=ts  files=4087 shared_discovery=true
[graph-profile] ts_disc_package_aliases            0.000s  aliases=21
[graph-profile] ts_read_dirty                      0.005s  total= 0.005s  trace=ts  to_read=62 cached=4025
[graph-profile] ts_graphql_grpc_index              0.099s  total= 0.105s  trace=ts  ts_files=4087
2026/09/24 10:13:48 [ts-extractor] skipping minified/bundled file apps/mobile/storybook-static/assets/DeepScan-DHvM5dCJ.js
2026/09/24 10:13:48 [ts-extractor] skipping minified/bundled file apps/mobile/storybook-static/assets/PointsCard-UPQ-OhXY.js
2026/09/24 10:13:48 [ts-extractor] skipping minified/bundled file apps/mobile/storybook-static/assets/GetStartedScreen-DiHBSXQR.js
2026/09/24 10:13:48 [ts-extractor] skipping minified/bundled file apps/mobile/storybook-static/assets/MainAppShell-DykjRsCQ.js
2026/09/24 10:13:48 [ts-extractor] skipping minified/bundled file apps/mobile/storybook-static/assets/PricingContentContext-ENjeFjYN.js
2026/09/24 10:13:48 [ts-extractor] skipping minified/bundled file apps/mobile/storybook-static/assets/Color-23OOGO2C-CFyZFonx.js
2026/09/24 10:13:48 [ts-extractor] skipping minified/bundled file apps/mobile/storybook-static/assets/GetStartedFreeScreen-BnD4gdvs.js
2026/09/24 10:13:48 [ts-extractor] skipping minified/bundled file apps/mobile/storybook-static/assets/ProfileScreen-aoCBlYSa.js
2026/09/24 10:13:48 [ts-extractor] skipping minified/bundled file apps/mobile/storybook-static/assets/DocsRenderer-LL677BLK-BuIR6bZY.js
2026/09/24 10:13:48 [ts-extractor] skipping minified/bundled file apps/mobile/storybook-static/assets/ProjectedFigmaScreen-B-0ULYBe.js
2026/09/24 10:13:48 [ts-extractor] skipping minified/bundled file apps/mobile/storybook-static/assets/ProtectFreeScreen-4DLtefNg.js
2026/09/24 10:13:48 [ts-extractor] skipping minified/bundled file apps/mobile/storybook-static/assets/LeakedLogo-DG0KS9dA.js
2026/09/24 10:13:48 [ts-extractor] skipping minified/bundled file apps/mobile/storybook-static/assets/OnboardingFirstSessionScreen-Ccla2iGl.js
2026/09/24 10:13:48 [ts-extractor] skipping minified/bundled file apps/mobile/storybook-static/assets/ScreenContentTransition-Bs4S8klL.js
2026/09/24 10:13:48 [ts-extractor] skipping minified/bundled file apps/mobile/storybook-static/assets/ScreenCompositionHost-WK6OxeVJ.js
2026/09/24 10:13:48 [ts-extractor] skipping minified/bundled file apps/mobile/storybook-static/assets/RiskIndicatorDropMessage-f1IgdUCx.js
2026/09/24 10:13:48 [ts-extractor] skipping minified/bundled file apps/mobile/storybook-static/assets/SubscriptionInfoCard-CX9utM5L.js
2026/09/24 10:13:48 [ts-extractor] skipping minified/bundled file apps/mobile/storybook-static/assets/ScreenFigmaComparisonPanel-CvcgEIaM.js
2026/09/24 10:13:48 [ts-extractor] skipping minified/bundled file apps/mobile/storybook-static/assets/chunk-3LY4VQVK-DCoUZ6n4.js
2026/09/24 10:13:48 [ts-extractor] skipping minified/bundled file apps/mobile/storybook-static/assets/deepscan-components.stories-DuUlNjuO.js
2026/09/24 10:13:48 [ts-extractor] skipping minified/bundled file apps/mobile/storybook-static/assets/chunk-LITCR56V-JVUNf0OC.js
2026/09/24 10:13:48 [ts-extractor] skipping minified/bundled file apps/mobile/storybook-static/assets/WithTooltip-65CFNBJE-B3RsNAAg.js
2026/09/24 10:13:48 [ts-extractor] skipping minified/bundled file apps/mobile/storybook-static/assets/StatusBadge-DGggXXdu.js
2026/09/24 10:13:48 [ts-extractor] skipping minified/bundled file apps/mobile/storybook-static/assets/ProtectSurface-CtgJS1RL.js
2026/09/24 10:13:48 [ts-extractor] skipping minified/bundled file apps/mobile/storybook-static/assets/TabBar-vMBrgBKe.js
2026/09/24 10:13:48 [ts-extractor] skipping minified/bundled file apps/mobile/storybook-static/assets/figma-components.stories-LvwegD9L.js
2026/09/24 10:13:48 [ts-extractor] skipping minified/bundled file apps/mobile/storybook-static/assets/legalLinks-CB7C40_C.js
2026/09/24 10:13:48 [ts-extractor] skipping minified/bundled file apps/mobile/storybook-static/assets/onboardingDataSlotSource-qPx6fUNU.js
2026/09/24 10:13:48 [ts-extractor] skipping minified/bundled file apps/mobile/storybook-static/assets/getStartedDataSlotSource-Rr5d3rz_.js
2026/09/24 10:13:48 [ts-extractor] skipping minified/bundled file apps/mobile/storybook-static/assets/Toast-DoOWktSp.js
2026/09/24 10:13:48 [ts-extractor] skipping minified/bundled file apps/mobile/storybook-static/assets/pricingFixtures.generated-CEiD1ca2.js
2026/09/24 10:13:48 [ts-extractor] skipping minified/bundled file apps/mobile/storybook-static/assets/profile.stories-DlPoX8YC.js
2026/09/24 10:13:48 [ts-extractor] skipping minified/bundled file apps/mobile/storybook-static/assets/protect-task.stories-dOTaLEMy.js
2026/09/24 10:13:48 [ts-extractor] skipping minified/bundled file apps/mobile/storybook-static/assets/components-BtTjbzAC.js
2026/09/24 10:13:48 [ts-extractor] skipping minified/bundled file apps/mobile/storybook-static/assets/screenBackgroundMorph-RdKWbQdJ.js
2026/09/24 10:13:48 [ts-extractor] skipping minified/bundled file apps/mobile/storybook-static/assets/generatedFigmaComponents-DmjMpYnh.js
2026/09/24 10:13:48 [ts-extractor] skipping minified/bundled file apps/mobile/storybook-static/assets/react-18-BfUV1oqG.js
2026/09/24 10:13:48 [ts-extractor] skipping minified/bundled file apps/mobile/storybook-static/assets/screenReviewStoryKit-Dt_Rkzsv.js
2026/09/24 10:13:48 [ts-extractor] skipping minified/bundled file apps/mobile/storybook-static/assets/syntaxhighlighter-W7WJGI2T-BKWqXrBS.js
2026/09/24 10:13:48 [ts-extractor] skipping minified/bundled file apps/mobile/storybook-static/assets/onyxStoryMetadata-Bq_5Th--.js
2026/09/24 10:13:48 [ts-extractor] skipping minified/bundled file apps/mobile/storybook-static/assets/theming-BRkukHDK.js
2026/09/24 10:13:48 [ts-extractor] skipping minified/bundled file apps/mobile/storybook-static/sb-addons/docs-1/manager-bundle.js
2026/09/24 10:13:48 [ts-extractor] skipping minified/bundled file apps/mobile/storybook-static/assets/train.stories-Dz3ntN8J.js
2026/09/24 10:13:48 [ts-extractor] skipping minified/bundled file apps/mobile/storybook-static/vite-inject-mocker-entry.js
2026/09/24 10:13:48 [ts-extractor] skipping minified/bundled file apps/mobile/storybook-static/assets/screenStructureStoryKit-ComKfaDB.js
2026/09/24 10:13:48 [ts-extractor] skipping minified/bundled file apps/mobile/storybook-static/assets/figmaScreenStructures.generated-JjgbhcQt.js
2026/09/24 10:13:48 [ts-extractor] skipping minified/bundled file apps/mobile/storybook-static/assets/ScreenBackgroundBlur-DBMfPfhN.js
2026/09/24 10:13:48 [ts-extractor] skipping minified/bundled file apps/mobile/storybook-static/sb-addons/storybook-core-server-presets-0/common-manager-bundle.js
2026/09/24 10:13:48 [ts-extractor] skipping minified/bundled file apps/mobile/storybook-static/assets/iframe-D-RxKruK.js
2026/09/24 10:13:48 [ts-extractor] skipping minified/bundled file scripts/deploy/t013-pulumi-role-handoff.mjs
2026/09/24 10:13:48 [ts-extractor] skipping minified/bundled file apps/mobile/storybook-static/sb-manager/runtime.js
2026/09/24 10:13:48 [ts-extractor] skipping minified/bundled file apps/mobile/storybook-static/sb-manager/globals-runtime.js
[graph-profile] ts_mapfiles_aggregate              0.286s  total= 0.390s  trace=ts  parsed=10 facts=58910 routers=0 scans=117 derived=7
[graph-profile] ts_compose_modules                 0.002s  total= 0.393s  trace=ts  facts=59347 records=4087 unread=0
[graph-profile] ts_frozen_preview                  0.788s  total= 0.943s  trace=session  dirty=11 err=false
[graph-profile] invalidation_plan                  0.284s  total= 1.227s  trace=session  reason=frozen scope: prior file-to-file dependency closure whole=false extra=0
[graph-profile] revalidate_before_begin            0.002s  n=70 superseded=false
[graph-profile] begin_publish                      0.043s  total= 1.270s  trace=session  scope=11
[graph-profile] ts_dirty_scope                     0.218s  total= 1.488s  trace=session  dirty=11 scope=11 force=false
[graph-profile] ts_extract_session                 0.000s  total= 1.488s  trace=session  parsed=11 cached=4024 facts=59347 records=4087
[graph-profile] assemble_new_files                 0.276s  total= 1.765s  trace=session  new=4087 ts_noop=false non_ts_need=false skip=false facts=59347
[graph-profile] index_group_owners                 0.162s  total= 1.927s  trace=session  facts=58910 owners=4035
[graph-profile] publish_scope                      0.000s  total= 1.927s  trace=session  scope=11
[graph-profile] encode_append_owners               0.004s  total= 1.932s  trace=session  published=11
[graph-profile] publish_resolved                   0.045s  total= 1.977s  trace=session  owners=11
[graph-profile] revalidate_ts_records              0.001s  total= 1.978s  trace=session  n=11
[graph-profile] state_json_marshal                 0.185s  bytes=55504210 files=4087
[graph-profile] state_fingerprint                  0.024s  write bytes=55504210
[graph-profile] write_pending_state                0.242s  total= 2.219s  trace=session
[graph-profile] end_flush_ack                      0.032s  total= 2.251s  trace=session
[graph-profile] promote_compact_state              0.062s  total= 2.313s  trace=session  parsed=11 published=11
enola graph: context canceled
